================================================================================
TESTING: Florida Counties CP03 Query (Previously Failing)
================================================================================

Query: Give me a complete CP03 comparison profile for all Florida counties
Intent: {'is_census': True, 'topic': 'economic', 'geography': 'county'}

Executing agent...



[1m> Entering new AgentExecutor chain...[0m
[32;1m[1;3mThought: To provide a complete CP03 comparison profile for all Florida counties, I need to (1) resolve the state code for Florida, (2) validate that CP03 supports county-level data, and (3) run a census_api_call for group(CP03) for all counties in Florida.
Action: resolve_area_name
Action Input: {"name": "Florida", "geography_type": "state"}[0m[36;1m[1;3m{"code": "12", "geo_id": "0400000US12", "full_name": "Florida", "confidence": 1.0, "match_type": "Exact match"}[0m[32;1m[1;3mAction: validate_table_geography
Action Input: {"table_code": "CP03", "geography_level": "county", "dataset": "acs/acs5/cprofile"}[0m[33;1m[1;3m{"table_code": "CP03", "geography_level": "county", "dataset": "acs/acs5/cprofile", "supported": true, "available_geographies": ["nation", "state", "county", "place", "tract", "block group"], "note": "Stub validation - assumes common tables support common geographies"}[0m[32;1m[1;3mAction: census_api_call
Action Input: {"year": 2023, "dataset": "acs/acs5/cprofile", "variables": ["group(CP03)"], "geo_for": {"county": "*"}, "geo_in": {"state": "12"}}[0m[38;5;200m[1;3m{"success": true, "row_count": 4, "data": {"success": true, "data": [["CP03_2018_001E", "CP03_2018_001EA", "CP03_2023to2018_001SS", "CP03_2018_002E", "CP03_2018_002EA", "CP03_2023to2018_002SS", "CP03_2018_003E", "CP03_2018_003EA", "CP03_2023to2018_003SS", "CP03_2018_004E", "CP03_2018_004EA", "CP03_2023to2018_004SS", "CP03_2018_005E", "CP03_2018_005EA", "CP03_2023to2018_005SS", "CP03_2018_006E", "CP03_2018_006EA", "CP03_2023to2018_006SS", "CP03_2018_007E", "CP03_2018_007EA", "CP03_2023to2018_007SS", "CP03_2018_008E", "CP03_2018_008EA", "CP03_2023to2018_008SS", "CP03_2018_009E", "CP03_2018_009EA", "CP03_2023to2018_009SS", "CP03_2018_010E", "CP03_2018_010EA", "CP03_2023to2018_010SS", "CP03_2018_011E", "CP03_2018_011EA", "CP03_2023to2018_011SS", "CP03_2018_012E", "CP03_2018_012EA", "CP03_2023to2018_012SS", "CP03_2018_013E", "CP03_2018_013EA", "CP03_2023to2018_013SS", "CP03_2018_014E", "CP03_2018_014EA", "CP03_2023to2018_014SS", "CP03_2018_015E", "CP03_2018_015EA", "CP03_2023to2018_015SS", "CP03_2018_016E", "CP03_2018_016EA", "CP03_2023to2018_016SS", "CP03_2018_017E", "CP03_2018_017EA", "CP03_2023to2018_017SS", "CP03_2018_018E", "CP03_2018_018EA", "CP03_2023to2018_018SS", "CP03_2018_019E", "CP03_2018_019EA", "CP03_2023to2018_019SS", "CP03_2018_020E", "CP03_2018_020EA", "CP03_2023to2018_020SS", "CP03_2018_021E", "CP03_2018_021EA", "CP03_2023to2018_021SS", "CP03_2018_022E", "CP03_2018_022EA", "CP03_2023to2018_022SS", "CP03_2018_023E", "CP03_2018_023EA", "CP03_2023to2018_023SS", "CP03_2018_024E", "CP03_2018_024EA", "CP03_2023to2018_024SS", "CP03_2018_025E", "CP03_2018_025EA", "CP03_2023to2018_025SS", "CP03_2018_026E", "CP03_2018_026EA", "CP03_2023to2018_026SS", "CP03_2018_027E", "CP03_2018_027EA", "CP03_2023to2018_027SS", "CP03_2018_028E", "CP03_2018_028EA", "CP03_2023to2018_028SS", "CP03_2018_029E", "CP03_2018_029EA", "CP03_2023to2018_029SS", "CP03_2018_030E", "CP03_2018_030EA", "CP03_2023to2018_030SS", "CP03_2018_031E", "CP03_2018_031EA", "CP03_2023to2018_031SS", "CP03_2018_032E", "CP03_2018_032EA", "CP03_2023to2018_032SS", "CP03_2018_033E", "CP03_2018_033EA", "CP03_2023to2018_033SS", "CP03_2018_034E", "CP03_2018_034EA", "CP03_2023to2018_034SS", "CP03_2018_035E", "CP03_2018_035EA", "CP03_2023to2018_035SS", "CP03_2018_036E", "CP03_2018_036EA", "CP03_2023to2018_036SS", "CP03_2018_037E", "CP03_2018_037EA", "CP03_2023to2018_037SS", "CP03_2018_038E", "CP03_2018_038EA", "CP03_2023to2018_038SS", "CP03_2018_039E", "CP03_2018_039EA", "CP03_2023to2018_039SS", "CP03_2018_040E", "CP03_2018_040EA", "CP03_2023to2018_040SS", "CP03_2018_041E", "CP03_2018_041EA", "CP03_2023to2018_041SS", "CP03_2018_042E", "CP03_2018_042EA", "CP03_2023to2018_042SS", "CP03_2018_043E", "CP03_2018_043EA", "CP03_2023to2018_043SS", "CP03_2018_044E", "CP03_2018_044EA", "CP03_2023to2018_044SS", "CP03_2018_045E", "CP03_2018_045EA", "CP03_2023to2018_045SS", "CP03_2018_046E", "CP03_2018_046EA", "CP03_2023to2018_046SS", "CP03_2018_047E", "CP03_2018_047EA", "CP03_2023to2018_047SS", "CP03_2018_048E", "CP03_2018_048EA", "CP03_2023to2018_048SS", "CP03_2018_049E", "CP03_2018_049EA", "CP03_2023to2018_049SS", "CP03_2018_050E", "CP03_2018_050EA", "CP03_2023to2018_050SS", "CP03_2018_051E", "CP03_2018_051EA", "CP03_2023to2018_051SS", "CP03_2018_052E", "CP03_2018_052EA", "CP03_2023to2018_052SS", "CP03_2018_053E", "CP03_2018_053EA", "CP03_2023to2018_053SS", "CP03_2018_054E", "CP03_2018_054EA", "CP03_2023to2018_054SS", "CP03_2018_055E", "CP03_2018_055EA", "CP03_2023to2018_055SS", "CP03_2018_056E", "CP03_2018_056EA", "CP03_2023to2018_056SS", "CP03_2018_057E", "CP03_2018_057EA", "CP03_2023to2018_057SS", "CP03_2018_058E", "CP03_2018_058EA", "CP03_2023to2018_058SS", "CP03_2018_059E", "CP03_2018_059EA", "CP03_2023to2018_059SS", "CP03_2018_060E", "CP03_2018_060EA", "CP03_2023to2018_060SS", "CP03_2018_061E", "CP03_2018_061EA", "CP03_2023to2018_061SS", "CP03_2018_062E", "CP03_2018_062EA", "CP03_2023to2018_062SS", "CP03_2018_063E", "CP03_2018_063EA", "CP03_2023to2018_063SS", "CP03_2018_064E", "CP03_2018_064EA", "CP03_2023to2018_064SS", "CP03_2018_065E", "CP03_2018_065EA", "CP03_2023to2018_065SS", "CP03_2018_066E", "CP03_2018_066EA", "CP03_2023to2018_066SS", "CP03_2018_067E", "CP03_2018_067EA", "CP03_2023to2018_067SS", "CP03_2018_068E", "CP03_2018_068EA", "CP03_2023to2018_068SS", "CP03_2018_069E", "CP03_2018_069EA", "CP03_2023to2018_069SS", "CP03_2018_070E", "CP03_2018_070EA", "CP03_2023to2018_070SS", "CP03_2018_071E", "CP03_2018_071EA", "CP03_2023to2018_071SS", "CP03_2018_072E", "CP03_2018_072EA", "CP03_2023to2018_072SS", "CP03_2018_073E", "CP03_2018_073EA", "CP03_2023to2018_073SS", "CP03_2018_074E", "CP03_2018_074EA", "CP03_2023to2018_074SS", "CP03_2018_075E", "CP03_2018_075EA", "CP03_2023to2018_075SS", "CP03_2018_076E", "CP03_2018_076EA", "CP03_2023to2018_076SS", "CP03_2018_077E", "CP03_2018_077EA", "CP03_2023to2018_077SS", "CP03_2018_078E", "CP03_2018_078EA", "CP03_2023to2018_078SS", "CP03_2018_079E", "CP03_2018_079EA", "CP03_2023to2018_079SS", "CP03_2018_080E", "CP03_2018_080EA", "CP03_2023to2018_080SS", "CP03_2018_081E", "CP03_2018_081EA", "CP03_2023to2018_081SS", "CP03_2018_082E", "CP03_2018_082EA", "CP03_2023to2018_082SS", "CP03_2018_083E", "CP03_2018_083EA", "CP03_2023to2018_083SS", "CP03_2018_084E", "CP03_2018_084EA", "CP03_2023to2018_084SS", "CP03_2018_085E", "CP03_2018_085EA", "CP03_2023to2018_085SS", "CP03_2018_086E", "CP03_2018_086EA", "CP03_2023to2018_086SS", "CP03_2018_087E", "CP03_2018_087EA", "CP03_2023to2018_087SS", "CP03_2018_088E", "CP03_2018_088EA", "CP03_2023to2018_088SS", "CP03_2018_089E", "CP03_2018_089EA", "CP03_2023to2018_089SS", "CP03_2018_090E", "CP03_2018_090EA", "CP03_2023to2018_090SS", "CP03_2018_091E", "CP03_2018_091EA", "CP03_2023to2018_091SS", "CP03_2018_092E", "CP03_2018_092EA", "CP03_2023to2018_092SS", "CP03_2018_093E", "CP03_2018_093EA", "CP03_2023to2018_093SS", "CP03_2018_094E", "CP03_2018_094EA", "CP03_2023to2018_094SS", "CP03_2018_095E", "CP03_2018_095EA", "CP03_2023to2018_095SS", "CP03_2018_096E", "CP03_2018_096EA", "CP03_2023to2018_096SS", "CP03_2018_097E", "CP03_2018_097EA", "CP03_2023to2018_097SS", "CP03_2018_098E", "CP03_2018_098EA", "CP03_2023to2018_098SS", "CP03_2018_099E", "CP03_2018_099EA", "CP03_2023to2018_099SS", "CP03_2018_100E", "CP03_2018_100EA", "CP03_2023to2018_100SS", "CP03_2018_101E", "CP03_2018_101EA", "CP03_2023to2018_101SS", "CP03_2018_102E", "CP03_2018_102EA", "CP03_2023to2018_102SS", "CP03_2018_103E", "CP03_2018_103EA", "CP03_2023to2018_103SS", "CP03_2018_104E", "CP03_2018_104EA", "CP03_2023to2018_104SS", "CP03_2018_105E", "CP03_2018_105EA", "CP03_2023to2018_105SS", "CP03_2018_106E", "CP03_2018_106EA", "CP03_2023to2018_106SS", "CP03_2018_107E", "CP03_2018_107EA", "CP03_2023to2018_107SS", "CP03_2018_108E", "CP03_2018_108EA", "CP03_2023to2018_108SS", "CP03_2018_109E", "CP03_2018_109EA", "CP03_2023to2018_109SS", "CP03_2018_110E", "CP03_2018_110EA", "CP03_2023to2018_110SS", "CP03_2018_111E", "CP03_2018_111EA", "CP03_2023to2018_111SS", "CP03_2018_112E", "CP03_2018_112EA", "CP03_2023to2018_112SS", "CP03_2018_113E", "CP03_2018_113EA", "CP03_2023to2018_113SS", "CP03_2018_114E", "CP03_2018_114EA", "CP03_2023to2018_114SS", "CP03_2018_115E", "CP03_2018_115EA", "CP03_2023to2018_115SS", "CP03_2018_116E", "CP03_2018_116EA", "CP03_2023to2018_116SS", "CP03_2018_117E", "CP03_2018_117EA", "CP03_2023to2018_117SS", "CP03_2018_118E", "CP03_2018_118EA", "CP03_2023to2018_118SS", "CP03_2018_119E", "CP03_2018_119EA", "CP03_2023to2018_119SS", "CP03_2018_120E", "CP03_2018_120EA", "CP03_2023to2018_120SS", "CP03_2018_121E", "CP03_2018_121EA", "CP03_2023to2018_121SS", "CP03_2018_122E", "CP03_2018_122EA", "CP03_2023to2018_122SS", "CP03_2018_123E", "CP03_2018_123EA", "CP03_2023to2018_123SS", "CP03_2018_124E", "CP03_2018_124EA", "CP03_2023to2018_124SS", "CP03_2018_125E", "CP03_2018_125EA", "CP03_2023to2018_125SS", "CP03_2018_126E", "CP03_2018_126EA", "CP03_2023to2018_126SS", "CP03_2018_127E", "CP03_2018_127EA", "CP03_2023to2018_127SS", "CP03_2018_128E", "CP03_2018_128EA", "CP03_2023to2018_128SS", "CP03_2018_129E", "CP03_2018_129EA", "CP03_2023to2018_129SS", "CP03_2018_130E", "CP03_2018_130EA", "CP03_2023to2018_130SS", "CP03_2018_131E", "CP03_2018_131EA", "CP03_2023to2018_131SS", "CP03_2018_132E", "CP03_2018_132EA", "CP03_2023to2018_132SS", "CP03_2018_133E", "CP03_2018_133EA", "CP03_2023to2018_133SS", "CP03_2018_134E", "CP03_2018_134EA", "CP03_2023to2018_134SS", "CP03_2018_135E", "CP03_2018_135EA", "CP03_2023to2018_135SS", "CP03_2018_136E", "CP03_2018_136EA", "CP03_2023to2018_136SS", "CP03_2018_137E", "CP03_2018_137EA", "CP03_2023to2018_137SS", "CP03_2023_001E", "CP03_2023_001EA", "CP03_2023_002E", "CP03_2023_002EA", "CP03_2023_003E", "CP03_2023_003EA", "CP03_2023_004E", "CP03_2023_004EA", "CP03_2023_005E", "CP03_2023_005EA", "CP03_2023_006E", "CP03_2023_006EA", "CP03_2023_007E", "CP03_2023_007EA", "CP03_2023_008E", "CP03_2023_008EA", "CP03_2023_009E", "CP03_2023_009EA", "CP03_2023_010E", "CP03_2023_010EA", "CP03_2023_011E", "CP03_2023_011EA", "CP03_2023_012E", "CP03_2023_012EA", "CP03_2023_013E", "CP03_2023_013EA", "CP03_2023_014E", "CP03_2023_014EA", "CP03_2023_015E", "CP03_2023_015EA", "CP03_2023_016E", "CP03_2023_016EA", "CP03_2023_017E", "CP03_2023_017EA", "CP03_2023_018E", "CP03_2023_018EA", "CP03_2023_019E", "CP03_2023_019EA", "CP03_2023_020E", "CP03_2023_020EA", "CP03_2023_021E", "CP03_2023_021EA", "CP03_2023_022E", "CP03_2023_022EA", "CP03_2023_023E", "CP03_2023_023EA", "CP03_2023_024E", "CP03_2023_024EA", "CP03_2023_025E", "CP03_2023_025EA", "CP03_2023_026E", "CP03_2023_026EA", "CP03_2023_027E", "CP03_2023_027EA", "CP03_2023_028E", "CP03_2023_028EA", "CP03_2023_029E", "CP03_2023_029EA", "CP03_2023_030E", "CP03_2023_030EA", "CP03_2023_031E", "CP03_2023_031EA", "CP03_2023_032E", "CP03_2023_032EA", "CP03_2023_033E", "CP03_2023_033EA", "CP03_2023_034E", "CP03_2023_034EA", "CP03_2023_035E", "CP03_2023_035EA", "CP03_2023_036E", "CP03_2023_036EA", "CP03_2023_037E", "CP03_2023_037EA", "CP03_2023_038E", "CP03_2023_038EA", "CP03_2023_039E", "CP03_2023_039EA", "CP03_2023_040E", "CP03_2023_040EA", "CP03_2023_041E", "CP03_2023_041EA", "CP03_2023_042E", "CP03_2023_042EA", "CP03_2023_043E", "CP03_2023_043EA", "CP03_2023_044E", "CP03_2023_044EA", "CP03_2023_045E", "CP03_2023_045EA", "CP03_2023_046E", "CP03_2023_046EA", "CP03_2023_047E", "CP03_2023_047EA", "CP03_2023_048E", "CP03_2023_048EA", "CP03_2023_049E", "CP03_2023_049EA", "CP03_2023_050E", "CP03_2023_050EA", "CP03_2023_051E", "CP03_2023_051EA", "CP03_2023_052E", "CP03_2023_052EA", "CP03_2023_053E", "CP03_2023_053EA", "CP03_2023_054E", "CP03_2023_054EA", "CP03_2023_055E", "CP03_2023_055EA", "CP03_2023_056E", "CP03_2023_056EA", "CP03_2023_057E", "CP03_2023_057EA", "CP03_2023_058E", "CP03_2023_058EA", "CP03_2023_059E", "CP03_2023_059EA", "CP03_2023_060E", "CP03_2023_060EA", "CP03_2023_061E", "CP03_2023_061EA", "CP03_2023_062E", "CP03_2023_062EA", "CP03_2023_063E", "CP03_2023_063EA", "CP03_2023_064E", "CP03_2023_064EA", "CP03_2023_065E", "CP03_2023_065EA", "CP03_2023_066E", "CP03_2023_066EA", "CP03_2023_067E", "CP03_2023_067EA", "CP03_2023_068E", "CP03_2023_068EA", "CP03_2023_069E", "CP03_2023_069EA", "CP03_2023_070E", "CP03_2023_070EA", "CP03_2023_071E", "CP03_2023_071EA", "CP03_2023_072E", "CP03_2023_072EA", "CP03_2023_073E", "CP03_2023_073EA", "CP03_2023_074E", "CP03_2023_074EA", "CP03_2023_075E", "CP03_2023_075EA", "CP03_2023_076E", "CP03_2023_076EA", "CP03_2023_077E", "CP03_2023_077EA", "CP03_2023_078E", "CP03_2023_078EA", "CP03_2023_079E", "CP03_2023_079EA", "CP03_2023_080E", "CP03_2023_080EA", "CP03_2023_081E", "CP03_2023_081EA", "CP03_2023_082E", "CP03_2023_082EA", "CP03_2023_083E", "CP03_2023_083EA", "CP03_2023_084E", "CP03_2023_084EA", "CP03_2023_085E", "CP03_2023_085EA", "CP03_2023_086E", "CP03_2023_086EA", "CP03_2023_087E", "CP03_2023_087EA", "CP03_2023_088E", "CP03_2023_088EA", "CP03_2023_089E", "CP03_2023_089EA", "CP03_2023_090E", "CP03_2023_090EA", "CP03_2023_091E", "CP03_2023_091EA", "CP03_2023_092E", "CP03_2023_092EA", "CP03_2023_093E", "CP03_2023_093EA", "CP03_2023_094E", "CP03_2023_094EA", "CP03_2023_095E", "CP03_2023_095EA", "CP03_2023_096E", "CP03_2023_096EA", "CP03_2023_097E", "CP03_2023_097EA", "CP03_2023_098E", "CP03_2023_098EA", "CP03_2023_099E", "CP03_2023_099EA", "CP03_2023_100E", "CP03_2023_100EA", "CP03_2023_101E", "CP03_2023_101EA", "CP03_2023_102E", "CP03_2023_102EA", "CP03_2023_103E", "CP03_2023_103EA", "CP03_2023_104E", "CP03_2023_104EA", "CP03_2023_105E", "CP03_2023_105EA", "CP03_2023_106E", "CP03_2023_106EA", "CP03_2023_107E", "CP03_2023_107EA", "CP03_2023_108E", "CP03_2023_108EA", "CP03_2023_109E", "CP03_2023_109EA", "CP03_2023_110E", "CP03_2023_110EA", "CP03_2023_111E", "CP03_2023_111EA", "CP03_2023_112E", "CP03_2023_112EA", "CP03_2023_113E", "CP03_2023_113EA", "CP03_2023_114E", "CP03_2023_114EA", "CP03_2023_115E", "CP03_2023_115EA", "CP03_2023_116E", "CP03_2023_116EA", "CP03_2023_117E", "CP03_2023_117EA", "CP03_2023_118E", "CP03_2023_118EA", "CP03_2023_119E", "CP03_2023_119EA", "CP03_2023_120E", "CP03_2023_120EA", "CP03_2023_121E", "CP03_2023_121EA", "CP03_2023_122E", "CP03_2023_122EA", "CP03_2023_123E", "CP03_2023_123EA", "CP03_2023_124E", "CP03_2023_124EA", "CP03_2023_125E", "CP03_2023_125EA", "CP03_2023_126E", "CP03_2023_126EA", "CP03_2023_127E", "CP03_2023_127EA", "CP03_2023_128E", "CP03_2023_128EA", "CP03_2023_129E", "CP03_2023_129EA", "CP03_2023_130E", "CP03_2023_130EA", "CP03_2023_131E", "CP03_2023_131EA", "CP03_2023_132E", "CP03_2023_132EA", "CP03_2023_133E", "CP03_2023_133EA", "CP03_2023_134E", "CP03_2023_134EA", "CP03_2023_135E", "CP03_2023_135EA", "CP03_2023_136E", "CP03_2023_136EA", "CP03_2023_137E", "CP03_2023_137EA", "GEO_ID", "NAME", "state", "county"], ["220874", null, "*", "59.7", null, null, "59.7", null, null, "56.0", null, null, "3.6", null, "*", "0.1", null, null, "40.3", null, null, "131825", null, "*", "6.1", null, "*", "115154", null, "*", "57.0", null, null, "57.0", null, null, "53.9", null, null, "16293", null, null, "65.8", null, null, "28753", null, "*", "74.8", null, null, "121455", null, "*", "75.1", null, "*", "9.4", null, null, "3.9", null, "*", "2.9", null, null, "4.0", null, null, "4.6", null, "*", "22.0", null, null, "123777", null, "*", "46.9", null, "*", "19.9", null, "*", "21.0", null, null, "5.2", null, null, "6.9", null, null, "123777", null, "*", "1.0", null, null, "3.6", null, null, "3.5", null, null, "1.3", null, null, "10.7", null, null, "3.3", null, null, "1.6", null, null, "5.3", null, null, "10.1", null, "*", "38.8", null, null, "11.6", null, null, "5.0", null, null, "4.1", null, "*", "123777", null, "*", "70.5", null, "*", "25.1", null, "*", "4.3", null, null, "0.1", null, null, "97048", null, "*", "9.9", null, "*", "5.1", null, null, "8.5", null, null, "9.5", null, null, "10.9", null, "*", "15.8", null, null, "11.9", null, null, "13.5", null, null, "6.6", null, "*", "8.2", null, null, "59742", null, null, "85586", null, "*", "77.1", null, null, "87286", null, null, "25.6", null, "*", "23533", null, null, "16.7", null, "*", "34624", null, null, "3.8", null, null, "11744", null, "*", "1.6", null, "*", "3226", null, null, "10.3", null, "*", "50396", null, "*", "3.3", null, null, "2.7", null, "*", "4.7", null, null, "6.8", null, "*", "9.7", null, null, "14.9", null, null, "14.4", null, "*", "19.2", null, null, "10.5", null, null, "13.8", null, null, "87807", null, "*", "116118", null, "*", "33957", null, "*", "46652", null, "*", "33727", null, "*", "51118", null, null, "32208", null, "*", "56012", null, null, "48212", null, null, "260562", null, "*", "90.8", null, "*", "74.3", null, null, "26.8", null, null, "9.2", null, "*", "54978", null, "*", "4.3", null, null, "171506", null, "*", "123288", null, "*", "115936", null, "*", "88.7", null, "*", "84.5", null, null, "6.5", null, null, "11.3", null, "*", "7352", null, "*", "65.4", null, "*", "48.7", null, "*", "17.6", null, null, "34.6", null, "*", "48218", null, null, "88.7", null, null, "70.2", null, null, "24.0", null, null, "11.3", null, null, "10.6", null, "*", "16.2", null, "*", "16.6", null, "*", "4.5", null, null, "5.6", null, null, "6.4", null, "*", "29.7", null, "*", "39.7", null, "*", "43.6", null, null, "21.8", null, "*", "20.5", null, "*", "20.1", null, "*", "22.7", null, "*", "18.9", null, "*", "22.1", null, "*", "24.7", null, "*", "9.1", null, null, "12.4", null, "*", "41.8", null, "*", "236346", null, "59.9", null, "59.8", null, "57.2", null, "2.6", null, "0.0", null, "40.1", null, "141387", null, "4.3", null, "123760", null, "56.9", null, "56.9", null, "54.5", null, "15668", null, "70.5", null, "31655", null, "73.7", null, "132334", null, "69.9", null, "8.4", null, "2.9", null, "3.2", null, "3.6", null, "12.1", null, "21.5", null, "135264", null, "49.6", null, "16.6", null, "21.3", null, "5.0", null, "7.5", null, "135264", null, "1.1", null, "4.2", null, "4.2", null, "1.6", null, "9.6", null, "2.9", null, "1.2", null, "5.2", null, "11.1", null, "38.6", null, "10.8", null, "4.3", null, "5.0", null, "135264", null, "67.6", null, "27.6", null, "4.7", null, "0.1", null, "112776", null, "8.8", null, "4.9", null, "7.8", null, "8.9", null, "12.8", null, "15.5", null, "10.8", null, "13.9", null, "7.7", null, "9.0", null, "59659", null, "92218", null, "77.7", null, "91042", null, "28.2", null, "23600", null, "22.1", null, "34500", null, "3.9", null, "10251", null, "2.2", null, "3080", null, "8.8", null, "57363", null, "3.4", null, "1.9", null, "4.0", null, "5.4", null, "10.4", null, "15.9", null, "12.2", null, "20.7", null, "11.2", null, "15.0", null, "94435", null, "126669", null, "37981", null, "55413", null, "36551", null, "54353", null, "34940", null, "58121", null, "48920", null, "279201", null, "92.2", null, "75.7", null, "27.6", null, "7.8", null, "59065", null, "4.4", null, "179306", null, "130672", null, "125253", null, "90.6", null, "85.6", null, "7.5", null, "9.4", null, "5419", null, "76.7", null, "58.6", null, "20.7", null, "23.3", null, "48634", null, "88.4", null, "71.4", null, "22.8", null, "11.6", null, "8.8", null, "12.1", null, "8.3", null, "3.9", null, "4.7", null, "1.7", null, "23.2", null, "30.7", null, "34.2", null, "19.7", null, "15.2", null, "15.1", null, "15.3", null, "15.0", null, "20.7", null, "23.1", null, "10.6", null, "10.1", null, "38.6", null, "0500000US12001", "Alachua County, Florida", "12", "001"], ["21823", null, null, "52.3", null, null, "52.2", null, null, "49.3", null, null, "2.9", null, null, "0.1", null, null, "47.7", null, null, "11390", null, null, "5.5", null, null, "10200", null, null, "54.9", null, null, "54.9", null, null, "52.4", null, null, "1815", null, null, "81.3", null, null, "4099", null, null, "76.9", null, null, "10356", null, "*", "83.6", null, null, "10.1", null, null, "0.0", null, null, "0.1", null, "*", "2.5", null, null, "3.8", null, "*", "30.1", null, null, "10762", null, null, "29.8", null, null, "18.9", null, null, "26.6", null, "*", "9.6", null, null, "15.1", null, null, "10762", null, null, "0.1", null, null, "6.8", null, "*", "5.2", null, null, "2.5", null, null, "13.8", null, null, "9.6", null, null, "0.5", null, null, "5.4", null, null, "10.5", null, "*", "25.3", null, null, "5.9", null, null, "4.3", null, "*", "10.1", null, null, "10762", null, null, "69.9", null, "*", "26.7", null, "*", "3.3", null, null, "0.2", null, null, "8625", null, null, "5.6", null, null, "2.5", null, null, "7.1", null, null, "10.7", null, "*", "9.9", null, null, "14.6", null, "*", "18.6", null, "*", "16.7", null, null, "8.5", null, null, "5.7", null, null, "75191", null, null, "89953", null, null, "73.4", null, null, "90536", null, null, "34.2", null, null, "23506", null, null, "25.8", null, "*", "31586", null, null, "8.2", null, null, "12726", null, null, "2.5", null, "*", "2605", null, "*", "17.8", null, null, "6600", null, null, "4.5", null, null, "1.1", null, null, "4.2", null, null, "9.9", null, "*", "9.4", null, null, "13.5", null, "*", "20.9", null, "*", "18.6", null, "*", "11.3", null, null, "6.6", null, null, "85819", null, null, "100019", null, null, "29299", null, null, "2025", null, null, "32946", null, "*", "50843", null, null, "38635", null, null, "54344", null, null, "43802", null, null, "25164", null, null, "87.5", null, null, "65.5", null, null, "33.8", null, null, "12.5", null, null, "6846", null, null, "11.8", null, null, "14919", null, null, "10766", null, null, "10188", null, null, "89.2", null, null, "85.0", null, null, "9.0", null, null, "10.8", null, null, "578", null, null, "47.1", null, null, "26.8", null, null, "20.2", null, null, "52.9", null, null, "4153", null, "*", "77.8", null, null, "42.5", null, null, "43.9", null, null, "22.2", null, null, "11.1", null, null, "17.2", null, null, "18.2", null, null, "5.3", null, null, "9.3", null, null, "16.7", null, null, "34.6", null, null, "42.5", null, null, "88.9", null, null, "14.6", null, null, "19.3", null, null, "19.0", null, null, "17.2", null, null, "19.5", null, null, "13.0", null, null, "13.9", null, null, "8.7", null, null, "11.9", null, null, "33.8", null, "*", "21993", null, "55.4", null, "54.9", null, "52.5", null, "2.4", null, "0.5", null, "44.6", null, "12076", null, "4.3", null, "10421", null, "58.9", null, "58.9", null, "55.0", null, "2045", null, "77.1", null, "3881", null, "84.2", null, "11425", null, "78.9", null, "8.0", null, "0.0", null, "3.4", null, "1.4", null, "8.4", null, "30.2", null, "11554", null, "33.6", null, "20.1", null, "17.1", null, "11.0", null, "18.2", null, "11554", null, "0.8", null, "11.6", null, "6.6", null, "2.1", null, "10.4", null, "7.6", null, "0.2", null, "8.7", null, "6.8", null, "23.3", null, "5.1", null, "7.4", null, "9.3", null, "11554", null, "75.5", null, "20.1", null, "4.5", null, "0.0", null, "9012", null, "3.1", null, "3.1", null, "7.1", null, "6.3", null, "11.4", null, "21.7", null, "12.7", null, "20.0", null, "7.3", null, "7.2", null, "70833", null, "89095", null, "74.5", null, "89438", null, "35.2", null, "23536", null, "32.3", null, "27755", null, "7.8", null, "10986", null, "0.9", null, "5912", null, "18.3", null, "6686", null, "4.4", null, "1.8", null, "6.1", null, "4.6", null, "7.6", null, "21.2", null, "12.5", null, "26.1", null, "7.4", null, "8.2", null, "84720", null, "97266", null, "29167", null, "2326", null, "49349", null, "58376", null, "39846", null, "52684", null, "43270", null, "25248", null, "89.6", null, "63.9", null, "36.6", null, "10.4", null, "7002", null, "8.7", null, "14441", null, "11168", null, "10661", null, "88.9", null, "79.3", null, "12.5", null, "11.1", null, "507", null, "58.6", null, "39.3", null, "21.9", null, "41.4", null, "3273", null, "81.4", null, "48.5", null, "42.0", null, "18.6", null, "12.5", null, "15.7", null, "27.5", null, "5.7", null, "7.2", null, "20.6", null, "24.6", null, "34.2", null, "100.0", null, "13.1", null, "17.1", null, "17.1", null, "26.1", null, "13.7", null, "11.6", null, "13.5", null, "4.3", null, "11.9", null, "19.5", null, "0500000US12003", "Baker County, Florida", "12", "003"], ["147639", null, null, "60.7", null, "*", "58.5", null, "*", "54.9", null, "*", "3.5", null, "*", "2.2", null, null, "39.3", null, "*", "86317", null, "*", "6.0", null, "*", "74494", null, null, "56.0", null, "*", "55.2", null, "*", "52.2", null, "*", "13034", null, "*", "67.2", null, null, "23704", null, null, "73.0", null, null, "82472", null, "*", "81.4", null, "*", "10.4", null, null, "1.0", null, "*", "1.2", null, null, "2.3", null, "*", "3.7", null, "*", "23.3", null, "*", "81102", null, "*", "32.2", null, "*", "21.6", null, "*", "23.6", null, null, "10.5", null, null, "12.1", null, "*", "81102", null, "*", "1.0", null, null, "7.1", null, "*", "6.3", null, null, "1.6", null, null, "15.0", null, "*", "4.5", null, null, "1.6", null, "*", "6.0", null, "*", "11.2", null, null, "19.4", null, "*", "14.3", null, "*", "4.4", null, "*", "7.8", null, "*", "81102", null, "*", "77.6", null, "*", "16.1", null, "*", "6.2", null, "*", "0.2", null, null, "70199", null, "*", "4.7", null, null, "4.7", null, "*", "8.2", null, "*", "9.2", null, "*", "12.4", null, null, "18.5", null, "*", "13.2", null, null, "16.9", null, null, "6.5", null, null, "5.6", null, "*", "63091", null, "*", "84309", null, "*", "75.1", null, "*", "82464", null, "*", "35.3", null, "*", "21987", null, null, "23.5", null, "*", "31861", null, null, "6.0", null, "*", "12228", null, null, "1.9", null, null, "2839", null, "*", "13.7", null, null, "45243", null, "*", "3.3", null, null, "2.4", null, "*", "5.2", null, null, "7.2", null, "*", "11.3", null, null, "18.0", null, "*", "15.1", null, null, "21.0", null, null, "8.7", null, null, "7.9", null, "*", "78730", null, null, "99594", null, "*", "34105", null, "*", "24956", null, "*", "38894", null, "*", "53328", null, "*", "36321", null, "*", "53198", null, null, "42564", null, null, "177687", null, "*", "85.8", null, null, "63.2", null, null, "38.2", null, null, "14.2", null, null, "41539", null, "*", "8.9", null, null, "106638", null, "*", "79561", null, "*", "74920", null, "*", "81.4", null, null, "75.3", null, null, "10.7", null, null, "18.6", null, null, "4641", null, "*", "52.6", null, null, "32.2", null, null, "24.6", null, null, "47.4", null, null, "27077", null, "*", "80.6", null, null, "46.9", null, "*", "46.0", null, "*", "19.4", null, null, "10.5", null, "*", "17.3", null, "*", "17.4", null, "*", "5.6", null, "*", "8.2", null, "*", "6.7", null, "*", "26.0", null, null, "34.8", null, null, "37.8", null, null, "14.7", null, "*", "20.8", null, "*", "20.7", null, "*", "23.9", null, "*", "19.3", null, null, "13.0", null, "*", "13.9", null, "*", "9.4", null, null, "12.1", null, "*", "25.0", null, null, "147700", null, "62.9", null, "61.1", null, "58.9", null, "2.2", null, "1.8", null, "37.1", null, "90175", null, "3.6", null, "74701", null, "58.0", null, "57.3", null, "55.1", null, "11328", null, "68.2", null, "23817", null, "69.0", null, "87881", null, "76.4", null, "11.6", null, "0.6", null, "1.1", null, "1.5", null, "8.8", null, "24.6", null, "86953", null, "37.6", null, "18.0", null, "23.2", null, "11.0", null, "10.2", null, "86953", null, "0.6", null, "9.5", null, "5.9", null, "2.1", null, "12.7", null, "4.2", null, "1.0", null, "7.4", null, "11.9", null, "17.4", null, "12.7", null, "5.5", null, "9.0", null, "86953", null, "73.9", null, "17.9", null, "8.0", null, "0.2", null, "76118", null, "4.2", null, "3.2", null, "6.7", null, "6.7", null, "12.6", null, "20.7", null, "14.4", null, "16.6", null, "6.9", null, "8.2", null, "70188", null, "92641", null, "77.4", null, "86012", null, "33.6", null, "22338", null, "28.4", null, "32165", null, "4.9", null, "11957", null, "2.5", null, "4179", null, "12.6", null, "49347", null, "2.9", null, "1.6", null, "4.5", null, "5.5", null, "10.2", null, "20.5", null, "15.0", null, "19.9", null, "9.5", null, "10.3", null, "81161", null, "105886", null, "38856", null, "26771", null, "48151", null, "63803", null, "40023", null, "55868", null, "44047", null, "176660", null, "86.2", null, "64.5", null, "37.0", null, "13.8", null, "39554", null, "10.0", null, "104865", null, "82537", null, "79700", null, "81.3", null, "75.4", null, "10.3", null, "18.7", null, "2837", null, "58.3", null, "38.6", null, "25.8", null, "41.7", null, "22328", null, "80.6", null, "51.4", null, "38.8", null, "19.4", null, "8.3", null, "13.7", null, "10.4", null, "4.2", null, "5.0", null, "0.2", null, "23.4", null, "32.7", null, "27.5", null, "11.7", null, "16.2", null, "15.9", null, "14.9", null, "16.2", null, "10.5", null, "10.6", null, "10.2", null, "8.9", null, "22.3", null, "0500000US12005", "Bay County, Florida", "12", "005"], ["22163", null, "*", "44.8", null, "*", "44.7", null, "*", "42.1", null, null, "2.6", null, null, "0.1", null, null, "55.2", null, "*", "9910", null, "*", "5.9", null, null, "9932", null, "*", "47.8", null, "*", "47.8", null, "*", "44.4", null, "*", "1664", null, "*", "60.3", null, "*", "3287", null, "*", "68.2", null, null, "9282", null, "*", "86.0", null, "*", "7.3", null, "*", "0.6", null, null, "1.5", null, null, "1.9", null, null, "2.6", null, "*", "32.8", null, null, "9324", null, "*", "31.1", null, null, "21.8", null, null, "23.6", null, null, "11.2", null, null, "12.3", null, null, "9324", null, "*", "1.5", null, null, "5.7", null, null, "6.3", null, null, "1.4", null, null, "12.7", null, null, "7.3", null, null, "0.9", null, null, "4.2", null, null, "9.3", null, null, "26.7", null, null, "7.7", null, null, "5.1", null, null, "11.3", null, null, "9324", null, "*", "74.9", null, null, "21.4", null, null, "3.3", null, null, "0.5", null, null, "8993", null, null, "5.9", null, null, "8.3", null, null, "11.4", null, "*", "7.5", null, null, "12.1", null, null, "17.0", null, null, "16.4", null, null, "13.7", null, null, "4.7", null, "*", "3.0", null, null, "56234", null, null, "69444", null, null, "66.0", null, null, "75454", null, null, "42.8", null, null, "20475", null, null, "22.0", null, "*", "30577", null, null, "8.5", null, null, "13442", null, null, "1.3", null, "*", "2736", null, null, "19.5", null, null, "5921", null, null, "4.9", null, "*", "4.4", null, null, "7.5", null, null, "5.2", null, null, "13.8", null, null, "20.0", null, "*", "19.8", null, null, "15.4", null, null, "4.9", null, "*", "4.1", null, null, "67213", null, "*", "79460", null, null, "24931", null, null, "3072", null, null, "30584", null, null, "45640", null, null, "37343", null, null, "51576", null, null, "40666", null, null, "23454", null, null, "87.6", null, null, "57.7", null, null, "44.0", null, null, "12.4", null, null, "5723", null, "*", "7.7", null, null, "13197", null, null, "9284", null, null, "8760", null, null, "84.0", null, null, "76.9", null, null, "8.5", null, "*", "16.0", null, null, "524", null, null, "41.6", null, "*", "22.9", null, null, "18.7", null, "*", "58.4", null, "*", "3913", null, null, "80.8", null, null, "33.6", null, null, "53.3", null, null, "19.2", null, null, "15.6", null, null, "28.8", null, "*", "39.8", null, "*", "8.6", null, "*", "13.8", null, "*", "16.5", null, null, "39.8", null, null, "61.3", null, null, "81.5", null, null, "20.3", null, null, "30.7", null, null, "29.6", null, null, "38.2", null, "*", "26.6", null, null, "17.3", null, null, "19.4", null, null, "11.1", null, "*", "17.4", null, null, "32.3", null, null, "22777", null, "49.2", null, "48.9", null, "45.6", null, "3.2", null, "0.3", null, "50.8", null, "11128", null, "6.6", null, "10235", null, "54.3", null, "54.3", null, "51.3", null, "1350", null, "84.2", null, "3892", null, "71.0", null, "10349", null, "73.6", null, "11.1", null, "0.2", null, "1.6", null, "3.0", null, "10.6", null, "31.4", null, "10390", null, "29.9", null, "19.8", null, "24.6", null, "12.2", null, "13.5", null, "10390", null, "1.8", null, "7.8", null, "4.6", null, "3.5", null, "10.5", null, "6.0", null, "1.2", null, "4.5", null, "14.0", null, "26.2", null, "5.7", null, "4.2", null, "10.0", null, "10390", null, "70.6", null, "23.3", null, "5.9", null, "0.1", null, "9104", null, "7.9", null, "8.8", null, "7.3", null, "9.3", null, "12.1", null, "15.4", null, "13.3", null, "15.1", null, "8.2", null, "2.7", null, "59740", null, "73237", null, "69.3", null, "76028", null, "40.6", null, "19263", null, "30.5", null, "28596", null, "9.1", null, "11077", null, "2.8", null, "3130", null, "18.1", null, "5852", null, "1.9", null, "5.4", null, "5.4", null, "7.5", null, "14.3", null, "14.7", null, "18.1", null, "19.2", null, "9.6", null, "3.8", null, "77519", null, "88062", null, "25603", null, "3252", null, "25748", null, "40623", null, "38395", null, "49631", null, "46651", null, "24053", null, "88.7", null, "56.0", null, "47.5", null, "11.3", null, "5980", null, "8.8", null, "13477", null, "10045", null, "9400", null, "84.8", null, "76.5", null, "15.6", null, "15.2", null, "645", null, "88.5", null, "46.8", null, "72.4", null, "11.5", null, "3432", null, "81.3", null, "41.1", null, "53.9", null, "18.7", null, "12.6", null, "18.0", null, "14.3", null, "4.1", null, "2.9", null, "0.3", null, "33.5", null, "50.1", null, "90.6", null, "19.1", null, "25.1", null, "24.5", null, "21.0", null, "25.6", null, "17.3", null, "16.1", null, "20.6", null, "13.7", null, "40.0", null, "0500000US12007", "Bradford County, Florida", "12", "007"], ["483529", null, "*", "54.4", null, "*", "54.1", null, "*", "50.7", null, "*", "3.4", null, "*", "0.3", null, "*", "45.6", null, "*", "261578", null, "*", "6.2", null, "*", "249100", null, "*", "49.7", null, "*", "49.7", null, "*", "47.0", null, "*", "31922", null, null, "65.1", null, null, "69394", null, "*", "69.9", null, "*", "242260", null, "*", "81.3", null, "*", "8.3", null, "*", "0.6", null, null, "1.0", null, null, "2.7", null, "*", "6.2", null, "*", "24.8", null, null, "245287", null, "*", "39.3", null, "*", "18.7", null, "*", "23.2", null, "*", "8.6", null, null, "10.2", null, null, "245287", null, "*", "0.5", null, null, "6.5", null, "*", "10.5", null, "*", "1.7", null, null, "12.6", null, null, "4.5", null, null, "1.6", null, "*", "5.2", null, null, "13.7", null, null, "21.5", null, null, "11.1", null, "*", "5.1", null, null, "5.4", null, null, "245287", null, "*", "81.8", null, null, "12.8", null, null, "5.1", null, null, "0.2", null, "*", "228888", null, "*", "4.3", null, "*", "3.3", null, "*", "8.5", null, "*", "8.9", null, "*", "12.5", null, "*", "18.3", null, "*", "13.5", null, null, "16.2", null, "*", "7.2", null, "*", "7.5", null, "*", "66170", null, "*", "89789", null, "*", "67.4", null, "*", "90235", null, "*", "43.5", null, "*", "24686", null, null, "25.7", null, "*", "35438", null, null, "4.9", null, null, "12869", null, "*", "1.8", null, null, "3030", null, null, "10.7", null, "*", "145729", null, "*", "2.6", null, "*", "1.7", null, null, "5.3", null, "*", "6.6", null, "*", "11.1", null, "*", "18.1", null, "*", "14.8", null, null, "20.2", null, "*", "9.5", null, "*", "10.1", null, "*", "82085", null, "*", "105899", null, "*", "37720", null, "*", "83159", null, "*", "41932", null, "*", "58354", null, "*", "37919", null, "*", "61474", null, null, "47681", null, null, "571935", null, "*", "89.2", null, "*", "67.0", null, null, "39.3", null, null, "10.8", null, "*", "112689", null, "*", "5.8", null, null, "328084", null, "*", "238919", null, "*", "224261", null, "*", "85.3", null, "*", "80.7", null, null, "8.3", null, "*", "14.7", null, "*", "14658", null, "*", "60.9", null, null, "41.4", null, "*", "24.2", null, null, "39.1", null, null, "89165", null, "*", "82.5", null, null, "55.0", null, "*", "38.1", null, null, "17.5", null, null, "8.8", null, "*", "15.6", null, "*", "19.6", null, "*", "4.4", null, null, "6.2", null, null, "7.8", null, null, "24.9", null, "*", "34.0", null, "*", "37.8", null, null, "12.7", null, "*", "18.5", null, "*", "18.2", null, "*", "20.4", null, null, "17.4", null, "*", "11.4", null, "*", "12.7", null, "*", "8.1", null, null, "9.9", null, "*", "23.3", null, "*", "521840", null, "56.7", null, "56.2", null, "53.5", null, "2.7", null, "0.5", null, "43.3", null, "293522", null, "4.8", null, "267044", null, "52.0", null, "51.8", null, "49.2", null, "32062", null, "68.1", null, "74887", null, "72.6", null, "276134", null, "76.1", null, "7.2", null, "0.6", null, "1.0", null, "1.8", null, "13.2", null, "25.4", null, "279335", null, "43.7", null, "17.1", null, "20.7", null, "8.4", null, "10.2", null, "279335", null, "0.4", null, "7.3", null, "12.1", null, "1.7", null, "11.8", null, "4.9", null, "1.3", null, "5.8", null, "14.3", null, "20.8", null, "9.5", null, "4.8", null, "5.4", null, "279335", null, "81.6", null, "12.9", null, "5.4", null, "0.1", null, "251889", null, "3.7", null, "2.8", null, "7.1", null, "7.6", null, "11.2", null, "16.7", null, "14.1", null, "17.8", null, "8.7", null, "10.1", null, "75817", null, "101758", null, "69.9", null, "100669", null, "42.0", null, "24783", null, "34.0", null, "36730", null, "4.5", null, "11500", null, "2.1", null, "3019", null, "9.4", null, "158973", null, "2.2", null, "1.6", null, "3.8", null, "5.1", null, "9.8", null, "15.9", null, "15.7", null, "21.5", null, "11.2", null, "13.3", null, "92294", null, "119677", null, "42738", null, "92916", null, "46775", null, "67088", null, "40908", null, "62663", null, "48517", null, "613812", null, "90.1", null, "67.8", null, "39.7", null, "9.9", null, "119590", null, "6.9", null, "346507", null, "264256", null, "251984", null, "86.5", null, "81.0", null, "10.0", null, "13.5", null, "12272", null, "64.5", null, "48.5", null, "20.3", null, "35.5", null, "82251", null, "83.8", null, "58.2", null, "36.4", null, "16.2", null, "6.8", null, "11.2", null, "12.1", null, "4.5", null, "6.5", null, "5.1", null, "18.0", null, "25.2", null, "34.2", null, "9.9", null, "13.3", null, "12.9", null, "17.0", null, "11.6", null, "9.1", null, "9.7", null, "7.7", null, "7.5", null, "18.7", null, "0500000US12009", "Brevard County, Florida", "12", "009"], ["1548232", null, "*", "65.8", null, "*", "65.7", null, "*", "61.4", null, "*", "4.3", null, "*", "0.1", null, "*", "34.2", null, "*", "1016959", null, "*", "6.6", null, "*", "801723", null, "*", "60.9", null, "*", "60.9", null, "*", "56.8", null, "*", "127403", null, "*", "72.3", null, "*", "262291", null, "*", "76.0", null, "*", "931338", null, "*", "79.9", null, "*", "8.9", null, null, "2.6", null, "*", "1.2", null, null, "2.2", null, "*", "5.0", null, "*", "28.4", null, "*", "949870", null, "*", "35.8", null, "*", "19.9", null, "*", "25.9", null, "*", "8.5", null, null, "9.9", null, null, "949870", null, "*", "0.2", null, null, "6.8", null, "*", "4.6", null, "*", "3.6", null, "*", "13.0", null, "*", "6.1", null, "*", "2.2", null, "*", "7.9", null, null, "14.1", null, "*", "20.6", null, null, "11.2", null, "*", "5.6", null, "*", "4.0", null, null, "949870", null, "*", "83.1", null, null, "10.5", null, null, "6.3", null, null, "0.2", null, "*", "682088", null, "*", "5.0", null, "*", "3.4", null, null, "7.9", null, "*", "8.2", null, "*", "11.6", null, null, "17.3", null, "*", "12.8", null, null, "16.1", null, "*", "7.8", null, "*", "10.1", null, "*", "69791", null, "*", "100066", null, "*", "79.4", null, "*", "102517", null, "*", "30.1", null, null, "22253", null, "*", "13.5", null, "*", "32422", null, null, "4.4", null, null, "11593", null, null, "1.8", null, "*", "3131", null, "*", "13.6", null, "*", "436468", null, "*", "3.4", null, null, "1.8", null, null, "5.3", null, "*", "6.9", null, "*", "10.6", null, null, "17.0", null, "*", "13.5", null, null, "18.9", null, null, "9.6", null, "*", "13.0", null, "*", "83646", null, "*", "115922", null, "*", "38300", null, "*", "245620", null, "*", "45545", null, "*", "67108", null, "*", "38681", null, "*", "56371", null, null, "49082", null, null, "1897256", null, "*", "85.4", null, "*", "62.2", null, "*", "30.7", null, "*", "14.6", null, "*", "432007", null, "*", "8.6", null, null, "1165256", null, "*", "939096", null, "*", "879919", null, "*", "82.7", null, "*", "78.5", null, "*", "6.0", null, "*", "17.3", null, "*", "59177", null, "*", "58.2", null, "*", "40.5", null, "*", "19.2", null, null, "41.8", null, "*", "226160", null, "*", "75.9", null, null, "51.7", null, null, "29.1", null, null, "24.1", null, null, "10.3", null, "*", "14.9", null, "*", "13.5", null, null, "5.9", null, null, "7.2", null, "*", "5.3", null, null, "22.3", null, "*", "30.1", null, "*", "34.5", null, null, "13.5", null, "*", "18.7", null, "*", "18.5", null, "*", "20.6", null, "*", "17.7", null, "*", "12.1", null, "*", "11.9", null, "*", "12.7", null, "*", "11.2", null, "*", "22.9", null, null, "1586626", null, "66.4", null, "66.3", null, "62.6", null, "3.7", null, "0.1", null, "33.6", null, "1052505", null, "5.6", null, "815015", null, "62.0", null, "61.9", null, "58.4", null, "122490", null, "75.7", null, "266096", null, "78.5", null, "974841", null, "71.9", null, "9.2", null, "2.0", null, "1.2", null, "2.5", null, "13.1", null, "29.0", null, "993931", null, "39.4", null, "18.7", null, "23.7", null, "8.2", null, "10.0", null, "993931", null, "0.3", null, "7.2", null, "5.0", null, "3.1", null, "12.3", null, "6.8", null, "2.0", null, "8.0", null, "15.1", null, "20.8", null, "10.3", null, "5.1", null, "4.1", null, "993931", null, "82.8", null, "10.5", null, "6.5", null, "0.2", null, "749372", null, "5.5", null, "3.5", null, "6.8", null, "7.1", null, "11.2", null, "16.3", null, "13.0", null, "16.9", null, "8.6", null, "11.2", null, "74534", null, "105773", null, "80.0", null, "106666", null, "30.3", null, "21409", null, "18.3", null, "34591", null, "4.1", null, "11268", null, "2.1", null, "3705", null, "13.0", null, "478673", null, "3.3", null, "1.8", null, "4.7", null, "5.8", null, "10.4", null, "15.9", null, "13.8", null, "19.3", null, "10.6", null, "14.4", null, "88689", null, "122350", null, "41910", null, "270699", null, "47905", null, "70897", null, "41515", null, "57087", null, "49412", null, "1932643", null, "86.7", null, "63.2", null, "31.3", null, "13.3", null, "428373", null, "8.7", null, "1167986", null, "957088", null, "904952", null, "84.3", null, "80.0", null, "6.5", null, "15.7", null, "52136", null, "62.6", null, "47.3", null, "17.3", null, "37.4", null, "210898", null, "76.8", null, "53.0", null, "28.7", null, "23.2", null, "9.4", null, "13.2", null, "13.4", null, "5.9", null, "6.2", null, "6.7", null, "18.7", null, "27.2", null, "31.5", null, "12.2", null, "15.8", null, "15.4", null, "15.9", null, "15.3", null, "11.3", null, "10.1", null, "15.4", null, "9.7", null, "22.5", null, "0500000US12011", "Broward County, Florida", "12", "011"], ["11692", null, "*", "44.2", null, null, "44.1", null, null, "41.0", null, null, "3.1", null, null, "0.1", null, null, "55.8", null, null, "5156", null, null, "6.9", null, null, "5060", null, "*", "46.0", null, null, "46.0", null, null, "41.6", null, null, "712", null, null, "74.7", null, "*", "1917", null, null, "65.9", null, null, "4630", null, null, "81.3", null, null, "13.7", null, null, "0.0", null, null, "0.9", null, null, "2.5", null, null, "1.5", null, null, "24.7", null, "*", "4799", null, null, "23.7", null, "*", "27.5", null, null, "18.5", null, null, "22.3", null, "*", "8.0", null, null, "4799", null, null, "9.8", null, "*", "10.0", null, null, "5.0", null, null, "1.3", null, null, "12.0", null, null, "6.6", null, null, "1.0", null, null, "3.9", null, "*", "2.7", null, "*", "23.6", null, null, "8.5", null, null, "5.0", null, null, "10.8", null, null, "4799", null, null, "71.4", null, null, "23.7", null, null, "4.9", null, "*", "0.0", null, null, "4556", null, null, "5.9", null, null, "7.0", null, null, "10.9", null, null, "11.9", null, null, "17.6", null, null, "14.9", null, null, "11.9", null, null, "16.3", null, null, "2.5", null, null, "1.1", null, "*", "46998", null, null, "64700", null, null, "62.5", null, null, "71103", null, null, "41.8", null, null, "21496", null, null, "22.7", null, null, "26632", null, null, "7.4", null, null, "13672", null, "*", "3.8", null, "*", "4611", null, "*", "19.4", null, null, "2873", null, null, "1.4", null, "*", "1.7", null, "*", "5.5", null, null, "12.5", null, "*", "19.7", null, "*", "14.6", null, null, "14.4", null, null, "25.0", null, "*", "4.0", null, null, "1.2", null, "*", "63406", null, null, "81371", null, null, "23032", null, null, "1683", null, null, "24937", null, null, "34214", null, null, "35827", null, "*", "42199", null, null, "40435", null, null, "12409", null, "*", "81.7", null, null, "46.1", null, null, "48.1", null, null, "18.3", null, null, "3153", null, "*", "17.5", null, null, "6856", null, null, "4729", null, null, "4458", null, null, "79.0", null, null, "62.9", null, null, "18.4", null, null, "21.0", null, null, "271", null, "*", "32.1", null, null, "11.8", null, null, "22.9", null, null, "67.9", null, null, "2127", null, null, "72.2", null, null, "27.0", null, null, "54.7", null, "*", "27.8", null, null, "6.4", null, "*", "9.1", null, "*", "10.8", null, null, "3.0", null, null, "3.8", null, null, "14.0", null, null, "17.9", null, "*", "20.4", null, "*", "0.0", null, null, "12.2", null, "*", "9.9", null, "*", "9.9", null, "*", "11.5", null, "*", "9.5", null, "*", "13.0", null, "*", "13.1", null, "*", "12.5", null, null, "7.3", null, "*", "36.3", null, null, "11136", null, "43.4", null, "43.4", null, "41.6", null, "1.8", null, "0.0", null, "56.6", null, "4830", null, "4.1", null, "4848", null, "47.5", null, "47.5", null, "45.2", null, "793", null, "53.3", null, "1785", null, "58.3", null, "4618", null, "83.2", null, "10.5", null, "0.0", null, "0.8", null, "1.8", null, "3.8", null, "32.2", null, "4632", null, "33.1", null, "27.7", null, "15.6", null, "11.6", null, "12.0", null, "4632", null, "3.3", null, "10.4", null, "5.5", null, "1.5", null, "11.4", null, "5.7", null, "1.1", null, "1.7", null, "7.6", null, "24.1", null, "10.1", null, "4.0", null, "13.4", null, "4632", null, "65.8", null, "24.5", null, "9.7", null, "0.0", null, "4625", null, "8.3", null, "6.3", null, "13.1", null, "11.2", null, "14.0", null, "16.5", null, "11.8", null, "11.6", null, "3.2", null, "4.0", null, "46901", null, "63582", null, "66.7", null, "64192", null, "46.7", null, "20022", null, "23.4", null, "27129", null, "10.2", null, "8689", null, "1.7", null, "2073", null, "22.5", null, "2943", null, "5.0", null, "4.8", null, "9.3", null, "6.5", null, "12.6", null, "21.7", null, "16.0", null, "14.9", null, "4.3", null, "5.0", null, "63479", null, "77058", null, "22965", null, "1682", null, "25335", null, "35292", null, "29795", null, "39838", null, "38364", null, "11836", null, "81.0", null, "47.3", null, "45.2", null, "19.0", null, "2928", null, "13.5", null, "6762", null, "4340", null, "4264", null, "78.1", null, "65.7", null, "13.9", null, "21.9", null, "76", null, "43.4", null, "13.2", null, "30.3", null, "56.6", null, "2422", null, "64.1", null, "25.5", null, "40.8", null, "35.9", null, "15.9", null, "26.1", null, "23.4", null, "5.1", null, "9.8", null, "23.6", null, "37.7", null, "47.7", null, "84.6", null, "21.2", null, "30.1", null, "29.7", null, "41.8", null, "25.9", null, "18.6", null, "20.9", null, "11.1", null, "19.0", null, "30.8", null, "0500000US12013", "Calhoun County, Florida", "12", "013"], ["157559", null, "*", "41.7", null, null, "41.7", null, null, "38.6", null, "*", "3.0", null, "*", "0.0", null, null, "58.3", null, null, "65669", null, "*", "7.3", null, "*", "81392", null, "*", "40.4", null, null, "40.4", null, null, "37.4", null, null, "6045", null, null, "63.5", null, "*", "14651", null, null, "70.6", null, null, "59324", null, "*", "79.1", null, "*", "8.0", null, null, "0.2", null, null, "1.1", null, null, "2.3", null, null, "9.3", null, "*", "24.9", null, "*", "60875", null, "*", "29.6", null, "*", "21.5", null, null, "27.1", null, "*", "11.9", null, "*", "9.9", null, null, "60875", null, "*", "0.8", null, null, "9.3", null, "*", "4.4", null, null, "1.9", null, "*", "18.1", null, "*", "4.5", null, null, "2.0", null, null, "6.4", null, null, "11.0", null, null, "21.0", null, null, "11.5", null, null, "5.0", null, null, "4.1", null, null, "60875", null, "*", "80.0", null, null, "12.6", null, null, "6.9", null, null, "0.4", null, null, "76150", null, "*", "4.2", null, null, "2.8", null, null, "10.4", null, "*", "9.4", null, null, "14.5", null, "*", "20.6", null, null, "13.3", null, null, "13.6", null, "*", "6.1", null, null, "5.0", null, "*", "59921", null, "*", "81497", null, "*", "52.3", null, null, "74282", null, "*", "61.0", null, "*", "26856", null, null, "35.9", null, "*", "35406", null, null, "4.3", null, null, "14008", null, "*", "1.2", null, "*", "3060", null, null, "8.7", null, "*", "48430", null, "*", "2.8", null, null, "1.4", null, null, "5.4", null, "*", "6.6", null, null, "13.0", null, null, "22.8", null, null, "15.9", null, null, "17.4", null, "*", "8.2", null, null, "6.4", null, "*", "72666", null, "*", "96341", null, "*", "37161", null, "*", "27720", null, "*", "37444", null, null, "53114", null, null, "31709", null, "*", "48877", null, "*", "44119", null, null, "173508", null, "*", "88.7", null, "*", "62.1", null, null, "53.9", null, null, "11.3", null, "*", "23677", null, "*", "9.9", null, "*", "81864", null, "*", "56765", null, "*", "52608", null, "*", "79.2", null, "*", "72.8", null, null, "8.7", null, null, "20.8", null, "*", "4157", null, null, "57.4", null, null, "37.5", null, null, "27.5", null, null, "42.6", null, null, "25099", null, null, "82.8", null, null, "53.3", null, null, "39.1", null, "*", "17.2", null, null, "7.5", null, null, "16.5", null, "*", "20.2", null, null, "5.3", null, null, "9.3", null, null, "14.3", null, null, "21.9", null, "*", "30.8", null, "*", "29.5", null, null, "11.1", null, "*", "18.3", null, "*", "17.8", null, "*", "19.6", null, null, "17.3", null, "*", "10.1", null, null, "12.7", null, "*", "6.8", null, null, "8.7", null, "*", "19.6", null, null, "174984", null, "42.6", null, "42.6", null, "40.2", null, "2.4", null, "0.1", null, "57.4", null, "74508", null, "5.6", null, "89432", null, "40.1", null, "40.1", null, "38.3", null, "6083", null, "75.9", null, "15106", null, "76.1", null, "68396", null, "73.0", null, "7.7", null, "0.2", null, "1.0", null, "2.7", null, "15.3", null, "27.3", null, "70371", null, "33.9", null, "20.2", null, "25.2", null, "9.7", null, "11.0", null, "70371", null, "0.6", null, "10.9", null, "4.7", null, "3.1", null, "14.4", null, "4.5", null, "1.4", null, "6.9", null, "11.8", null, "20.1", null, "11.4", null, "5.3", null, "4.9", null, "70371", null, "80.3", null, "11.1", null, "8.0", null, "0.6", null, "87376", null, "4.6", null, "2.5", null, "8.1", null, "8.9", null, "12.8", null, "19.8", null, "14.0", null, "16.6", null, "6.2", null, "6.6", null, "66154", null, "88575", null, "53.7", null, "85487", null, "59.1", null, "27331", null, "45.9", null, "34380", null, "3.9", null, "12163", null, "2.2", null, "3730", null, "7.3", null, "57718", null, "2.9", null, "1.2", null, "3.7", null, "6.2", null, "11.8", null, "21.4", null, "15.9", null, "20.4", null, "8.1", null, "8.3", null, "79261", null, "102522", null, "40603", null, "29658", null, "38351", null, "57253", null, "36653", null, "58013", null, "45999", null, "191139", null, "90.2", null, "63.7", null, "52.9", null, "9.8", null, "24739", null, "6.4", null, "89021", null, "63516", null, "60026", null, "82.0", null, "75.2", null, "9.0", null, "18.0", null, "3490", null, "67.5", null, "46.6", null, "28.3", null, "32.5", null, "25505", null, "82.0", null, "55.8", null, "34.2", null, "18.0", null, "6.6", null, "12.5", null, "11.6", null, "5.2", null, "7.4", null, "12.4", null, "12.2", null, "19.5", null, "11.7", null, "9.6", null, "12.6", null, "12.3", null, "17.7", null, "10.7", null, "9.1", null, "10.4", null, "7.7", null, "6.8", null, "20.0", null, "0500000US12015", "Charlotte County, Florida", "12", "015"], ["124572", null, "*", "40.2", null, null, "40.2", null, null, "36.7", null, null, "3.4", null, "*", "0.0", null, null, "59.8", null, null, "50063", null, "*", "8.6", null, "*", "64713", null, "*", "37.6", null, null, "37.6", null, null, "34.9", null, null, "6039", null, null, "61.9", null, null, "13639", null, "*", "65.8", null, null, "44564", null, "*", "82.6", null, "*", "8.2", null, null, "0.3", null, null, "0.9", null, null, "2.4", null, null, "5.6", null, "*", "25.5", null, "*", "45771", null, "*", "29.5", null, "*", "22.1", null, "*", "23.8", null, null, "10.9", null, null, "13.6", null, null, "45771", null, "*", "1.5", null, null, "9.6", null, null, "4.0", null, "*", "1.8", null, null, "15.6", null, null, "6.6", null, null, "1.1", null, null, "4.9", null, null, "9.8", null, null, "24.1", null, null, "11.4", null, null, "5.5", null, null, "4.2", null, null, "45771", null, "*", "81.4", null, null, "12.0", null, null, "6.2", null, null, "0.4", null, null, "62762", null, "*", "6.1", null, null, "4.6", null, null, "11.9", null, "*", "11.9", null, "*", "15.3", null, null, "20.4", null, "*", "11.7", null, null, "11.4", null, "*", "3.8", null, "*", "3.1", null, "*", "50425", null, "*", "68369", null, "*", "50.5", null, null, "68867", null, "*", "58.6", null, null, "25320", null, null, "35.5", null, "*", "29039", null, "*", "6.2", null, null, "12686", null, null, "1.6", null, "*", "2561", null, null, "12.9", null, null, "38892", null, "*", "3.5", null, null, "2.4", null, null, "6.5", null, null, "9.3", null, null, "15.2", null, null, "23.5", null, "*", "14.6", null, null, "15.8", null, null, "4.7", null, "*", "4.5", null, "*", "62646", null, "*", "82925", null, "*", "31629", null, "*", "23870", null, null, "30901", null, "*", "42602", null, "*", "31781", null, "*", "47179", null, "*", "39926", null, null, "140931", null, "*", "89.6", null, null, "57.6", null, null, "57.2", null, "*", "10.4", null, null, "22450", null, "*", "6.6", null, null, "67840", null, "*", "44489", null, "*", "40824", null, "*", "81.5", null, null, "71.6", null, null, "13.1", null, null, "18.5", null, null, "3665", null, null, "51.8", null, null, "24.5", null, null, "29.0", null, null, "48.2", null, null, "23351", null, "*", "84.3", null, null, "46.8", null, null, "47.4", null, "*", "15.7", null, null, "11.1", null, null, "24.5", null, null, "18.2", null, null, "6.3", null, null, "13.1", null, null, "5.6", null, "*", "29.9", null, "*", "43.0", null, null, "24.1", null, null, "16.7", null, null, "29.0", null, null, "28.8", null, "*", "31.2", null, null, "27.9", null, null, "14.6", null, null, "18.9", null, "*", "8.6", null, "*", "13.6", null, null, "27.4", null, null, "138141", null, "39.7", null, "39.7", null, "37.0", null, "2.7", null, "0.0", null, "60.3", null, "54846", null, "6.8", null, "71074", null, "36.2", null, "36.2", null, "34.4", null, "5999", null, "58.7", null, "15241", null, "65.7", null, "50070", null, "76.3", null, "8.5", null, "0.2", null, "0.9", null, "2.0", null, "12.1", null, "27.8", null, "51098", null, "34.4", null, "19.0", null, "22.8", null, "12.1", null, "11.7", null, "51098", null, "1.1", null, "9.2", null, "5.3", null, "1.7", null, "15.3", null, "5.7", null, "1.6", null, "5.9", null, "8.9", null, "22.8", null, "11.0", null, "6.6", null, "4.7", null, "51098", null, "81.1", null, "12.1", null, "6.5", null, "0.2", null, "69701", null, "6.2", null, "4.7", null, "10.0", null, "10.3", null, "14.3", null, "18.0", null, "13.0", null, "13.4", null, "5.2", null, "5.0", null, "55355", null, "78901", null, "52.1", null, "81706", null, "58.0", null, "25101", null, "41.2", null, "33436", null, "6.1", null, "12987", null, "2.5", null, "2764", null, "12.1", null, "44698", null, "4.1", null, "2.7", null, "5.6", null, "8.2", null, "13.5", null, "19.9", null, "15.8", null, "17.0", null, "6.8", null, "6.4", null, "69407", null, "93864", null, "35586", null, "25003", null, "33750", null, "49327", null, "34702", null, "51090", null, "42069", null, "156348", null, "88.5", null, "56.9", null, "54.8", null, "11.5", null, "24766", null, "9.1", null, "75233", null, "47504", null, "44315", null, "80.2", null, "72.4", null, "11.7", null, "19.8", null, "3189", null, "54.4", null, "32.5", null, "26.1", null, "45.6", null, "27729", null, "81.0", null, "48.6", null, "42.6", null, "19.0", null, "11.1", null, "22.2", null, "29.2", null, "7.8", null, "13.9", null, "21.2", null, "22.1", null, "35.3", null, "42.7", null, "15.5", null, "23.2", null, "22.7", null, "25.8", null, "21.8", null, "14.2", null, "16.4", null, "11.2", null, "11.9", null, "28.6", null, "0500000US12017", "Citrus County, Florida", "12", "017"], ["164191", null, "*", "62.5", null, null, "61.5", null, null, "56.9", null, "*", "4.6", null, "*", "1.1", null, null, "37.5", null, null, "100946", null, "*", "7.5", null, "*", "84254", null, "*", "57.0", null, null, "56.7", null, null, "51.5", null, "*", "13414", null, null, "61.9", null, null, "32852", null, "*", "70.2", null, null, "93222", null, "*", "83.1", null, "*", "7.4", null, null, "0.1", null, null, "1.2", null, null, "2.0", null, null, "6.2", null, "*", "33.2", null, null, "93396", null, "*", "34.0", null, "*", "18.2", null, "*", "25.0", null, null, "10.5", null, "*", "12.4", null, null, "93396", null, "*", "0.4", null, null, "7.7", null, null, "5.2", null, null, "2.2", null, null, "13.9", null, null, "8.0", null, null, "1.5", null, null, "8.1", null, null, "10.3", null, "*", "22.1", null, null, "9.6", null, "*", "5.3", null, null, "5.6", null, null, "93396", null, "*", "81.3", null, null, "14.4", null, null, "4.3", null, null, "0.1", null, null, "73398", null, "*", "4.1", null, "*", "1.9", null, null, "6.3", null, "*", "7.3", null, null, "11.1", null, null, "18.4", null, null, "15.6", null, null, "18.7", null, "*", "8.8", null, "*", "7.8", null, "*", "76267", null, "*", "96083", null, "*", "78.0", null, null, "93866", null, "*", "33.6", null, null, "23898", null, null, "24.1", null, "*", "34338", null, null, "4.2", null, null, "12646", null, "*", "1.6", null, null, "3227", null, null, "10.7", null, "*", "55688", null, "*", "3.6", null, null, "1.6", null, null, "4.0", null, "*", "5.2", null, null, "9.4", null, null, "17.4", null, null, "17.0", null, "*", "21.6", null, "*", "10.6", null, null, "9.7", null, "*", "87501", null, "*", "105769", null, "*", "35469", null, "*", "17710", null, "*", "43573", null, "*", "59142", null, null, "40861", null, "*", "60509", null, null, "48831", null, null, "204438", null, "*", "89.6", null, "*", "71.4", null, "*", "32.5", null, null, "10.4", null, "*", "52327", null, "*", "7.4", null, "*", "121643", null, "*", "93054", null, "*", "86436", null, "*", "88.0", null, null, "83.0", null, null, "9.9", null, null, "12.0", null, null, "6618", null, "*", "71.6", null, null, "49.7", null, null, "28.7", null, "*", "28.4", null, null, "28589", null, null, "82.9", null, "*", "57.5", null, "*", "36.1", null, null, "17.1", null, "*", "8.7", null, "*", "12.6", null, null, "10.8", null, null, "5.1", null, null, "6.1", null, null, "3.3", null, null, "23.5", null, null, "30.1", null, null, "33.4", null, null, "10.6", null, null, "13.6", null, null, "13.3", null, null, "14.6", null, null, "12.9", null, null, "9.7", null, "*", "10.4", null, "*", "7.0", null, null, "8.9", null, null, "22.4", null, "*", "178763", null, "62.7", null, "61.3", null, "59.0", null, "2.3", null, "1.4", null, "37.3", null, "109601", null, "3.8", null, "91744", null, "57.7", null, "57.6", null, "55.3", null, "13673", null, "68.2", null, "34824", null, "73.3", null, "105843", null, "73.9", null, "8.7", null, "0.1", null, "0.9", null, "2.0", null, "14.5", null, "32.5", null, "105420", null, "40.3", null, "15.2", null, "24.2", null, "9.0", null, "11.4", null, "105420", null, "0.5", null, "7.9", null, "4.5", null, "2.3", null, "13.4", null, "7.7", null, "1.2", null, "8.2", null, "12.4", null, "23.0", null, "8.2", null, "5.5", null, "5.2", null, "105420", null, "81.1", null, "14.4", null, "4.4", null, "0.1", null, "81757", null, "2.8", null, "2.0", null, "4.3", null, "7.4", null, "10.1", null, "16.7", null, "14.0", null, "22.9", null, "10.5", null, "9.3", null, "86094", null, "105559", null, "79.0", null, "99574", null, "33.4", null, "24473", null, "32.1", null, "37397", null, "3.5", null, "9980", null, "1.8", null, "3317", null, "8.7", null, "61344", null, "2.5", null, "1.4", null, "2.5", null, "5.7", null, "9.3", null, "15.8", null, "13.9", null, "25.3", null, "12.1", null, "11.5", null, "97288", null, "114267", null, "39166", null, "20413", null, "51519", null, "65323", null, "44276", null, "62492", null, "48345", null, "219386", null, "91.8", null, "74.8", null, "33.5", null, "8.2", null, "53998", null, "4.8", null, "128760", null, "100917", null, "97297", null, "88.9", null, "84.6", null, "10.4", null, "11.1", null, "3620", null, "66.4", null, "52.4", null, "15.5", null, "33.6", null, "27843", null, "88.4", null, "66.0", null, "35.2", null, "11.6", null, "6.9", null, "10.5", null, "9.0", null, "4.4", null, "6.0", null, "3.0", null, "18.7", null, "26.5", null, "34.5", null, "9.1", null, "13.4", null, "12.8", null, "14.3", null, "12.4", null, "7.9", null, "8.0", null, "7.5", null, "7.6", null, "18.3", null, "0500000US12019", "Clay County, Florida", "12", "019"], ["306944", null, "*", "52.8", null, "*", "52.8", null, "*", "50.3", null, "*", "2.4", null, null, "0.0", null, null, "47.2", null, "*", "161981", null, "*", "4.6", null, null, "156748", null, "*", "47.2", null, null, "47.2", null, null, "44.6", null, null, "18640", null, null, "64.1", null, "*", "42607", null, null, "72.5", null, null, "150654", null, "*", "74.4", null, "*", "12.1", null, "*", "2.2", null, "*", "1.4", null, null, "2.5", null, null, "7.4", null, "*", "24.7", null, null, "154513", null, "*", "30.9", null, "*", "24.1", null, "*", "22.6", null, "*", "14.0", null, "*", "8.3", null, null, "154513", null, "*", "3.8", null, "*", "11.0", null, null, "3.6", null, "*", "1.8", null, null, "12.5", null, null, "4.0", null, null, "1.1", null, null, "7.2", null, "*", "14.8", null, null, "15.7", null, "*", "15.4", null, "*", "6.5", null, "*", "2.5", null, "*", "154513", null, "*", "84.4", null, "*", "8.0", null, "*", "7.4", null, null, "0.2", null, null, "140942", null, "*", "3.3", null, "*", "2.1", null, "*", "6.0", null, "*", "7.3", null, "*", "11.1", null, null, "17.4", null, "*", "12.6", null, null, "16.5", null, null, "8.7", null, "*", "15.1", null, "*", "79946", null, "*", "129688", null, "*", "63.4", null, "*", "108990", null, "*", "48.9", null, null, "29089", null, null, "26.3", null, "*", "52991", null, "*", "2.6", null, "*", "14396", null, null, "0.8", null, "*", "4167", null, null, "8.0", null, "*", "95659", null, "*", "2.2", null, null, "1.3", null, null, "4.2", null, "*", "5.5", null, "*", "9.7", null, null, "16.9", null, "*", "13.2", null, null, "18.0", null, "*", "10.4", null, null, "18.5", null, "*", "93157", null, "*", "148829", null, "*", "52654", null, "*", "45283", null, "*", "52148", null, null, "84689", null, "*", "35949", null, "*", "51339", null, "*", "46753", null, "*", "362009", null, "*", "83.5", null, "*", "61.7", null, "*", "42.3", null, "*", "16.5", null, "*", "68610", null, "*", "12.6", null, "*", "181851", null, "*", "141249", null, "*", "135157", null, "*", "73.2", null, "*", "69.4", null, "*", "5.0", null, "*", "26.8", null, "*", "6092", null, null, "43.0", null, "*", "28.8", null, "*", "15.5", null, null, "57.0", null, "*", "40602", null, "*", "75.2", null, null, "59.6", null, null, "20.5", null, null, "24.8", null, null, "8.0", null, "*", "17.7", null, "*", "16.9", null, "*", "4.8", null, null, "10.5", null, "*", "8.3", null, "*", "23.8", null, "*", "33.0", null, "*", "40.0", null, "*", "12.3", null, "*", "22.3", null, "*", "21.8", null, "*", "25.2", null, "*", "20.5", null, "*", "10.2", null, null, "12.7", null, "*", "6.0", null, "*", "10.2", null, "*", "20.9", null, null, "331756", null, "51.4", null, "51.3", null, "49.3", null, "2.1", null, "0.0", null, "48.6", null, "170348", null, "4.0", null, "169110", null, "46.0", null, "46.0", null, "43.9", null, "18280", null, "72.4", null, "42731", null, "76.0", null, "160079", null, "71.6", null, "10.1", null, "0.6", null, "1.0", null, "2.4", null, "14.3", null, "25.4", null, "163506", null, "37.4", null, "21.9", null, "21.0", null, "11.3", null, "8.3", null, "163506", null, "1.5", null, "10.8", null, "4.6", null, "2.0", null, "12.2", null, "3.7", null, "1.3", null, "9.2", null, "14.9", null, "17.9", null, "13.8", null, "4.9", null, "3.3", null, "163506", null, "82.5", null, "9.1", null, "8.0", null, "0.3", null, "160867", null, "4.1", null, "2.7", null, "5.1", null, "6.4", null, "10.7", null, "15.3", null, "11.8", null, "17.3", null, "9.7", null, "17.0", null, "86173", null, "140361", null, "61.9", null, "123826", null, "47.8", null, "28504", null, "35.0", null, "59122", null, "3.6", null, "12691", null, "1.4", null, "5061", null, "5.8", null, "108111", null, "2.3", null, "1.6", null, "3.1", null, "4.4", null, "9.6", null, "13.9", null, "13.0", null, "19.8", null, "11.4", null, "20.7", null, "103778", null, "160329", null, "59973", null, "52756", null, "53675", null, "94878", null, "41818", null, "55664", null, "51516", null, "385705", null, "88.8", null, "66.3", null, "43.4", null, "11.2", null, "67128", null, "8.5", null, "189574", null, "146055", null, "140702", null, "82.0", null, "77.5", null, "6.3", null, "18.0", null, "5353", null, "66.0", null, "48.6", null, "18.5", null, "34.0", null, "43519", null, "78.2", null, "62.8", null, "21.0", null, "21.8", null, "6.8", null, "12.4", null, "5.0", null, "5.0", null, "7.4", null, "2.0", null, "16.7", null, "24.7", null, "9.0", null, "10.5", null, "15.9", null, "15.7", null, "14.2", null, "16.2", null, "9.4", null, "10.7", null, "7.5", null, "8.1", null, "20.4", null, "0500000US12021", "Collier County, Florida", "12", "021"], ["55717", null, "*", "51.5", null, null, "51.5", null, null, "46.6", null, "*", "4.9", null, "*", "0.0", null, null, "48.5", null, null, "28676", null, "*", "9.5", null, "*", "26992", null, "*", "50.7", null, null, "50.7", null, null, "46.7", null, "*", "4950", null, "*", "67.9", null, null, "8659", null, "*", "69.1", null, null, "25449", null, "*", "82.1", null, "*", "11.4", null, null, "0.1", null, null, "0.8", null, null, "1.7", null, null, "3.8", null, "*", "24.8", null, null, "25965", null, "*", "30.5", null, null, "19.7", null, null, "24.6", null, null, "12.6", null, null, "12.5", null, null, "25965", null, "*", "1.7", null, null, "7.9", null, null, "5.2", null, null, "1.7", null, null, "14.8", null, null, "7.6", null, null, "0.8", null, null, "3.9", null, null, "10.0", null, "*", "23.8", null, null, "9.3", null, null, "4.1", null, null, "9.2", null, null, "25965", null, "*", "72.1", null, null, "22.5", null, "*", "5.1", null, null, "0.3", null, null, "24985", null, "*", "5.2", null, null, "6.4", null, null, "9.4", null, null, "10.8", null, null, "15.6", null, null, "15.8", null, "*", "13.5", null, "*", "14.0", null, null, "4.6", null, "*", "4.6", null, null, "54159", null, null, "75932", null, null, "69.1", null, null, "78385", null, null, "38.2", null, "*", "22822", null, null, "22.7", null, "*", "27012", null, null, "7.7", null, null, "13575", null, "*", "2.7", null, null, "3417", null, null, "19.3", null, null, "15579", null, "*", "3.3", null, null, "3.8", null, null, "4.3", null, "*", "8.6", null, null, "14.6", null, null, "17.8", null, null, "16.5", null, "*", "18.5", null, null, "6.8", null, "*", "5.8", null, null, "71354", null, null, "89202", null, null, "29095", null, null, "9406", null, null, "31569", null, null, "50545", null, "*", "35367", null, null, "49895", null, null, "42962", null, null, "64352", null, "*", "87.6", null, null, "57.4", null, null, "44.1", null, null, "12.4", null, null, "15729", null, "*", "7.1", null, "*", "36713", null, null, "26609", null, null, "24180", null, null, "83.3", null, null, "73.9", null, null, "14.3", null, null, "16.7", null, null, "2429", null, "*", "55.1", null, null, "34.6", null, "*", "22.9", null, null, "44.9", null, null, "10104", null, null, "82.9", null, null, "42.3", null, null, "48.9", null, null, "17.1", null, null, "11.0", null, null, "18.6", null, null, "17.4", null, null, "6.2", null, null, "10.7", null, null, "4.0", null, null, "28.7", null, null, "36.7", null, null, "52.1", null, "*", "17.4", null, null, "25.7", null, null, "24.3", null, null, "29.8", null, null, "22.2", null, null, "14.8", null, null, "16.1", null, null, "11.0", null, null, "13.5", null, null, "31.8", null, null, "56731", null, "53.2", null, "52.9", null, "49.6", null, "3.3", null, "0.3", null, "46.8", null, "30031", null, "6.3", null, "27785", null, "53.0", null, "52.9", null, "50.1", null, "4070", null, "63.8", null, "10169", null, "72.2", null, "27603", null, "77.6", null, "12.9", null, "0.1", null, "0.4", null, "1.9", null, "7.1", null, "25.6", null, "28139", null, "33.2", null, "19.3", null, "22.5", null, "12.2", null, "12.9", null, "28139", null, "2.4", null, "9.3", null, "5.3", null, "2.1", null, "13.5", null, "7.0", null, "0.6", null, "3.3", null, "7.2", null, "24.0", null, "10.8", null, "5.2", null, "9.1", null, "28139", null, "74.2", null, "19.1", null, "6.4", null, "0.3", null, "26720", null, "5.8", null, "5.9", null, "10.2", null, "10.3", null, "14.2", null, "18.7", null, "11.0", null, "13.0", null, "7.1", null, "3.8", null, "55070", null, "73958", null, "71.3", null, "71856", null, "40.8", null, "22507", null, "28.0", null, "25139", null, "6.8", null, "11399", null, "3.6", null, "2169", null, "19.8", null, "17298", null, "3.2", null, "2.8", null, "6.5", null, "9.4", null, "11.9", null, "20.6", null, "13.1", null, "17.5", null, "9.4", null, "5.6", null, "67370", null, "89392", null, "28030", null, "9422", null, "31500", null, "41699", null, "35405", null, "48625", null, "44022", null, "66425", null, "86.2", null, "56.1", null, "44.5", null, "13.8", null, "16411", null, "12.9", null, "36552", null, "26568", null, "25118", null, "83.4", null, "75.6", null, "12.6", null, "16.6", null, "1450", null, "49.0", null, "22.1", null, "31.5", null, "51.0", null, "9984", null, "79.2", null, "37.9", null, "50.2", null, "20.8", null, "11.3", null, "17.2", null, "20.4", null, "5.6", null, "6.7", null, "8.5", null, "24.5", null, "34.2", null, "16.1", null, "17.0", null, "21.4", null, "21.1", null, "30.6", null, "18.1", null, "15.7", null, "17.5", null, "10.8", null, "13.2", null, "32.4", null, "0500000US12023", "Columbia County, Florida", "12", "023"], ["30080", null, "*", "46.6", null, null, "46.6", null, null, "44.2", null, null, "2.3", null, null, "0.0", null, null, "53.4", null, null, "14011", null, null, "5.0", null, null, "12778", null, "*", "38.0", null, null, "38.0", null, null, "35.2", null, null, "2150", null, null, "52.5", null, "*", "4346", null, "*", "60.2", null, null, "13114", null, null, "70.0", null, null, "17.7", null, null, "3.9", null, null, "1.5", null, null, "1.3", null, null, "5.4", null, null, "24.7", null, "*", "13309", null, null, "15.6", null, "*", "21.4", null, null, "14.8", null, "*", "33.3", null, "*", "14.8", null, "*", "13309", null, null, "19.9", null, "*", "14.3", null, null, "4.5", null, "*", "2.3", null, null, "11.9", null, null, "5.3", null, null, "0.8", null, null, "2.5", null, null, "8.5", null, "*", "12.3", null, "*", "7.5", null, "*", "3.9", null, null, "6.3", null, null, "13309", null, null, "78.5", null, null, "13.0", null, "*", "8.0", null, null, "0.5", null, null, "11996", null, "*", "5.7", null, null, "5.5", null, null, "16.1", null, "*", "14.9", null, null, "15.7", null, null, "17.7", null, null, "11.3", null, null, "7.9", null, null, "2.4", null, null, "2.7", null, null, "42674", null, "*", "58987", null, null, "64.1", null, null, "58680", null, null, "42.7", null, null, "24606", null, null, "21.7", null, "*", "24948", null, null, "3.7", null, "*", "11432", null, null, "1.9", null, null, "4456", null, null, "20.9", null, null, "8200", null, null, "4.7", null, null, "2.3", null, null, "12.3", null, "*", "14.4", null, null, "16.3", null, "*", "19.9", null, null, "14.0", null, null, "9.8", null, null, "2.9", null, null, "3.6", null, null, "50263", null, "*", "67755", null, null, "22290", null, "*", "3796", null, null, "26292", null, null, "37963", null, null, "27114", null, "*", "35106", null, "*", "36230", null, null, "34677", null, "*", "81.6", null, null, "38.1", null, "*", "57.8", null, "*", "18.4", null, null, "7613", null, "*", "10.1", null, null, "19393", null, "*", "13107", null, null, "12476", null, null, "73.3", null, null, "45.4", null, "*", "32.8", null, "*", "26.7", null, null, "631", null, null, "47.7", null, null, "17.1", null, "*", "34.5", null, null, "52.3", null, null, "6286", null, null, "72.3", null, null, "31.2", null, null, "47.0", null, null, "27.7", null, null, "20.5", null, null, "32.5", null, null, "20.3", null, null, "15.4", null, null, "28.1", null, "*", "0.0", null, null, "39.9", null, null, "48.5", null, null, "44.5", null, null, "28.5", null, "*", "39.6", null, null, "39.4", null, null, "40.8", null, null, "38.8", null, null, "25.7", null, "*", "31.0", null, "*", "11.9", null, null, "23.9", null, "*", "45.5", null, "*", "29403", null, "48.1", null, "48.1", null, "43.9", null, "4.1", null, "0.0", null, "51.9", null, "14137", null, "8.6", null, "12537", null, "41.8", null, "41.8", null, "38.8", null, "1984", null, "69.8", null, "3499", null, "62.6", null, "12616", null, "68.2", null, "19.5", null, "1.5", null, "2.8", null, "2.2", null, "5.8", null, "29.7", null, "12919", null, "24.1", null, "22.2", null, "19.9", null, "23.5", null, "10.3", null, "12919", null, "10.2", null, "17.1", null, "1.4", null, "1.5", null, "11.3", null, "3.9", null, "1.3", null, "3.4", null, "12.9", null, "15.9", null, "11.0", null, "2.9", null, "7.1", null, "12919", null, "76.4", null, "17.1", null, "6.0", null, "0.6", null, "12656", null, "6.7", null, "4.1", null, "11.3", null, "12.8", null, "14.1", null, "21.5", null, "13.1", null, "9.8", null, "4.2", null, "2.2", null, "50868", null, "63257", null, "62.1", null, "65994", null, "46.2", null, "23456", null, "28.0", null, "24894", null, "6.7", null, "10447", null, "2.3", null, "3253", null, "22.6", null, "8551", null, "4.5", null, "3.6", null, "7.9", null, "13.4", null, "11.0", null, "23.1", null, "15.8", null, "12.3", null, "5.1", null, "3.3", null, "59568", null, "72587", null, "24462", null, "4105", null, "30338", null, "38484", null, "33537", null, "42565", null, "36476", null, "33066", null, "81.2", null, "46.8", null, "48.9", null, "18.8", null, "6475", null, "8.8", null, "18490", null, "12699", null, "11524", null, "71.4", null, "61.5", null, "11.4", null, "28.6", null, "1175", null, "60.8", null, "38.9", null, "26.3", null, "39.2", null, "5791", null, "71.5", null, "30.4", null, "45.7", null, "28.5", null, "17.8", null, "25.2", null, "19.8", null, "13.3", null, "16.3", null, "2.3", null, "34.3", null, "42.7", null, "45.0", null, "23.1", null, "34.0", null, "34.0", null, "46.8", null, "29.1", null, "20.5", null, "23.4", null, "13.8", null, "19.2", null, "35.9", null, "0500000US12027", "DeSoto County, Florida", "12", "027"], ["13784", null, "*", "36.6", null, "*", "36.6", null, "*", "34.6", null, "*", "2.0", null, null, "0.0", null, null, "63.4", null, "*", "5046", null, "*", "5.5", null, null, "6036", null, "*", "37.6", null, "*", "37.6", null, "*", "35.5", null, "*", "686", null, null, "57.9", null, null, "1971", null, null, "58.3", null, null, "4583", null, "*", "73.0", null, null, "14.4", null, null, "0.0", null, null, "1.7", null, null, "2.1", null, null, "8.8", null, null, "26.6", null, "*", "4768", null, "*", "24.5", null, null, "20.5", null, null, "18.1", null, "*", "17.1", null, null, "19.7", null, null, "4768", null, "*", "7.3", null, null, "12.9", null, "*", "9.3", null, null, "0.3", null, null, "9.4", null, "*", "3.8", null, null, "0.4", null, null, "6.0", null, null, "8.2", null, null, "18.8", null, null, "5.9", null, null, "4.4", null, null, "13.0", null, null, "4768", null, "*", "67.9", null, null, "21.4", null, null, "10.2", null, null, "0.5", null, null, "6520", null, null, "5.9", null, null, "8.8", null, null, "12.9", null, null, "11.3", null, null, "16.5", null, null, "19.9", null, null, "9.2", null, null, "8.6", null, null, "3.5", null, null, "3.5", null, "*", "46545", null, null, "62527", null, null, "57.0", null, null, "62901", null, null, "56.3", null, null, "21908", null, null, "24.5", null, null, "30241", null, "*", "7.6", null, "*", "10645", null, "*", "1.9", null, null, "3796", null, null, "28.7", null, "*", "4252", null, null, "5.1", null, null, "6.4", null, "*", "8.0", null, null, "8.8", null, null, "17.8", null, null, "21.2", null, null, "12.7", null, null, "11.3", null, "*", "5.3", null, null, "3.3", null, null, "54528", null, null, "69182", null, null, "24987", null, null, "2268", null, null, "25812", null, null, "44174", null, null, "34470", null, null, "48885", null, "*", "43786", null, null, "14879", null, "*", "82.8", null, null, "43.8", null, null, "54.3", null, null, "17.2", null, null, "3258", null, null, "7.0", null, "*", "7939", null, null, "4563", null, "*", "4349", null, "*", "71.4", null, null, "60.4", null, null, "13.7", null, null, "28.6", null, null, "214", null, null, "35.0", null, null, "0.5", null, null, "35.0", null, null, "65.0", null, null, "3376", null, "*", "71.8", null, null, "24.6", null, "*", "53.7", null, null, "28.2", null, null, "16.8", null, null, "28.3", null, null, "50.8", null, null, "7.3", null, null, "9.1", null, "*", "0.0", null, null, "45.6", null, null, "56.0", null, null, "72.1", null, null, "23.1", null, null, "31.1", null, null, "31.1", null, null, "44.5", null, null, "27.3", null, null, "21.1", null, "*", "26.2", null, "*", "9.8", null, null, "18.6", null, null, "39.6", null, null, "14177", null, "42.8", null, "42.8", null, "40.6", null, "2.2", null, "0.0", null, "57.2", null, "6067", null, "5.1", null, "6297", null, "52.8", null, "52.8", null, "49.5", null, "714", null, "69.7", null, "2006", null, "66.5", null, "5677", null, "74.1", null, "16.4", null, "0.4", null, "2.4", null, "1.9", null, "4.8", null, "21.4", null, "5757", null, "20.8", null, "20.7", null, "27.1", null, "12.0", null, "19.4", null, "5757", null, "4.3", null, "7.5", null, "5.6", null, "2.1", null, "18.2", null, "4.6", null, "0.2", null, "8.3", null, "6.5", null, "18.0", null, "8.0", null, "6.0", null, "10.6", null, "5757", null, "72.3", null, "17.1", null, "10.6", null, "0.0", null, "6130", null, "5.6", null, "6.0", null, "12.8", null, "13.2", null, "18.1", null, "15.9", null, "9.1", null, "12.7", null, "5.2", null, "1.4", null, "47655", null, "61155", null, "62.0", null, "62926", null, "51.7", null, "21713", null, "24.7", null, "20980", null, "14.8", null, "16083", null, "2.4", null, "8094", null, "20.2", null, "4187", null, "3.4", null, "1.6", null, "9.3", null, "12.0", null, "21.9", null, "16.5", null, "9.9", null, "18.0", null, "5.4", null, "2.0", null, "57754", null, "71447", null, "21699", null, "1943", null, "24901", null, "33251", null, "28734", null, "41164", null, "36002", null, "15351", null, "82.3", null, "47.1", null, "54.3", null, "17.7", null, "3290", null, "15.5", null, "8200", null, "5427", null, "5165", null, "75.8", null, "66.7", null, "19.6", null, "24.2", null, "262", null, "67.6", null, "24.0", null, "43.5", null, "32.4", null, "2773", null, "69.6", null, "33.8", null, "51.0", null, "30.4", null, "12.1", null, "26.4", null, "23.3", null, "9.4", null, "22.4", null, "39.8", null, "31.4", null, "46.9", null, "23.4", null, "19.3", null, "34.5", null, "33.4", null, "52.2", null, "27.6", null, "15.5", null, "16.3", null, "13.8", null, "15.6", null, "36.1", null, "0500000US12029", "Dixie County, Florida", "12", "029"], ["736370", null, "*", "65.7", null, null, "64.1", null, null, "59.9", null, "*", "4.2", null, "*", "1.6", null, "*", "34.3", null, null, "471849", null, "*", "6.6", null, "*", "383865", null, "*", "61.1", null, null, "60.6", null, null, "56.5", null, null, "70927", null, "*", "66.6", null, null, "127161", null, "*", "73.3", null, null, "445117", null, "*", "80.0", null, "*", "9.5", null, "*", "1.8", null, "*", "1.7", null, "*", "2.1", null, null, "4.8", null, "*", "24.9", null, "*", "440797", null, "*", "36.9", null, "*", "18.3", null, "*", "24.9", null, null, "8.2", null, "*", "11.8", null, null, "440797", null, "*", "0.3", null, null, "6.4", null, "*", "5.6", null, null, "2.7", null, null, "12.2", null, null, "6.7", null, "*", "1.6", null, "*", "11.3", null, null, "13.2", null, null, "20.5", null, null, "10.1", null, null, "5.1", null, null, "4.4", null, null, "440797", null, "*", "84.4", null, null, "11.1", null, null, "4.4", null, null, "0.1", null, "*", "354387", null, "*", "5.5", null, "*", "3.8", null, null, "8.0", null, "*", "8.2", null, "*", "13.0", null, null, "17.7", null, null, "13.5", null, null, "16.0", null, "*", "7.0", null, null, "7.3", null, "*", "65092", null, "*", "90483", null, "*", "79.3", null, "*", "90997", null, "*", "28.2", null, "*", "22350", null, null, "18.2", null, "*", "31717", null, "*", "5.3", null, null, "11870", null, "*", "2.8", null, null, "3521", null, null, "16.2", null, "*", "221153", null, "*", "4.1", null, null, "2.5", null, "*", "5.4", null, null, "6.6", null, null, "11.3", null, null, "17.3", null, null, "14.6", null, "*", "19.2", null, "*", "9.3", null, null, "9.7", null, "*", "79313", null, "*", "106024", null, "*", "36533", null, "*", "133234", null, "*", "44655", null, "*", "60668", null, "*", "38920", null, "*", "55737", null, null, "47695", null, null, "904689", null, "*", "88.0", null, null, "64.8", null, null, "34.0", null, null, "12.0", null, null, "220703", null, "*", "6.6", null, null, "563562", null, "*", "442007", null, "*", "413889", null, "*", "85.9", null, null, "80.2", null, null, "9.1", null, "*", "14.1", null, null, "28118", null, "*", "62.7", null, null, "36.3", null, null, "30.6", null, "*", "37.3", null, null, "121555", null, "*", "80.7", null, null, "48.5", null, null, "41.4", null, null, "19.3", null, null, "11.7", null, "*", "19.1", null, "*", "17.3", null, "*", "5.2", null, null, "7.7", null, "*", "6.0", null, null, "28.3", null, "*", "38.3", null, "*", "38.9", null, null, "15.5", null, "*", "23.7", null, "*", "23.3", null, "*", "26.2", null, "*", "22.0", null, null, "13.1", null, null, "13.6", null, "*", "10.3", null, "*", "13.2", null, "*", "23.7", null, null, "804832", null, "65.4", null, "63.5", null, "60.6", null, "2.9", null, "2.0", null, "34.6", null, "510962", null, "4.5", null, "419280", null, "60.6", null, "59.8", null, "57.1", null, "74387", null, "64.0", null, "138699", null, "72.4", null, "494194", null, "72.5", null, "8.8", null, "1.2", null, "1.2", null, "2.4", null, "13.9", null, "24.1", null, "487982", null, "39.6", null, "16.5", null, "23.9", null, "7.7", null, "12.3", null, "487982", null, "0.2", null, "7.3", null, "5.2", null, "2.4", null, "12.3", null, "7.5", null, "1.3", null, "11.1", null, "13.1", null, "20.3", null, "10.1", null, "5.0", null, "4.2", null, "487982", null, "83.7", null, "11.3", null, "4.7", null, "0.2", null, "405139", null, "6.1", null, "3.6", null, "7.1", null, "7.4", null, "12.4", null, "17.6", null, "13.1", null, "17.1", null, "7.4", null, "8.2", null, "68447", null, "93813", null, "80.2", null, "94063", null, "26.6", null, "22101", null, "21.8", null, "28957", null, "5.1", null, "10668", null, "3.0", null, "3374", null, "14.1", null, "243139", null, "4.2", null, "1.8", null, "5.0", null, "6.2", null, "10.7", null, "17.4", null, "13.7", null, "20.4", null, "9.4", null, "11.3", null, "83238", null, "110264", null, "38827", null, "162000", null, "47456", null, "65342", null, "41787", null, "57051", null, "47715", null, "982567", null, "88.5", null, "65.1", null, "34.1", null, "11.5", null, "239161", null, "7.1", null, "597074", null, "469640", null, "448535", null, "86.4", null, "81.0", null, "9.8", null, "13.6", null, "21105", null, "61.0", null, "39.5", null, "26.0", null, "39.0", null, "127434", null, "80.0", null, "48.0", null, "39.7", null, "20.0", null, "10.7", null, "16.6", null, "13.5", null, "5.1", null, "6.1", null, "4.8", null, "24.7", null, "32.9", null, "30.5", null, "14.6", null, "20.5", null, "20.3", null, "20.4", null, "20.2", null, "12.9", null, "12.7", null, "13.6", null, "12.1", null, "23.1", null, "0500000US12031", "Duval County, Florida", "12", "031"], ["253420", null, "*", "60.4", null, "*", "56.9", null, null, "53.2", null, null, "3.7", null, null, "3.5", null, "*", "39.6", null, "*", "144311", null, "*", "6.5", null, null, "128345", null, "*", "55.5", null, "*", "54.3", null, null, "50.7", null, "*", "20938", null, null, "64.1", null, "*", "39091", null, "*", "68.3", null, null, "141575", null, "*", "76.1", null, "*", "10.2", null, "*", "0.6", null, null, "2.4", null, "*", "1.9", null, "*", "8.9", null, "*", "22.1", null, "*", "134938", null, "*", "33.2", null, "*", "20.4", null, null, "26.5", null, "*", "8.4", null, null, "11.4", null, null, "134938", null, "*", "0.8", null, null, "5.6", null, "*", "4.5", null, null, "1.9", null, null, "16.6", null, "*", "5.0", null, null, "1.4", null, null, "8.5", null, "*", "10.4", null, "*", "22.3", null, "*", "12.2", null, "*", "5.2", null, null, "5.7", null, "*", "134938", null, "*", "78.7", null, "*", "15.1", null, "*", "6.1", null, null, "0.2", null, null, "118740", null, "*", "4.5", null, null, "3.1", null, "*", "7.8", null, null, "10.0", null, "*", "16.1", null, "*", "20.0", null, "*", "13.3", null, null, "14.9", null, "*", "5.4", null, "*", "4.9", null, "*", "59996", null, "*", "80142", null, "*", "75.0", null, null, "77529", null, "*", "34.6", null, null, "23077", null, "*", "26.9", null, "*", "29196", null, null, "4.0", null, "*", "11398", null, null, "1.9", null, null, "3183", null, null, "14.5", null, null, "70350", null, "*", "2.6", null, "*", "1.7", null, null, "4.7", null, "*", "7.1", null, null, "12.7", null, "*", "20.5", null, null, "16.7", null, "*", "19.3", null, null, "7.7", null, "*", "7.2", null, "*", "76157", null, "*", "97445", null, "*", "32538", null, "*", "48390", null, null, "41598", null, null, "52994", null, "*", "35535", null, null, "52055", null, null, "41448", null, "*", "296511", null, "*", "89.8", null, "*", "68.8", null, "*", "36.4", null, "*", "10.2", null, "*", "69479", null, "*", "5.2", null, "*", "178129", null, "*", "133692", null, "*", "125240", null, "*", "87.0", null, "*", "81.9", null, "*", "8.8", null, "*", "13.0", null, "*", "8452", null, null, "64.8", null, "*", "37.8", null, null, "31.4", null, null, "35.2", null, "*", "44437", null, null, "83.8", null, null, "54.2", null, "*", "38.5", null, "*", "16.2", null, null, "8.6", null, "*", "16.9", null, null, "16.1", null, null, "5.3", null, null, "9.3", null, "*", "8.5", null, null, "18.7", null, "*", "32.9", null, null, "33.3", null, null, "13.9", null, null, "22.3", null, null, "21.5", null, null, "26.1", null, "*", "19.7", null, null, "11.6", null, null, "12.9", null, null, "6.6", null, "*", "11.4", null, null, "22.3", null, null, "263077", null, "61.5", null, "57.5", null, "54.1", null, "3.4", null, "4.1", null, "38.5", null, "151148", null, "5.9", null, "134338", null, "57.0", null, "55.3", null, "52.4", null, "20579", null, "70.1", null, "41902", null, "70.2", null, "148529", null, "70.4", null, "8.9", null, "0.8", null, "4.3", null, "2.4", null, "13.2", null, "23.7", null, "142204", null, "37.1", null, "19.9", null, "22.9", null, "8.9", null, "11.3", null, "142204", null, "0.6", null, "7.6", null, "4.7", null, "1.7", null, "12.5", null, "5.1", null, "1.2", null, "9.8", null, "11.6", null, "24.2", null, "10.8", null, "5.5", null, "4.6", null, "142204", null, "80.7", null, "13.2", null, "5.9", null, "0.2", null, "128292", null, "4.9", null, "4.2", null, "7.6", null, "8.7", null, "12.6", null, "18.2", null, "12.9", null, "16.7", null, "7.3", null, "7.0", null, "65715", null, "88025", null, "74.9", null, "85747", null, "34.8", null, "22077", null, "28.6", null, "30247", null, "5.6", null, "10732", null, "2.1", null, "3311", null, "14.7", null, "79607", null, "3.3", null, "1.9", null, "6.0", null, "6.4", null, "11.0", null, "18.8", null, "14.6", null, "19.1", null, "9.7", null, "9.2", null, "78828", null, "102807", null, "35745", null, "48685", null, "42560", null, "58196", null, "36294", null, "52530", null, "45788", null, "306495", null, "87.9", null, "63.7", null, "39.8", null, "12.1", null, "71813", null, "7.5", null, "180059", null, "136758", null, "129115", null, "84.4", null, "78.3", null, "11.3", null, "15.6", null, "7643", null, "56.3", null, "34.3", null, "27.5", null, "43.7", null, "43301", null, "81.4", null, "47.2", null, "45.2", null, "18.6", null, "10.6", null, "18.3", null, "13.9", null, "4.9", null, "6.8", null, "7.6", null, "24.7", null, "35.7", null, "32.2", null, "14.5", null, "22.1", null, "21.8", null, "20.4", null, "22.3", null, "12.4", null, "13.0", null, "10.1", null, "12.0", null, "23.3", null, "0500000US12033", "Escambia County, Florida", "12", "033"], ["90732", null, "*", "47.5", null, "*", "47.4", null, "*", "44.8", null, "*", "2.6", null, "*", "0.0", null, "*", "52.5", null, "*", "43037", null, "*", "5.5", null, "*", "47688", null, "*", "44.2", null, null, "44.2", null, null, "42.1", null, "*", "4598", null, null, "68.2", null, null, "12290", null, "*", "72.7", null, null, "40049", null, "*", "83.5", null, "*", "7.4", null, "*", "0.4", null, null, "0.2", null, "*", "1.4", null, null, "7.2", null, "*", "26.7", null, "*", "40662", null, "*", "33.2", null, "*", "19.5", null, "*", "27.6", null, null, "10.1", null, null, "9.5", null, "*", "40662", null, "*", "0.6", null, "*", "7.0", null, null, "6.5", null, "*", "1.8", null, null, "14.2", null, null, "4.9", null, "*", "2.0", null, null, "6.3", null, "*", "11.9", null, null, "23.0", null, null, "12.2", null, "*", "5.7", null, null, "3.9", null, null, "40662", null, "*", "81.8", null, null, "11.5", null, null, "6.6", null, null, "0.1", null, null, "40629", null, "*", "4.5", null, null, "2.5", null, null, "8.3", null, "*", "8.1", null, null, "13.0", null, null, "20.5", null, "*", "15.0", null, null, "16.7", null, null, "6.3", null, "*", "5.0", null, "*", "65578", null, "*", "83609", null, "*", "59.6", null, null, "79424", null, "*", "52.8", null, null, "26994", null, null, "33.9", null, "*", "37123", null, null, "5.2", null, null, "13842", null, null, "1.9", null, "*", "3083", null, "*", "9.0", null, "*", "28547", null, "*", "3.6", null, null, "1.6", null, null, "4.3", null, null, "6.9", null, null, "12.1", null, null, "21.4", null, "*", "16.9", null, null, "19.5", null, null, "7.4", null, "*", "6.2", null, "*", "75139", null, "*", "93342", null, "*", "33706", null, "*", "12082", null, "*", "39341", null, "*", "56091", null, "*", "33607", null, "*", "51143", null, "*", "41211", null, "*", "106747", null, "*", "87.3", null, "*", "62.8", null, null, "43.5", null, "*", "12.7", null, "*", "20158", null, "*", "12.2", null, null, "55208", null, "*", "37953", null, "*", "36068", null, "*", "82.5", null, "*", "78.2", null, null, "7.4", null, "*", "17.5", null, "*", "1885", null, null, "59.9", null, "*", "49.8", null, null, "14.4", null, "*", "40.1", null, "*", "17255", null, null, "77.1", null, null, "52.3", null, "*", "33.4", null, null, "22.9", null, null, "7.9", null, null, "16.0", null, null, "14.9", null, null, "4.3", null, null, "6.3", null, null, "3.3", null, null, "23.5", null, null, "35.0", null, null, "31.2", null, null, "11.9", null, "*", "18.1", null, null, "17.6", null, null, "17.3", null, null, "17.7", null, "*", "10.6", null, "*", "12.7", null, "*", "6.8", null, null, "9.3", null, "*", "23.4", null, null, "104327", null, "49.7", null, "49.6", null, "47.7", null, "1.8", null, "0.1", null, "50.3", null, "51706", null, "3.7", null, "54489", null, "46.2", null, "46.1", null, "44.4", null, "4604", null, "60.9", null, "13892", null, "75.2", null, "48726", null, "69.7", null, "11.5", null, "0.3", null, "0.6", null, "1.8", null, "16.2", null, "28.2", null, "49815", null, "36.5", null, "16.8", null, "25.4", null, "9.0", null, "12.4", null, "49815", null, "0.2", null, "7.5", null, "5.1", null, "2.2", null, "13.4", null, "6.6", null, "2.0", null, "8.1", null, "13.3", null, "22.1", null, "9.8", null, "4.8", null, "4.9", null, "49815", null, "79.4", null, "13.3", null, "7.1", null, "0.2", null, "50296", null, "4.3", null, "2.1", null, "6.6", null, "7.7", null, "13.7", null, "16.7", null, "13.4", null, "18.2", null, "7.8", null, "9.5", null, "72923", null, "101501", null, "61.2", null, "105008", null, "51.9", null, "26713", null, "41.1", null, "37558", null, "4.9", null, "12490", null, "1.1", null, "6094", null, "7.4", null, "36024", null, "2.5", null, "1.3", null, "4.5", null, "5.4", null, "13.6", null, "16.1", null, "14.7", null, "21.2", null, "9.3", null, "11.2", null, "85146", null, "114635", null, "43100", null, "14272", null, "45339", null, "64428", null, "40323", null, "55706", null, "49245", null, "120993", null, "89.2", null, "63.0", null, "45.1", null, "10.8", null, "21061", null, "12.8", null, "62469", null, "45069", null, "43409", null, "85.5", null, "79.0", null, "9.3", null, "14.5", null, "1660", null, "73.1", null, "51.4", null, "27.1", null, "26.9", null, "17400", null, "80.0", null, "61.2", null, "30.0", null, "20.0", null, "6.7", null, "11.4", null, "14.9", null, "4.2", null, "6.7", null, "2.5", null, "20.2", null, "24.1", null, "52.0", null, "9.4", null, "14.2", null, "12.9", null, "19.0", null, "11.3", null, "8.5", null, "10.0", null, "6.0", null, "7.1", null, "20.8", null, "0500000US12035", "Flagler County, Florida", "12", "035"], ["9984", null, "*", "45.0", null, null, "45.0", null, null, "41.6", null, null, "3.4", null, null, "0.0", null, null, "55.0", null, null, "4494", null, "*", "7.5", null, null, "4205", null, "*", "48.5", null, null, "48.5", null, null, "46.3", null, null, "513", null, null, "74.3", null, "*", "1108", null, null, "67.9", null, null, "4075", null, "*", "78.6", null, null, "9.3", null, null, "0.5", null, null, "2.8", null, null, "3.7", null, null, "5.2", null, null, "19.5", null, null, "4158", null, "*", "27.5", null, null, "24.1", null, null, "18.0", null, "*", "20.0", null, "*", "10.4", null, null, "4158", null, "*", "6.1", null, null, "8.2", null, "*", "2.3", null, null, "2.0", null, null, "12.0", null, null, "3.9", null, null, "0.3", null, null, "8.4", null, null, "10.9", null, null, "16.2", null, null, "14.3", null, null, "4.3", null, null, "11.1", null, null, "4158", null, "*", "66.6", null, null, "20.1", null, null, "13.4", null, null, "0.0", null, null, "4297", null, "*", "7.4", null, null, "4.8", null, null, "11.3", null, null, "6.9", null, null, "17.0", null, "*", "16.0", null, "*", "11.1", null, null, "14.1", null, null, "6.6", null, null, "5.0", null, null, "52167", null, "*", "81017", null, null, "67.4", null, null, "78444", null, null, "42.1", null, null, "24321", null, null, "22.4", null, "*", "38636", null, null, "8.3", null, null, "9990", null, null, "3.4", null, null, "1769", null, "*", "15.5", null, null, "2639", null, "*", "4.1", null, null, "4.7", null, null, "9.3", null, null, "5.9", null, null, "12.0", null, null, "17.5", null, null, "13.2", null, null, "18.9", null, null, "7.1", null, null, "7.4", null, null, "68305", null, null, "98130", null, null, "30477", null, null, "1658", null, null, "39213", null, null, "52804", null, null, "33287", null, null, "46630", null, "*", "44996", null, null, "10125", null, "*", "81.7", null, null, "53.2", null, null, "47.3", null, null, "18.3", null, null, "2062", null, null, "11.4", null, null, "5581", null, null, "3978", null, "*", "3711", null, null, "70.5", null, "*", "62.1", null, "*", "10.5", null, null, "29.5", null, "*", "267", null, null, "41.6", null, null, "21.0", null, "*", "20.6", null, null, "58.4", null, null, "1603", null, "*", "77.9", null, null, "46.5", null, null, "41.7", null, null, "22.1", null, null, "15.4", null, null, "30.3", null, null, "47.7", null, null, "9.9", null, "*", "15.1", null, null, "0.0", null, null, "44.0", null, null, "76.7", null, "*", "69.7", null, null, "20.7", null, null, "37.8", null, null, "37.4", null, null, "39.5", null, null, "36.6", null, null, "16.6", null, null, "20.2", null, null, "8.5", null, null, "18.6", null, null, "28.7", null, null, "10673", null, "46.5", null, "46.5", null, "43.3", null, "3.2", null, "0.0", null, "53.5", null, "4962", null, "6.9", null, "4770", null, "49.7", null, "49.7", null, "45.7", null, "440", null, "93.2", null, "1089", null, "63.9", null, "4470", null, "75.9", null, "11.5", null, "0.0", null, "3.3", null, "2.6", null, "6.6", null, "20.5", null, "4618", null, "30.5", null, "21.8", null, "24.5", null, "13.8", null, "9.4", null, "4618", null, "4.0", null, "12.6", null, "2.5", null, "0.9", null, "13.2", null, "3.1", null, "0.2", null, "8.7", null, "8.9", null, "17.4", null, "10.3", null, "4.0", null, "14.1", null, "4618", null, "68.0", null, "22.1", null, "9.7", null, "0.2", null, "4918", null, "4.7", null, "5.5", null, "9.3", null, "9.9", null, "10.0", null, "21.8", null, "11.7", null, "14.0", null, "6.5", null, "6.7", null, "62734", null, "82821", null, "66.5", null, "76427", null, "45.4", null, "25380", null, "32.9", null, "38172", null, "6.4", null, "11467", null, "1.6", null, "6049", null, "17.2", null, "3170", null, "3.2", null, "1.5", null, "10.2", null, "7.7", null, "9.4", null, "24.3", null, "10.9", null, "15.2", null, "8.4", null, "9.2", null, "68619", null, "96447", null, "33893", null, "1748", null, "32961", null, "51196", null, "31498", null, "55670", null, "38663", null, "10853", null, "84.7", null, "55.5", null, "47.6", null, "15.3", null, "2000", null, "18.3", null, "5699", null, "4359", null, "4021", null, "80.2", null, "72.0", null, "10.6", null, "19.8", null, "338", null, "63.6", null, "52.4", null, "13.3", null, "36.4", null, "1340", null, "72.6", null, "43.8", null, "36.0", null, "27.4", null, "12.4", null, "34.1", null, "54.6", null, "3.8", null, "14.5", null, "0.0", null, "41.5", null, "52.2", null, "100.0", null, "17.3", null, "38.6", null, "37.7", null, "37.4", null, "37.8", null, "12.9", null, "15.6", null, "7.9", null, "14.8", null, "25.9", null, "0500000US12037", "Franklin County, Florida", "12", "037"], ["36778", null, "*", "48.4", null, null, "48.3", null, null, "44.6", null, null, "3.7", null, "*", "0.1", null, null, "51.6", null, null, "17763", null, "*", "7.8", null, "*", "19467", null, "*", "46.3", null, null, "46.3", null, null, "42.7", null, null, "3084", null, "*", "63.4", null, null, "6132", null, null, "72.2", null, null, "16221", null, null, "84.4", null, null, "8.8", null, null, "0.3", null, null, "1.1", null, null, "2.5", null, "*", "2.9", null, "*", "31.7", null, null, "16386", null, null, "32.4", null, null, "19.9", null, "*", "23.9", null, "*", "12.5", null, null, "11.3", null, null, "16386", null, null, "3.2", null, null, "8.6", null, null, "5.2", null, null, "2.5", null, null, "10.8", null, null, "5.8", null, null, "1.9", null, "*", "3.5", null, null, "7.3", null, null, "25.6", null, null, "7.5", null, null, "3.6", null, null, "14.5", null, null, "16386", null, null, "62.4", null, "*", "33.4", null, "*", "4.1", null, null, "0.1", null, null, "17080", null, null, "8.4", null, null, "5.7", null, null, "9.9", null, null, "10.0", null, null, "16.1", null, null, "18.0", null, null, "13.9", null, "*", "10.8", null, null, "4.6", null, null, "2.5", null, null, "49814", null, null, "64045", null, null, "64.5", null, null, "65890", null, null, "39.0", null, "*", "21805", null, "*", "29.9", null, null, "27381", null, null, "8.2", null, null, "12481", null, "*", "1.8", null, null, "2767", null, null, "24.6", null, null, "11474", null, null, "7.0", null, null, "3.4", null, "*", "6.7", null, null, "8.1", null, null, "14.3", null, null, "18.7", null, null, "18.5", null, "*", "13.7", null, null, "6.1", null, null, "3.5", null, null, "61112", null, null, "75134", null, null, "24539", null, null, "5606", null, null, "32745", null, null, "39895", null, null, "35617", null, null, "45285", null, null, "41136", null, null, "43046", null, "*", "85.1", null, null, "53.5", null, null, "45.1", null, null, "14.9", null, null, "10620", null, "*", "6.3", null, "*", "24944", null, "*", "16673", null, "*", "15408", null, null, "82.4", null, null, "75.4", null, null, "10.0", null, null, "17.6", null, null, "1265", null, "*", "57.7", null, null, "25.1", null, null, "33.3", null, null, "42.3", null, null, "8271", null, null, "70.3", null, null, "31.9", null, "*", "46.2", null, null, "29.7", null, null, "17.6", null, null, "32.7", null, null, "21.5", null, null, "5.1", null, "*", "10.8", null, null, "0.0", null, null, "41.6", null, null, "55.4", null, null, "47.2", null, null, "24.6", null, null, "42.4", null, null, "42.2", null, null, "43.6", null, null, "41.7", null, null, "19.3", null, "*", "21.8", null, "*", "11.1", null, null, "21.2", null, null, "39.4", null, null, "35044", null, "47.8", null, "47.8", null, "45.7", null, "2.1", null, "0.0", null, "52.2", null, "16750", null, "4.4", null, "18317", null, "46.2", null, "46.2", null, "45.2", null, "2647", null, "63.5", null, "6049", null, "68.6", null, "15772", null, "81.1", null, "8.5", null, "0.5", null, "1.4", null, "0.3", null, "8.2", null, "29.9", null, "16016", null, "29.0", null, "24.6", null, "19.9", null, "13.6", null, "12.9", null, "16016", null, "4.3", null, "8.4", null, "3.7", null, "2.5", null, "9.3", null, "7.7", null, "0.7", null, "4.5", null, "8.9", null, "24.4", null, "7.0", null, "4.4", null, "14.2", null, "16016", null, "67.8", null, "27.5", null, "4.4", null, "0.3", null, "16485", null, "10.4", null, "6.5", null, "11.0", null, "9.9", null, "15.2", null, "19.8", null, "10.1", null, "10.7", null, "3.5", null, "2.8", null, "46047", null, "60499", null, "66.1", null, "61023", null, "43.3", null, "18666", null, "30.4", null, "24935", null, "9.2", null, "9466", null, "1.9", null, "2892", null, "24.9", null, "10668", null, "8.2", null, "5.8", null, "7.3", null, "9.5", null, "14.5", null, "21.0", null, "12.1", null, "12.9", null, "4.6", null, "4.3", null, "54524", null, "70429", null, "23206", null, "5817", null, "30798", null, "39070", null, "33813", null, "47593", null, "40731", null, "40994", null, "83.6", null, "51.6", null, "44.9", null, "16.4", null, "10141", null, "13.0", null, "22576", null, "15115", null, "14547", null, "82.4", null, "73.5", null, "11.7", null, "17.6", null, "568", null, "61.1", null, "26.9", null, "34.7", null, "38.9", null, "7461", null, "67.2", null, "25.6", null, "46.0", null, "32.8", null, "21.1", null, "33.6", null, "35.1", null, "10.1", null, "18.2", null, "26.4", null, "39.9", null, "48.0", null, "45.1", null, "27.7", null, "41.6", null, "41.2", null, "50.5", null, "37.9", null, "23.5", null, "26.7", null, "14.7", null, "24.7", null, "38.9", null, "0500000US12039", "Gadsden County, Florida", "12", "039"], ["14590", null, "*", "49.5", null, null, "49.5", null, null, "46.4", null, null, "3.0", null, "*", "0.0", null, null, "50.5", null, null, "7215", null, "*", "6.1", null, "*", "6873", null, "*", "48.2", null, null, "48.2", null, null, "45.4", null, null, "943", null, null, "49.7", null, null, "2153", null, "*", "62.6", null, null, "6626", null, "*", "74.9", null, "*", "18.0", null, "*", "0.1", null, null, "0.7", null, null, "1.1", null, null, "5.3", null, null, "33.3", null, null, "6775", null, "*", "23.6", null, "*", "21.0", null, null, "25.9", null, "*", "15.1", null, "*", "14.4", null, "*", "6775", null, "*", "4.1", null, null, "9.4", null, null, "6.8", null, null, "1.8", null, null, "15.5", null, null, "3.7", null, null, "0.5", null, null, "7.1", null, null, "9.5", null, null, "23.1", null, null, "7.8", null, null, "3.1", null, null, "7.6", null, null, "6775", null, "*", "73.9", null, null, "20.2", null, null, "5.9", null, null, "0.0", null, null, "6511", null, "*", "4.7", null, "*", "4.0", null, null, "10.8", null, null, "11.5", null, null, "15.3", null, null, "19.2", null, null, "13.0", null, null, "14.8", null, null, "4.2", null, null, "2.6", null, "*", "51560", null, "*", "68551", null, "*", "68.0", null, null, "66805", null, "*", "44.5", null, null, "23376", null, "*", "22.9", null, null, "31688", null, null, "6.5", null, null, "11944", null, "*", "3.2", null, "*", "3018", null, null, "18.8", null, null, "4487", null, "*", "2.3", null, "*", "1.4", null, null, "6.7", null, "*", "14.7", null, "*", "15.4", null, null, "18.5", null, null, "14.4", null, null, "18.0", null, null, "5.5", null, null, "3.1", null, "*", "60668", null, "*", "77269", null, "*", "26025", null, "*", "2024", null, null, "28943", null, null, "41112", null, null, "31381", null, "*", "45738", null, "*", "39679", null, null, "16285", null, "*", "81.9", null, null, "53.8", null, null, "40.7", null, null, "18.1", null, null, "3664", null, "*", "15.7", null, null, "9269", null, "*", "6591", null, "*", "6230", null, "*", "76.8", null, "*", "70.7", null, "*", "7.7", null, null, "23.2", null, "*", "361", null, null, "43.5", null, null, "22.4", null, null, "24.1", null, null, "56.5", null, null, "2678", null, null, "73.9", null, null, "38.2", null, null, "42.3", null, null, "26.1", null, null, "13.6", null, "*", "27.4", null, "*", "24.9", null, null, "9.1", null, "*", "20.9", null, "*", "27.3", null, null, "29.7", null, null, "40.1", null, null, "20.3", null, null, "17.9", null, "*", "28.4", null, "*", "28.1", null, "*", "27.0", null, "*", "28.4", null, "*", "15.3", null, "*", "18.6", null, "*", "6.0", null, null, "15.9", null, "*", "27.0", null, null, "15129", null, "51.2", null, "51.2", null, "49.6", null, "1.6", null, "0.0", null, "48.8", null, "7750", null, "3.2", null, "7362", null, "48.0", null, "48.0", null, "46.0", null, "1051", null, "54.3", null, "2352", null, "70.6", null, "7328", null, "82.8", null, "11.3", null, "0.3", null, "1.0", null, "0.8", null, "3.9", null, "30.6", null, "7501", null, "33.5", null, "17.4", null, "18.1", null, "21.1", null, "9.9", null, "7501", null, "6.3", null, "11.5", null, "5.7", null, "1.1", null, "13.2", null, "6.1", null, "0.5", null, "5.1", null, "10.3", null, "22.8", null, "7.5", null, "3.7", null, "6.3", null, "7501", null, "75.5", null, "19.7", null, "4.8", null, "0.0", null, "6913", null, "8.3", null, "3.4", null, "7.3", null, "8.5", null, "13.9", null, "17.4", null, "13.9", null, "16.6", null, "5.5", null, "5.2", null, "61070", null, "86992", null, "70.4", null, "93480", null, "45.1", null, "20671", null, "26.5", null, "29173", null, "5.7", null, "8490", null, "1.5", null, "1686", null, "16.7", null, "4977", null, "5.3", null, "1.0", null, "3.2", null, "7.9", null, "12.7", null, "20.1", null, "16.3", null, "21.2", null, "6.0", null, "6.4", null, "74783", null, "99772", null, "33507", null, "1936", null, "28077", null, "50362", null, "35979", null, "58202", null, "39097", null, "17557", null, "84.9", null, "56.2", null, "38.5", null, "15.1", null, "3902", null, "10.6", null, "10133", null, "7094", null, "6879", null, "82.3", null, "77.1", null, "6.5", null, "17.7", null, "215", null, "60.0", null, "27.4", null, "40.9", null, "40.0", null, "3039", null, "68.9", null, "30.1", null, "43.4", null, "31.1", null, "8.3", null, "12.8", null, "18.5", null, "5.0", null, "6.0", null, "0.0", null, "25.1", null, "36.1", null, "58.1", null, "11.2", null, "10.3", null, "9.9", null, "10.4", null, "9.7", null, "11.4", null, "12.2", null, "8.9", null, "7.2", null, "32.5", null, "0500000US12041", "Gilchrist County, Florida", "12", "041"], ["11359", null, "*", "37.1", null, null, "37.1", null, null, "33.1", null, null, "4.0", null, null, "0.0", null, null, "62.9", null, null, "4217", null, null, "10.8", null, null, "4983", null, "*", "35.5", null, null, "35.5", null, null, "31.6", null, null, "468", null, null, "66.2", null, null, "1549", null, "*", "47.3", null, "*", "3729", null, null, "76.1", null, null, "11.4", null, null, "1.7", null, null, "1.4", null, null, "2.8", null, null, "6.5", null, null, "33.7", null, null, "3763", null, null, "27.6", null, null, "17.0", null, null, "22.3", null, null, "18.0", null, "*", "15.1", null, null, "3763", null, null, "11.3", null, null, "8.3", null, "*", "4.4", null, "*", "0.6", null, null, "16.6", null, null, "9.2", null, null, "1.3", null, null, "2.4", null, null, "8.0", null, null, "14.1", null, null, "14.0", null, null, "4.9", null, "*", "5.0", null, null, "3763", null, null, "73.3", null, null, "16.7", null, "*", "9.9", null, null, "0.0", null, null, "4433", null, null, "4.3", null, null, "6.0", null, null, "11.6", null, null, "10.9", null, null, "19.2", null, null, "19.8", null, "*", "11.1", null, null, "9.4", null, null, "4.6", null, null, "3.1", null, null, "48544", null, "*", "65069", null, null, "52.6", null, null, "67814", null, null, "49.3", null, null, "23091", null, null, "28.2", null, null, "25047", null, null, "8.7", null, "*", "10926", null, null, "1.3", null, "*", "3364", null, null, "15.0", null, null, "2995", null, null, "2.2", null, null, "5.2", null, null, "4.1", null, null, "8.4", null, "*", "20.5", null, null, "24.3", null, "*", "13.5", null, null, "12.3", null, null, "5.4", null, null, "4.2", null, null, "59076", null, null, "76260", null, null, "25587", null, null, "1438", null, null, "28107", null, null, "39368", null, null, "31601", null, null, "50610", null, "*", "32776", null, null, "12147", null, "*", "80.1", null, null, "43.7", null, null, "52.0", null, null, "19.9", null, null, "2265", null, "*", "15.1", null, null, "6432", null, null, "3957", null, null, "3511", null, null, "73.8", null, null, "58.9", null, null, "17.5", null, null, "26.2", null, null, "446", null, null, "46.4", null, null, "26.2", null, "*", "20.2", null, null, "53.6", null, null, "2475", null, null, "65.4", null, null, "29.8", null, null, "39.3", null, null, "34.6", null, null, "11.1", null, "*", "18.9", null, null, "19.5", null, null, "6.8", null, "*", "8.7", null, null, "12.2", null, null, "32.8", null, null, "46.3", null, "*", "70.0", null, null, "17.0", null, null, "24.5", null, null, "23.9", null, null, "31.0", null, null, "22.0", null, null, "15.4", null, null, "15.9", null, null, "14.5", null, null, "12.1", null, null, "38.9", null, null, "10930", null, "39.1", null, "39.1", null, "36.7", null, "2.4", null, "0.0", null, "60.9", null, "4274", null, "6.2", null, "4643", null, "38.9", null, "38.9", null, "36.7", null, "436", null, "58.3", null, "993", null, "78.0", null, "3833", null, "72.7", null, "17.2", null, "0.1", null, "2.7", null, "3.2", null, "4.1", null, "33.7", null, "4007", null, "29.9", null, "16.3", null, "17.4", null, "27.0", null, "9.5", null, "4007", null, "9.8", null, "15.8", null, "9.9", null, "2.3", null, "15.1", null, "8.4", null, "0.1", null, "2.3", null, "8.9", null, "12.4", null, "9.0", null, "1.6", null, "4.3", null, "4007", null, "79.7", null, "11.7", null, "8.5", null, "0.1", null, "4560", null, "9.1", null, "6.9", null, "8.9", null, "14.6", null, "19.8", null, "11.3", null, "9.6", null, "12.6", null, "4.6", null, "2.7", null, "38905", null, "62991", null, "54.8", null, "66283", null, "46.5", null, "22836", null, "33.6", null, "23959", null, "3.3", null, "8657", null, "4.4", null, "7441", null, "16.0", null, "3129", null, "6.3", null, "4.3", null, "5.7", null, "17.4", null, "17.6", null, "13.1", null, "11.8", null, "15.5", null, "5.3", null, "3.0", null, "49345", null, "71678", null, "25697", null, "1431", null, "27278", null, "40981", null, "30620", null, "37891", null, "36190", null, "11155", null, "79.6", null, "48.9", null, "51.4", null, "20.4", null, "1765", null, "23.6", null, "6207", null, "4002", null, "3744", null, "73.4", null, "63.2", null, "17.8", null, "26.6", null, "258", null, "35.3", null, "3.9", null, "31.4", null, "64.7", null, "2205", null, "68.9", null, "36.7", null, "37.5", null, "31.1", null, "19.1", null, "29.2", null, "32.2", null, "16.4", null, "20.6", null, "23.3", null, "43.2", null, "80.3", null, "100.0", null, "21.2", null, "30.2", null, "29.5", null, "48.7", null, "24.0", null, "19.6", null, "22.7", null, "13.5", null, "17.0", null, "37.3", null, "0500000US12043", "Glades County, Florida", "12", "043"], ["13765", null, "*", "44.6", null, null, "44.4", null, null, "41.1", null, null, "3.3", null, "*", "0.3", null, null, "55.4", null, null, "6106", null, null, "7.4", null, "*", "5429", null, null, "45.8", null, null, "45.8", null, null, "41.6", null, null, "918", null, "*", "53.5", null, null, "1411", null, null, "64.1", null, "*", "5580", null, null, "73.5", null, null, "17.0", null, null, "0.0", null, null, "0.9", null, null, "3.2", null, null, "5.3", null, null, "23.7", null, null, "5654", null, null, "30.7", null, null, "26.4", null, "*", "18.9", null, null, "12.5", null, null, "11.5", null, null, "5654", null, null, "2.8", null, null, "7.8", null, null, "4.3", null, null, "1.5", null, null, "9.0", null, null, "4.5", null, null, "1.7", null, null, "5.3", null, null, "13.5", null, null, "19.7", null, null, "11.2", null, "*", "4.5", null, null, "14.2", null, null, "5654", null, null, "73.9", null, null, "20.0", null, null, "5.6", null, null, "0.4", null, null, "5359", null, null, "3.6", null, null, "4.7", null, null, "9.9", null, null, "11.0", null, "*", "17.4", null, null, "17.4", null, null, "13.5", null, null, "15.1", null, null, "4.6", null, null, "2.7", null, "*", "53915", null, "*", "69965", null, "*", "65.0", null, null, "65911", null, "*", "46.0", null, null, "24489", null, null, "24.9", null, "*", "32545", null, null, "6.6", null, null, "12486", null, null, "1.8", null, null, "4472", null, null, "10.5", null, null, "3668", null, null, "3.4", null, null, "1.0", null, null, "6.8", null, null, "8.2", null, null, "17.6", null, "*", "20.3", null, null, "16.8", null, null, "16.1", null, null, "6.1", null, null, "3.7", null, "*", "65302", null, "*", "78580", null, "*", "25873", null, "*", "1691", null, null, "33136", null, "*", "48308", null, "*", "31729", null, "*", "45237", null, "*", "43260", null, null, "13627", null, "*", "88.6", null, null, "63.5", null, null, "43.3", null, null, "11.4", null, null, "2773", null, "*", "3.8", null, "*", "7794", null, "*", "5649", null, "*", "5216", null, null, "83.3", null, null, "76.5", null, null, "10.2", null, null, "16.7", null, null, "433", null, "*", "44.1", null, null, "24.9", null, null, "19.2", null, null, "55.9", null, null, "2145", null, "*", "85.8", null, null, "48.7", null, null, "50.8", null, null, "14.2", null, null, "10.1", null, null, "15.6", null, null, "16.8", null, null, "3.9", null, null, "4.1", null, null, "0.0", null, null, "36.3", null, null, "51.8", null, null, "41.3", null, null, "13.9", null, null, "20.4", null, null, "20.4", null, null, "25.1", null, null, "18.4", null, null, "12.4", null, null, "14.1", null, null, "7.8", null, null, "11.8", null, null, "23.6", null, null, "12947", null, "43.8", null, "43.8", null, "42.4", null, "1.4", null, "0.0", null, "56.2", null, "5666", null, "3.2", null, "5426", null, "48.2", null, "48.2", null, "47.6", null, "602", null, "66.9", null, "1361", null, "81.3", null, "5337", null, "69.1", null, "16.7", null, "0.0", null, "1.8", null, "3.6", null, "8.8", null, "25.3", null, "5484", null, "36.4", null, "14.4", null, "23.1", null, "17.9", null, "8.2", null, "5484", null, "3.4", null, "12.1", null, "3.7", null, "1.3", null, "11.2", null, "5.5", null, "1.5", null, "6.9", null, "10.9", null, "19.4", null, "4.9", null, "6.8", null, "12.4", null, "5484", null, "70.7", null, "23.0", null, "6.4", null, "0.0", null, "5800", null, "5.2", null, "3.3", null, "7.5", null, "5.8", null, "15.9", null, "16.9", null, "14.4", null, "15.3", null, "7.3", null, "8.2", null, "67361", null, "94247", null, "68.2", null, "81449", null, "47.0", null, "25070", null, "38.2", null, "35760", null, "5.0", null, "11772", null, "1.7", null, "1333", null, "13.7", null, "3853", null, "4.0", null, "1.5", null, "6.4", null, "6.4", null, "11.9", null, "17.0", null, "15.8", null, "16.7", null, "8.5", null, "11.7", null, "78722", null, "109525", null, "38258", null, "1947", null, "47062", null, "62105", null, "40788", null, "54063", null, "45870", null, "12233", null, "90.5", null, "65.2", null, "45.3", null, "9.5", null, "2285", null, "9.0", null, "6600", null, "4977", null, "4827", null, "87.3", null, "77.3", null, "11.4", null, "12.7", null, "150", null, "40.0", null, "6.7", null, "40.0", null, "60.0", null, "1623", null, "84.6", null, "58.7", null, "41.2", null, "15.4", null, "10.2", null, "19.1", null, "34.1", null, "4.2", null, "11.4", null, "24.1", null, "31.8", null, "42.4", null, "67.2", null, "11.6", null, "15.7", null, "14.8", null, "24.3", null, "11.6", null, "10.7", null, "12.9", null, "6.4", null, "8.8", null, "22.3", null, "0500000US12045", "Gulf County, Florida", "12", "045"], ["11861", null, "*", "36.1", null, null, "36.1", null, null, "30.8", null, null, "5.3", null, "*", "0.0", null, null, "63.9", null, null, "4284", null, null, "14.6", null, "*", "4817", null, null, "43.4", null, null, "43.4", null, null, "38.2", null, null, "830", null, "*", "40.7", null, "*", "1737", null, null, "68.5", null, null, "3585", null, null, "76.7", null, null, "13.1", null, null, "0.2", null, null, "2.2", null, null, "3.3", null, null, "4.5", null, null, "22.6", null, "*", "3658", null, null, "28.0", null, null, "24.7", null, null, "19.7", null, null, "11.5", null, null, "16.1", null, null, "3658", null, null, "14.2", null, "*", "5.0", null, null, "9.6", null, "*", "1.3", null, null, "9.7", null, "*", "7.8", null, null, "0.5", null, null, "3.1", null, "*", "3.5", null, "*", "24.4", null, null, "8.2", null, null, "3.8", null, null, "8.9", null, null, "3658", null, null, "63.9", null, null, "26.3", null, null, "9.8", null, null, "0.0", null, null, "4485", null, null, "8.5", null, null, "8.8", null, null, "13.4", null, null, "14.5", null, null, "9.7", null, null, "18.8", null, null, "10.2", null, null, "11.3", null, null, "2.4", null, null, "2.3", null, null, "42098", null, null, "58922", null, null, "67.3", null, null, "61839", null, null, "38.4", null, "*", "21769", null, null, "20.9", null, "*", "21078", null, null, "12.2", null, null, "11960", null, null, "2.1", null, "*", "2817", null, null, "32.2", null, null, "3210", null, null, "7.9", null, null, "4.2", null, null, "11.9", null, "*", "12.7", null, null, "10.8", null, null, "19.8", null, "*", "12.7", null, null, "14.0", null, null, "3.2", null, null, "2.6", null, null, "52800", null, null, "66844", null, null, "18377", null, null, "1275", null, null, "24518", null, null, "36024", null, null, "28353", null, null, "49068", null, null, "34272", null, null, "10987", null, null, "85.7", null, null, "50.9", null, null, "49.3", null, "*", "14.3", null, null, "2795", null, null, "6.2", null, null, "6032", null, "*", "3942", null, "*", "3401", null, null, "84.2", null, null, "75.2", null, null, "15.0", null, null, "15.8", null, null, "541", null, "*", "47.1", null, null, "29.9", null, null, "18.3", null, null, "52.9", null, null, "2090", null, null, "73.4", null, null, "29.3", null, null, "48.6", null, null, "26.6", null, null, "25.2", null, "*", "36.4", null, null, "32.9", null, null, "15.8", null, null, "24.1", null, null, "35.9", null, null, "44.4", null, "*", "52.9", null, null, "35.3", null, null, "29.5", null, null, "40.1", null, null, "40.1", null, null, "41.4", null, null, "39.6", null, null, "26.1", null, null, "29.2", null, null, "17.2", null, null, "26.7", null, null, "44.1", null, null, "10993", null, "36.1", null, "36.1", null, "33.2", null, "2.9", null, "0.0", null, "63.9", null, "3967", null, "7.9", null, "4855", null, "43.0", null, "43.0", null, "40.0", null, "690", null, "69.3", null, "1819", null, "71.7", null, "3578", null, "75.4", null, "13.8", null, "0.2", null, "1.3", null, "1.7", null, "7.5", null, "26.4", null, "3653", null, "25.0", null, "25.8", null, "22.8", null, "11.4", null, "15.1", null, "3653", null, "7.6", null, "3.9", null, "4.7", null, "1.4", null, "18.2", null, "7.8", null, "2.9", null, "0.7", null, "8.4", null, "19.0", null, "11.7", null, "4.7", null, "9.0", null, "3653", null, "69.4", null, "20.4", null, "8.5", null, "1.7", null, "4360", null, "11.3", null, "6.0", null, "9.9", null, "13.3", null, "10.6", null, "24.4", null, "10.3", null, "11.0", null, "1.9", null, "1.4", null, "47696", null, "56421", null, "65.2", null, "54408", null, "46.9", null, "22488", null, "31.5", null, "20091", null, "9.4", null, "11024", null, "4.7", null, "1328", null, "32.1", null, "3109", null, "9.3", null, "3.1", null, "7.1", null, "10.6", null, "11.6", null, "28.6", null, "13.2", null, "12.9", null, "2.0", null, "1.7", null, "52105", null, "63433", null, "18104", null, "1251", null, "26607", null, "33121", null, "28686", null, "43176", null, "36215", null, "10870", null, "86.7", null, "46.4", null, "55.6", null, "13.3", null, "2849", null, "8.0", null, "5539", null, "3495", null, "3198", null, "87.2", null, "71.9", null, "19.6", null, "12.8", null, "297", null, "53.5", null, "20.9", null, "33.7", null, "46.5", null, "2044", null, "68.5", null, "29.9", null, "44.8", null, "31.5", null, "18.0", null, "33.9", null, "11.4", null, "12.7", null, "31.1", null, "0.0", null, "25.8", null, "34.7", null, "88.9", null, "27.3", null, "38.5", null, "38.4", null, "34.4", null, "39.6", null, "23.8", null, "26.2", null, "18.1", null, "23.8", null, "44.4", null, "0500000US12047", "Hamilton County, Florida", "12", "047"], ["20696", null, "*", "51.4", null, null, "51.4", null, null, "48.4", null, null, "3.1", null, null, "0.0", null, null, "48.6", null, null, "10648", null, null, "6.0", null, null, "9648", null, "*", "47.8", null, null, "47.8", null, null, "45.1", null, null, "1850", null, null, "58.8", null, null, "4977", null, "*", "62.3", null, null, "9835", null, null, "80.1", null, "*", "9.6", null, "*", "3.3", null, null, "1.5", null, null, "1.3", null, null, "4.1", null, null, "23.8", null, "*", "10011", null, null, "21.9", null, null, "18.8", null, null, "19.2", null, null, "21.7", null, null, "18.4", null, null, "10011", null, null, "16.4", null, null, "7.8", null, null, "5.6", null, null, "3.7", null, "*", "11.4", null, null, "5.7", null, null, "1.5", null, null, "4.3", null, null, "7.1", null, null, "16.3", null, null, "7.6", null, null, "6.1", null, "*", "6.5", null, null, "10011", null, null, "76.2", null, "*", "15.6", null, null, "8.2", null, "*", "0.0", null, null, "7772", null, null, "6.7", null, null, "8.0", null, null, "10.9", null, null, "11.9", null, null, "16.6", null, null, "15.2", null, null, "12.9", null, null, "10.9", null, "*", "3.5", null, null, "3.4", null, null, "45763", null, "*", "66628", null, null, "70.3", null, null, "69089", null, "*", "36.6", null, null, "22297", null, null, "17.9", null, null, "37683", null, null, "3.8", null, "*", "11489", null, null, "1.1", null, "*", "2493", null, null, "24.2", null, null, "5576", null, "*", "7.1", null, null, "3.5", null, null, "6.7", null, null, "11.0", null, null, "15.0", null, null, "18.9", null, null, "15.0", null, null, "13.5", null, "*", "4.7", null, null, "4.6", null, null, "58195", null, null, "76934", null, null, "22223", null, null, "2196", null, null, "26562", null, null, "38045", null, null, "29896", null, "*", "38694", null, "*", "33309", null, "*", "25496", null, "*", "87.8", null, "*", "41.1", null, "*", "57.6", null, "*", "12.2", null, "*", "7669", null, "*", "4.3", null, null, "13739", null, "*", "9825", null, null, "9267", null, null, "81.5", null, null, "58.0", null, "*", "27.9", null, "*", "18.5", null, null, "558", null, null, "60.4", null, null, "23.5", null, null, "36.9", null, null, "39.6", null, null, "3914", null, null, "79.8", null, "*", "32.1", null, null, "54.0", null, null, "20.2", null, "*", "19.9", null, null, "34.1", null, null, "19.3", null, null, "10.5", null, null, "18.8", null, null, "14.0", null, null, "48.0", null, null, "60.1", null, null, "44.9", null, null, "26.7", null, null, "43.5", null, null, "43.5", null, null, "57.9", null, "*", "38.9", null, null, "20.1", null, null, "21.7", null, null, "14.5", null, null, "24.9", null, null, "37.2", null, null, "19833", null, "51.5", null, "51.4", null, "47.9", null, "3.5", null, "0.1", null, "48.5", null, "10195", null, "6.8", null, "9086", null, "45.3", null, "45.3", null, "42.8", null, "1943", null, "55.0", null, "3751", null, "63.3", null, "9382", null, "71.9", null, "21.2", null, "1.0", null, "1.1", null, "0.7", null, "4.0", null, "27.9", null, "9499", null, "25.3", null, "18.5", null, "19.9", null, "19.2", null, "17.0", null, "9499", null, "14.0", null, "9.9", null, "5.8", null, "0.2", null, "13.5", null, "7.5", null, "0.9", null, "7.3", null, "8.7", null, "17.8", null, "6.3", null, "2.5", null, "5.7", null, "9499", null, "81.5", null, "14.3", null, "3.9", null, "0.3", null, "8148", null, "7.8", null, "8.4", null, "8.9", null, "8.4", null, "12.8", null, "17.1", null, "13.3", null, "15.8", null, "3.2", null, "4.4", null, "54231", null, "76755", null, "66.4", null, "87318", null, "33.6", null, "22775", null, "18.9", null, "31640", null, "9.2", null, "11096", null, "4.0", null, "1861", null, "25.9", null, "6168", null, "5.7", null, "4.8", null, "7.9", null, "7.6", null, "13.9", null, "17.1", null, "15.3", null, "19.1", null, "3.1", null, "5.5", null, "60539", null, "86666", null, "26225", null, "1980", null, "25598", null, "34740", null, "34974", null, "47185", null, "40524", null, "23913", null, "83.2", null, "49.8", null, "44.3", null, "16.8", null, "6585", null, "4.6", null, "13441", null, "9585", null, "8937", null, "76.1", null, "68.7", null, "9.8", null, "23.9", null, "648", null, "40.1", null, "22.7", null, "20.7", null, "59.9", null, "3856", null, "69.9", null, "27.6", null, "46.5", null, "30.1", null, "20.5", null, "30.3", null, "40.3", null, "10.9", null, "14.3", null, "18.9", null, "53.3", null, "55.6", null, "59.6", null, "24.3", null, "34.1", null, "33.1", null, "33.0", null, "33.1", null, "20.8", null, "22.7", null, "14.3", null, "20.9", null, "43.2", null, "0500000US12049", "Hardee County, Florida", "12", "049"], ["30659", null, "*", "59.8", null, null, "59.8", null, null, "54.8", null, "*", "5.0", null, "*", "0.0", null, null, "40.2", null, null, "18335", null, "*", "8.3", null, "*", "14356", null, null, "51.9", null, null, "51.9", null, null, "46.3", null, null, "3370", null, null, "53.4", null, null, "6778", null, "*", "68.5", null, null, "16457", null, "*", "64.6", null, null, "16.1", null, null, "7.6", null, "*", "4.1", null, null, "3.3", null, null, "4.2", null, null, "28.1", null, null, "16808", null, "*", "18.7", null, "*", "15.0", null, null, "18.2", null, null, "32.4", null, "*", "15.7", null, null, "16808", null, "*", "22.7", null, "*", "10.5", null, null, "7.9", null, null, "4.0", null, null, "9.4", null, null, "4.7", null, null, "0.7", null, null, "1.8", null, "*", "7.6", null, null, "14.7", null, "*", "7.9", null, null, "5.6", null, null, "2.7", null, null, "16808", null, "*", "86.6", null, "*", "8.9", null, "*", "4.4", null, null, "0.1", null, null, "12027", null, "*", "6.5", null, null, "5.4", null, null, "13.3", null, null, "12.1", null, null, "14.3", null, null, "16.5", null, null, "11.3", null, null, "14.0", null, null, "3.3", null, null, "3.2", null, null, "49577", null, null, "68692", null, null, "76.8", null, null, "69924", null, null, "30.5", null, null, "21166", null, null, "13.7", null, null, "21669", null, null, "7.5", null, null, "14095", null, null, "5.0", null, "*", "1024", null, null, "28.2", null, "*", "8771", null, "*", "7.2", null, null, "5.5", null, null, "8.7", null, null, "9.5", null, null, "14.2", null, null, "18.4", null, null, "13.3", null, null, "15.7", null, null, "3.5", null, null, "4.0", null, null, "54889", null, null, "74436", null, null, "23007", null, "*", "3256", null, null, "26926", null, null, "46578", null, null, "27552", null, "*", "40855", null, null, "33299", null, null, "39475", null, "*", "73.8", null, "*", "39.3", null, "*", "42.2", null, null, "26.2", null, "*", "11505", null, "*", "16.6", null, "*", "22837", null, "*", "16976", null, "*", "15765", null, "*", "65.0", null, "*", "57.5", null, null, "9.3", null, "*", "35.0", null, "*", "1211", null, null, "42.8", null, null, "25.4", null, null, "23.2", null, null, "57.2", null, null, "5861", null, null, "65.6", null, null, "26.5", null, null, "46.1", null, null, "34.4", null, null, "23.1", null, "*", "30.4", null, null, "17.2", null, null, "14.0", null, null, "16.1", null, null, "5.8", null, null, "40.6", null, null, "47.1", null, null, "37.1", null, null, "26.8", null, "*", "34.1", null, null, "34.1", null, null, "37.5", null, null, "32.8", null, null, "24.1", null, null, "25.6", null, "*", "17.4", null, null, "22.2", null, null, "47.7", null, "*", "31734", null, "61.8", null, "61.8", null, "59.1", null, "2.7", null, "0.0", null, "38.2", null, "19619", null, "4.4", null, "14296", null, "54.3", null, "54.3", null, "51.6", null, "3580", null, "62.7", null, "6097", null, "67.0", null, "18558", null, "66.6", null, "17.0", null, "3.0", null, "3.0", null, "5.1", null, "5.4", null, "31.7", null, "18758", null, "24.4", null, "14.7", null, "20.5", null, "24.5", null, "15.9", null, "18758", null, "16.5", null, "12.5", null, "6.2", null, "3.1", null, "11.2", null, "4.3", null, "0.9", null, "3.9", null, "8.4", null, "18.7", null, "6.0", null, "4.1", null, "4.3", null, "18758", null, "82.1", null, "12.7", null, "4.7", null, "0.5", null, "13944", null, "5.2", null, "5.6", null, "9.9", null, "11.5", null, "16.1", null, "16.5", null, "11.4", null, "14.4", null, "4.6", null, "4.8", null, "53044", null, "74323", null, "79.5", null, "75537", null, "30.1", null, "20191", null, "16.4", null, "22090", null, "6.6", null, "11970", null, "1.7", null, "1388", null, "18.0", null, "9996", null, "4.1", null, "4.0", null, "9.6", null, "10.7", null, "16.3", null, "16.4", null, "11.1", null, "16.2", null, "5.6", null, "6.0", null, "57766", null, "81478", null, "26234", null, "3948", null, "34858", null, "46400", null, "33995", null, "43094", null, "35097", null, "40029", null, "79.4", null, "44.4", null, "43.3", null, "20.6", null, "10917", null, "9.1", null, "23826", null, "18027", null, "17221", null, "71.9", null, "61.6", null, "13.2", null, "28.1", null, "806", null, "57.6", null, "29.0", null, "28.5", null, "42.4", null, "5799", null, "66.4", null, "32.1", null, "40.0", null, "33.6", null, "17.3", null, "22.8", null, "5.0", null, "9.7", null, "13.8", null, "0.0", null, "31.6", null, "33.0", null, "18.8", null, "21.6", null, "25.2", null, "25.0", null, "24.2", null, "25.4", null, "20.4", null, "20.7", null, "19.0", null, "18.1", null, "35.8", null, "0500000US12051", "Hendry County, Florida", "12", "051"], ["152965", null, "*", "46.8", null, "*", "46.7", null, "*", "43.3", null, "*", "3.4", null, null, "0.1", null, null, "53.2", null, "*", "71502", null, "*", "7.4", null, "*", "80168", null, "*", "43.0", null, "*", "43.0", null, "*", "39.9", null, "*", "9388", null, "*", "67.2", null, null, "21892", null, "*", "68.0", null, null, "65071", null, "*", "81.6", null, "*", "8.6", null, null, "0.3", null, null, "1.0", null, null, "1.8", null, null, "6.7", null, "*", "30.2", null, null, "66227", null, "*", "29.7", null, "*", "20.3", null, "*", "27.6", null, "*", "10.1", null, null, "12.2", null, null, "66227", null, "*", "1.0", null, null, "7.6", null, "*", "5.5", null, null, "1.8", null, null, "15.9", null, null, "6.9", null, "*", "1.2", null, null, "6.7", null, null, "11.0", null, "*", "22.4", null, null, "10.1", null, null, "5.1", null, null, "4.9", null, null, "66227", null, "*", "82.2", null, null, "12.6", null, null, "4.9", null, null, "0.2", null, null, "73541", null, "*", "5.2", null, null, "3.6", null, null, "9.9", null, "*", "10.5", null, "*", "15.5", null, "*", "20.7", null, null, "12.4", null, "*", "13.7", null, "*", "5.2", null, null, "3.3", null, "*", "56032", null, "*", "72058", null, "*", "58.9", null, "*", "76651", null, "*", "51.1", null, "*", "24938", null, null, "29.9", null, "*", "26776", null, "*", "6.5", null, null, "13615", null, null, "2.2", null, null, "2633", null, null, "15.1", null, "*", "49475", null, "*", "3.3", null, null, "2.2", null, null, "5.9", null, "*", "8.7", null, "*", "14.7", null, "*", "22.9", null, null, "14.5", null, "*", "16.8", null, "*", "6.8", null, null, "4.2", null, "*", "66035", null, "*", "82527", null, "*", "29886", null, "*", "24066", null, "*", "34025", null, "*", "46437", null, "*", "35118", null, "*", "50347", null, null, "43356", null, null, "180731", null, "*", "87.4", null, null, "56.5", null, null, "48.4", null, "*", "12.6", null, null, "35696", null, "*", "8.3", null, null, "95386", null, "*", "65519", null, "*", "60839", null, "*", "79.9", null, "*", "72.4", null, "*", "10.7", null, null, "20.1", null, "*", "4680", null, null, "56.7", null, null, "30.8", null, null, "28.0", null, null, "43.3", null, null, "29867", null, null, "82.2", null, null, "42.4", null, "*", "47.8", null, null, "17.8", null, null, "10.1", null, null, "16.9", null, null, "14.8", null, null, "6.4", null, null, "8.9", null, null, "6.5", null, "*", "24.1", null, "*", "35.9", null, "*", "36.3", null, "*", "14.3", null, "*", "19.2", null, "*", "18.3", null, null, "21.2", null, null, "17.4", null, null, "13.2", null, "*", "15.1", null, "*", "9.4", null, null, "11.3", null, "*", "27.0", null, "*", "168837", null, "51.0", null, "51.0", null, "48.0", null, "3.0", null, "0.0", null, "49.0", null, "86075", null, "5.8", null, "87585", null, "47.9", null, "47.9", null, "44.7", null, "9856", null, "65.2", null, "24640", null, "71.5", null, "79508", null, "74.4", null, "9.3", null, "0.3", null, "1.2", null, "2.1", null, "12.8", null, "30.4", null, "81050", null, "33.5", null, "18.6", null, "24.3", null, "11.0", null, "12.6", null, "81050", null, "0.8", null, "9.5", null, "5.5", null, "1.9", null, "14.6", null, "5.4", null, "1.2", null, "6.2", null, "12.6", null, "23.4", null, "9.5", null, "4.7", null, "4.9", null, "81050", null, "80.9", null, "13.1", null, "5.8", null, "0.2", null, "80544", null, "5.2", null, "3.5", null, "7.6", null, "8.4", null, "13.1", null, "20.7", null, "14.4", null, "16.6", null, "5.8", null, "4.7", null, "63193", null, "80550", null, "62.9", null, "80516", null, "48.1", null, "25278", null, "36.3", null, "30314", null, "6.5", null, "13107", null, "2.8", null, "2805", null, "13.0", null, "54233", null, "3.8", null, "1.7", null, "4.4", null, "5.9", null, "12.5", null, "21.7", null, "17.5", null, "19.4", null, "7.4", null, "5.6", null, "74933", null, "89885", null, "33079", null, "26311", null, "38419", null, "55451", null, "37176", null, "52275", null, "43073", null, "199641", null, "88.3", null, "58.0", null, "46.6", null, "11.7", null, "39370", null, "7.7", null, "107325", null, "77419", null, "73076", null, "83.0", null, "75.8", null, "10.6", null, "17.0", null, "4343", null, "60.7", null, "38.7", null, "25.0", null, "39.3", null, "29906", null, "80.2", null, "47.1", null, "45.8", null, "19.8", null, "9.1", null, "15.3", null, "11.8", null, "6.2", null, "8.7", null, "1.5", null, "17.0", null, "25.8", null, "17.7", null, "12.0", null, "15.5", null, "15.2", null, "16.2", null, "15.0", null, "11.2", null, "12.0", null, "9.6", null, "9.1", null, "24.1", null, "0500000US12053", "Hernando County, Florida", "12", "053"], ["86414", null, "*", "42.6", null, null, "42.6", null, null, "37.9", null, "*", "4.6", null, "*", "0.0", null, null, "57.4", null, null, "36778", null, null, "10.8", null, "*", "44749", null, "*", "38.9", null, null, "38.9", null, null, "35.2", null, null, "5217", null, "*", "69.1", null, null, "11338", null, null, "66.3", null, null, "32095", null, "*", "77.9", null, null, "10.9", null, null, "1.1", null, "*", "2.6", null, null, "1.6", null, null, "5.9", null, null, "19.9", null, "*", "32793", null, "*", "27.6", null, "*", "23.0", null, null, "23.7", null, "*", "13.3", null, null, "12.4", null, null, "32793", null, "*", "6.4", null, "*", "7.0", null, "*", "3.3", null, null, "1.2", null, null, "16.7", null, "*", "4.2", null, null, "0.6", null, null, "4.5", null, null, "8.9", null, null, "24.9", null, null, "11.9", null, "*", "6.3", null, null, "4.1", null, "*", "32793", null, "*", "80.5", null, "*", "12.4", null, "*", "6.7", null, null, "0.4", null, null, "41026", null, "*", "5.7", null, null, "4.6", null, null, "12.7", null, "*", "13.4", null, "*", "17.2", null, "*", "19.3", null, null, "12.0", null, null, "8.8", null, "*", "3.2", null, "*", "3.2", null, null, "45421", null, "*", "67163", null, "*", "51.6", null, null, "69829", null, null, "56.8", null, null, "25736", null, null, "30.9", null, "*", "27514", null, null, "6.4", null, null, "13449", null, null, "1.7", null, null, "3703", null, null, "14.0", null, null, "26755", null, "*", "4.4", null, null, "1.8", null, null, "8.0", null, null, "10.7", null, "*", "18.6", null, "*", "22.7", null, null, "15.0", null, null, "11.0", null, "*", "4.1", null, "*", "3.7", null, "*", "55527", null, "*", "76796", null, "*", "28876", null, "*", "14271", null, "*", "28939", null, null, "46967", null, null, "25988", null, "*", "43815", null, "*", "37534", null, "*", "100987", null, "*", "87.3", null, null, "52.0", null, null, "58.1", null, "*", "12.7", null, null, "18457", null, null, "6.5", null, null, "47625", null, null, "32425", null, null, "29056", null, "*", "77.8", null, null, "62.6", null, "*", "17.5", null, "*", "22.2", null, null, "3369", null, "*", "55.0", null, null, "27.5", null, null, "34.4", null, "*", "45.0", null, null, "15200", null, null, "78.9", null, null, "37.0", null, null, "48.1", null, null, "21.1", null, null, "13.3", null, null, "27.5", null, "*", "12.8", null, "*", "10.2", null, "*", "21.7", null, "*", "0.0", null, "*", "29.5", null, null, "41.6", null, null, "32.5", null, null, "19.2", null, "*", "33.7", null, "*", "33.5", null, "*", "31.8", null, "*", "34.1", null, "*", "16.2", null, null, "21.6", null, "*", "8.6", null, null, "16.9", null, "*", "28.6", null, null, "88485", null, "43.0", null, "42.9", null, "40.4", null, "2.5", null, "0.1", null, "57.0", null, "37960", null, "5.9", null, "45323", null, "40.2", null, "40.2", null, "37.4", null, "4715", null, "66.3", null, "11397", null, "73.1", null, "35159", null, "75.9", null, "12.7", null, "0.2", null, "1.9", null, "1.8", null, "7.6", null, "23.1", null, "35736", null, "32.6", null, "20.7", null, "20.7", null, "14.6", null, "11.4", null, "35736", null, "3.7", null, "10.6", null, "4.3", null, "1.8", null, "12.6", null, "3.9", null, "1.0", null, "4.8", null, "10.5", null, "26.4", null, "7.9", null, "5.8", null, "6.6", null, "35736", null, "76.6", null, "17.4", null, "5.7", null, "0.3", null, "45943", null, "6.7", null, "5.1", null, "10.6", null, "9.1", null, "14.4", null, "20.1", null, "13.2", null, "11.9", null, "4.7", null, "4.3", null, "55581", null, "72590", null, "53.2", null, "74216", null, "55.6", null, "25123", null, "37.1", null, "29586", null, "6.2", null, "13300", null, "1.9", null, "2949", null, "14.9", null, "28651", null, "4.0", null, "2.8", null, "6.9", null, "6.2", null, "14.5", null, "23.6", null, "15.6", null, "14.4", null, "6.6", null, "5.3", null, "65774", null, "85131", null, "32982", null, "17292", null, "32518", null, "48521", null, "36067", null, "47549", null, "42551", null, "102449", null, "87.3", null, "54.1", null, "55.8", null, "12.7", null, "18383", null, "9.4", null, "47495", null, "33249", null, "31394", null, "77.6", null, "67.9", null, "12.9", null, "22.4", null, "1855", null, "47.4", null, "31.3", null, "21.2", null, "52.6", null, "14246", null, "78.9", null, "37.9", null, "49.4", null, "21.1", null, "11.4", null, "18.9", null, "32.1", null, "7.5", null, "10.3", null, "22.1", null, "29.7", null, "41.0", null, "54.9", null, "15.4", null, "21.2", null, "20.4", null, "22.0", null, "19.8", null, "14.2", null, "17.2", null, "10.2", null, "12.1", null, "26.7", null, "0500000US12055", "Highlands County, Florida", "12", "055"], ["1099131", null, "*", "64.9", null, "*", "64.5", null, null, "60.5", null, "*", "4.0", null, "*", "0.4", null, "*", "35.1", null, "*", "708895", null, "*", "6.1", null, "*", "568957", null, "*", "60.1", null, null, "59.9", null, null, "56.1", null, "*", "99672", null, null, "66.8", null, "*", "200260", null, "*", "73.0", null, null, "660016", null, "*", "79.6", null, "*", "8.9", null, null, "1.5", null, "*", "1.5", null, null, "1.9", null, "*", "6.6", null, "*", "27.8", null, "*", "665406", null, "*", "38.7", null, "*", "17.7", null, "*", "25.1", null, "*", "8.7", null, null, "9.7", null, "*", "665406", null, "*", "1.3", null, "*", "6.7", null, "*", "4.9", null, "*", "2.8", null, "*", "11.5", null, "*", "5.0", null, "*", "2.2", null, "*", "10.6", null, null, "14.8", null, "*", "21.8", null, "*", "10.1", null, "*", "4.6", null, null, "3.7", null, "*", "665406", null, "*", "83.9", null, null, "11.4", null, "*", "4.6", null, "*", "0.1", null, null, "516478", null, "*", "5.0", null, "*", "3.8", null, "*", "8.0", null, "*", "8.3", null, "*", "11.7", null, "*", "17.2", null, null, "12.5", null, null, "16.1", null, "*", "7.7", null, "*", "9.7", null, "*", "68335", null, "*", "97192", null, "*", "79.7", null, "*", "99775", null, "*", "27.9", null, null, "23089", null, "*", "15.7", null, "*", "31735", null, null, "5.5", null, "*", "11920", null, "*", "2.4", null, "*", "2885", null, "*", "14.9", null, "*", "326368", null, "*", "3.5", null, null, "2.1", null, "*", "5.6", null, "*", "7.0", null, "*", "10.4", null, "*", "16.6", null, null, "13.1", null, null, "18.9", null, "*", "9.8", null, "*", "13.0", null, "*", "83569", null, "*", "113970", null, "*", "37946", null, "*", "190110", null, "*", "45579", null, "*", "64266", null, "*", "39789", null, "*", "58821", null, "*", "49350", null, "*", "1367433", null, "*", "87.0", null, "*", "63.5", null, "*", "32.3", null, null, "13.0", null, "*", "333320", null, "*", "6.6", null, "*", "847211", null, "*", "663800", null, "*", "625167", null, "*", "83.5", null, "*", "78.3", null, "*", "7.8", null, "*", "16.5", null, "*", "38633", null, "*", "60.9", null, "*", "35.5", null, "*", "27.7", null, null, "39.1", null, "*", "183411", null, "*", "80.5", null, "*", "49.3", null, "*", "37.8", null, "*", "19.5", null, "*", "11.2", null, "*", "16.6", null, "*", "16.4", null, "*", "6.0", null, "*", "7.5", null, "*", "5.6", null, "*", "26.6", null, "*", "34.3", null, "*", "39.9", null, null, "15.3", null, "*", "20.7", null, "*", "20.4", null, "*", "23.5", null, "*", "19.2", null, "*", "13.7", null, "*", "14.3", null, "*", "11.0", null, "*", "12.6", null, "*", "25.4", null, "*", "1201885", null, "65.5", null, "64.9", null, "62.0", null, "2.9", null, "0.6", null, "34.5", null, "780230", null, "4.5", null, "616644", null, "60.6", null, "60.4", null, "57.7", null, "99208", null, "70.8", null, "209727", null, "73.1", null, "738077", null, "68.9", null, "8.6", null, "0.8", null, "1.3", null, "2.1", null, "18.3", null, "28.7", null, "744782", null, "42.4", null, "16.1", null, "22.5", null, "8.5", null, "10.5", null, "744782", null, "1.0", null, "7.9", null, "5.4", null, "2.5", null, "11.0", null, "5.6", null, "1.7", null, "10.7", null, "16.1", null, "21.0", null, "9.4", null, "4.5", null, "3.3", null, "744782", null, "84.0", null, "10.7", null, "5.2", null, "0.1", null, "569998", null, "5.5", null, "3.1", null, "6.2", null, "7.2", null, "11.2", null, "16.9", null, "12.9", null, "17.0", null, "8.4", null, "11.6", null, "75011", null, "106537", null, "80.5", null, "108350", null, "27.9", null, "22442", null, "20.5", null, "31871", null, "4.7", null, "10606", null, "2.0", null, "3641", null, "13.1", null, "360297", null, "3.8", null, "1.6", null, "4.3", null, "5.7", null, "9.4", null, "16.0", null, "13.4", null, "19.8", null, "10.6", null, "15.2", null, "91253", null, "124887", null, "41980", null, "209701", null, "48940", null, "69640", null, "43484", null, "60816", null, "50695", null, "1474629", null, "88.5", null, "65.1", null, "32.8", null, "11.5", null, "344777", null, "5.4", null, "913227", null, "724561", null, "693385", null, "85.4", null, "80.0", null, "8.6", null, "14.6", null, "31176", null, "64.9", null, "41.8", null, "26.9", null, "35.1", null, "188666", null, "81.8", null, "52.0", null, "36.1", null, "18.2", null, "9.6", null, "14.0", null, "11.3", null, "5.2", null, "6.3", null, "3.3", null, "22.2", null, "29.8", null, "34.1", null, "13.2", null, "16.5", null, "16.3", null, "17.0", null, "16.0", null, "12.3", null, "12.0", null, "13.4", null, "10.1", null, "24.3", null, "0500000US12057", "Hillsborough County, Florida", "12", "057"], ["16046", null, null, "46.1", null, null, "45.8", null, null, "40.9", null, "*", "4.9", null, "*", "0.3", null, null, "53.9", null, null, "7357", null, null, "10.7", null, "*", "7363", null, null, "45.0", null, null, "45.0", null, null, "38.6", null, "*", "968", null, null, "74.2", null, null, "2310", null, null, "69.6", null, null, "6510", null, "*", "83.3", null, null, "10.4", null, "*", "0.1", null, null, "1.0", null, null, "1.2", null, null, "4.0", null, null, "27.8", null, "*", "6567", null, "*", "28.0", null, null, "21.9", null, null, "20.2", null, null, "14.8", null, null, "15.0", null, null, "6567", null, "*", "5.6", null, null, "12.6", null, null, "4.9", null, null, "2.5", null, null, "13.5", null, null, "6.5", null, null, "0.9", null, null, "3.7", null, null, "7.6", null, null, "19.7", null, null, "7.7", null, null, "4.5", null, null, "10.3", null, null, "6567", null, "*", "73.3", null, null, "18.9", null, null, "7.8", null, null, "0.0", null, null, "7016", null, null, "6.4", null, null, "8.4", null, "*", "14.0", null, null, "11.9", null, null, "12.0", null, "*", "19.6", null, null, "8.7", null, null, "14.4", null, null, "2.4", null, null, "2.2", null, null, "46997", null, null, "60421", null, null, "63.1", null, null, "63761", null, null, "48.8", null, "*", "20723", null, null, "19.7", null, "*", "25146", null, null, "6.9", null, null, "11400", null, null, "3.2", null, null, "2218", null, null, "21.5", null, "*", "4883", null, null, "4.8", null, null, "4.5", null, "*", "11.5", null, null, "12.7", null, "*", "10.9", null, "*", "21.8", null, null, "9.8", null, null, "17.6", null, null, "3.3", null, null, "3.1", null, null, "57956", null, null, "68977", null, null, "22610", null, null, "2133", null, null, "23745", null, null, "35998", null, null, "31564", null, null, "45004", null, null, "40724", null, null, "17620", null, "*", "81.1", null, "*", "51.5", null, null, "44.6", null, null, "18.9", null, "*", "3970", null, "*", "11.1", null, null, "9960", null, null, "6713", null, null, "6002", null, "*", "73.1", null, "*", "63.5", null, "*", "10.8", null, null, "26.9", null, "*", "711", null, "*", "45.9", null, null, "14.3", null, null, "33.2", null, null, "54.1", null, null, "3247", null, null, "73.8", null, "*", "27.9", null, null, "51.2", null, null, "26.2", null, "*", "21.0", null, "*", "31.3", null, "*", "38.4", null, null, "13.8", null, "*", "22.1", null, "*", "41.6", null, null, "36.4", null, "*", "46.6", null, "*", "12.5", null, "*", "25.6", null, "*", "33.1", null, "*", "32.2", null, "*", "40.7", null, "*", "29.6", null, null, "23.6", null, "*", "26.4", null, "*", "15.8", null, null, "22.4", null, "*", "41.3", null, "*", "16144", null, "49.3", null, "49.1", null, "46.9", null, "2.1", null, "0.3", null, "50.7", null, "7919", null, "4.4", null, "7475", null, "47.8", null, "47.8", null, "45.9", null, "1121", null, "76.3", null, "2402", null, "72.3", null, "7547", null, "87.1", null, "6.3", null, "0.0", null, "0.2", null, "1.0", null, "5.4", null, "32.3", null, "7572", null, "28.5", null, "24.6", null, "19.1", null, "13.8", null, "14.0", null, "7572", null, "4.1", null, "10.7", null, "6.6", null, "2.9", null, "14.0", null, "4.5", null, "0.9", null, "5.2", null, "5.0", null, "23.5", null, "8.2", null, "5.2", null, "9.3", null, "7572", null, "69.6", null, "21.8", null, "8.1", null, "0.5", null, "7087", null, "6.1", null, "4.8", null, "14.7", null, "9.1", null, "17.7", null, "21.5", null, "8.6", null, "11.2", null, "4.4", null, "1.9", null, "48236", null, "61718", null, "65.0", null, "68220", null, "43.9", null, "19327", null, "25.8", null, "22344", null, "6.2", null, "11037", null, "2.1", null, "1551", null, "13.8", null, "4523", null, "3.3", null, "0.7", null, "10.0", null, "7.6", null, "16.8", null, "25.2", null, "10.4", null, "16.6", null, "6.6", null, "2.9", null, "58912", null, "76192", null, "24505", null, "2564", null, "27721", null, "34280", null, "34280", null, "43198", null, "39211", null, "17862", null, "86.7", null, "53.0", null, "43.1", null, "13.3", null, "4208", null, "11.5", null, "9933", null, "7056", null, "6785", null, "81.0", null, "74.0", null, "9.8", null, "19.0", null, "271", null, "70.8", null, "29.5", null, "41.7", null, "29.2", null, "2877", null, "81.9", null, "38.4", null, "47.4", null, "18.1", null, "10.9", null, "13.2", null, "59.4", null, "8.4", null, "10.0", null, "11.4", null, "21.8", null, "25.6", null, "96.5", null, "14.4", null, "18.0", null, "17.6", null, "17.2", null, "17.8", null, "13.4", null, "14.2", null, "11.1", null, "11.5", null, "27.2", null, "0500000US12059", "Holmes County, Florida", "12", "059"], ["128348", null, "*", "47.8", null, null, "47.8", null, null, "44.4", null, "*", "3.4", null, "*", "0.1", null, "*", "52.2", null, null, "61303", null, "*", "7.1", null, "*", "67723", null, "*", "43.4", null, "*", "43.4", null, "*", "40.2", null, "*", "7529", null, null, "72.4", null, null, "15818", null, null, "64.5", null, "*", "55963", null, "*", "79.7", null, "*", "9.4", null, null, "0.3", null, null, "1.0", null, null, "2.1", null, null, "7.4", null, "*", "22.4", null, "*", "56931", null, "*", "33.5", null, "*", "20.2", null, null, "25.7", null, null, "11.0", null, null, "9.6", null, null, "56931", null, "*", "1.8", null, null, "8.8", null, null, "5.4", null, null, "2.9", null, "*", "15.3", null, "*", "3.7", null, null, "1.0", null, "*", "7.3", null, null, "12.0", null, "*", "21.8", null, null, "11.4", null, null, "4.7", null, null, "3.9", null, null, "56931", null, "*", "80.1", null, "*", "12.0", null, null, "7.5", null, "*", "0.4", null, "*", "57403", null, "*", "4.0", null, "*", "3.4", null, null, "8.6", null, "*", "10.3", null, "*", "13.1", null, null, "18.6", null, null, "11.6", null, "*", "15.5", null, null, "6.2", null, "*", "8.8", null, "*", "63707", null, "*", "102745", null, null, "57.6", null, "*", "94493", null, null, "54.9", null, "*", "26461", null, null, "29.2", null, "*", "39161", null, null, "5.0", null, null, "12919", null, "*", "1.7", null, null, "3749", null, null, "9.9", null, "*", "35755", null, "*", "1.6", null, "*", "1.0", null, null, "4.3", null, null, "7.7", null, "*", "12.1", null, null, "19.4", null, null, "13.5", null, "*", "19.6", null, null, "8.4", null, null, "12.3", null, null, "81929", null, null, "126529", null, null, "42815", null, "*", "21648", null, "*", "37637", null, "*", "62132", null, "*", "33304", null, "*", "49398", null, "*", "40796", null, "*", "149716", null, "*", "87.9", null, "*", "60.3", null, "*", "48.7", null, null, "12.1", null, "*", "26751", null, null, "6.7", null, null, "75678", null, "*", "53878", null, "*", "49938", null, "*", "81.3", null, null, "75.3", null, null, "8.9", null, null, "18.7", null, null, "3940", null, null, "51.0", null, null, "36.4", null, null, "16.9", null, null, "49.0", null, null, "21800", null, null, "78.2", null, "*", "45.5", null, "*", "39.0", null, null, "21.8", null, "*", "6.5", null, null, "14.0", null, null, "11.2", null, null, "4.6", null, null, "9.1", null, "*", "3.8", null, null, "17.8", null, null, "27.3", null, null, "17.9", null, "*", "12.2", null, null, "19.4", null, null, "18.9", null, null, "16.4", null, null, "19.7", null, "*", "10.7", null, null, "12.8", null, null, "7.4", null, null, "9.2", null, null, "23.5", null, null, "142174", null, "48.9", null, "48.4", null, "45.9", null, "2.5", null, "0.5", null, "51.1", null, "68819", null, "5.3", null, "73953", null, "46.2", null, "46.2", null, "44.1", null, "7274", null, "67.0", null, "15672", null, "78.2", null, "64352", null, "74.0", null, "10.4", null, "0.6", null, "0.6", null, "2.6", null, "11.8", null, "23.7", null, "65205", null, "37.9", null, "18.5", null, "25.1", null, "9.5", null, "9.0", null, "65205", null, "1.7", null, "8.5", null, "5.0", null, "1.9", null, "12.7", null, "4.1", null, "1.7", null, "8.0", null, "14.5", null, "21.4", null, "11.3", null, "5.2", null, "3.9", null, "65205", null, "83.4", null, "10.4", null, "6.1", null, "0.1", null, "68696", null, "5.3", null, "3.0", null, "6.8", null, "7.2", null, "13.0", null, "18.2", null, "13.3", null, "15.1", null, "7.9", null, "10.2", null, "71049", null, "104837", null, "59.5", null, "94535", null, "52.8", null, "27080", null, "40.1", null, "41177", null, "5.6", null, "11247", null, "1.9", null, "2961", null, "7.6", null, "43346", null, "3.9", null, "1.6", null, "3.6", null, "4.1", null, "10.7", null, "19.2", null, "15.9", null, "18.0", null, "9.8", null, "13.2", null, "84395", null, "123663", null, "46273", null, "25350", null, "44178", null, "69434", null, "36726", null, "57389", null, "48314", null, "161909", null, "89.4", null, "63.2", null, "48.3", null, "10.6", null, "26695", null, "6.4", null, "79861", null, "58780", null, "55589", null, "81.5", null, "75.5", null, "8.6", null, "18.5", null, "3191", null, "46.9", null, "33.2", null, "15.3", null, "53.1", null, "21081", null, "84.7", null, "59.2", null, "34.8", null, "15.3", null, "7.8", null, "14.0", null, "15.5", null, "3.6", null, "2.7", null, "2.3", null, "24.7", null, "35.3", null, "51.1", null, "11.4", null, "17.3", null, "16.1", null, "21.8", null, "14.1", null, "10.4", null, "12.4", null, "7.4", null, "8.7", null, "21.6", null, "0500000US12061", "Indian River County, Florida", "12", "061"], ["40615", null, "*", "44.3", null, null, "44.3", null, null, "40.4", null, null, "3.9", null, "*", "0.0", null, null, "55.7", null, null, "18009", null, null, "8.8", null, "*", "17848", null, "*", "50.3", null, "*", "50.3", null, "*", "46.8", null, "*", "2602", null, "*", "74.4", null, "*", "5645", null, null, "72.0", null, null, "16271", null, null, "87.7", null, "*", "7.3", null, null, "0.0", null, "*", "1.3", null, null, "0.4", null, null, "3.1", null, null, "23.0", null, "*", "16418", null, null, "29.4", null, "*", "24.9", null, null, "21.6", null, "*", "11.2", null, null, "12.9", null, null, "16418", null, null, "4.6", null, null, "6.8", null, null, "3.8", null, null, "1.8", null, null, "13.6", null, "*", "6.0", null, null, "1.0", null, null, "3.9", null, null, "4.1", null, "*", "27.0", null, null, "10.1", null, "*", "4.2", null, "*", "13.2", null, null, "16418", null, null, "67.0", null, null, "28.9", null, null, "4.0", null, "*", "0.1", null, null, "16894", null, null, "6.7", null, null, "7.0", null, null, "11.9", null, null, "12.2", null, null, "14.6", null, null, "17.0", null, null, "13.1", null, "*", "11.2", null, null, "4.0", null, null, "2.3", null, null, "47477", null, null, "62589", null, null, "62.0", null, null, "66682", null, null, "44.4", null, null, "21050", null, null, "23.2", null, "*", "27810", null, null, "7.5", null, null, "12061", null, null, "2.6", null, null, "3329", null, null, "17.3", null, null, "11198", null, null, "4.9", null, null, "3.6", null, null, "7.1", null, null, "10.9", null, null, "14.4", null, null, "18.7", null, null, "16.6", null, null, "14.8", null, null, "5.8", null, null, "3.3", null, null, "61751", null, null, "75359", null, null, "22985", null, null, "5696", null, "*", "26823", null, null, "34955", null, null, "32154", null, null, "44764", null, null, "37293", null, null, "40870", null, "*", "88.7", null, null, "62.1", null, "*", "42.8", null, "*", "11.3", null, null, "9480", null, null, "6.6", null, null, "22977", null, null, "16365", null, null, "14928", null, null, "84.2", null, null, "78.4", null, null, "8.3", null, null, "15.8", null, null, "1437", null, "*", "53.7", null, null, "25.3", null, null, "29.3", null, null, "46.3", null, null, "6612", null, null, "85.4", null, null, "45.4", null, "*", "50.1", null, "*", "14.6", null, null, "16.4", null, null, "23.6", null, null, "38.2", null, null, "7.8", null, null, "9.1", null, null, "3.7", null, null, "38.1", null, null, "47.4", null, null, "73.5", null, null, "20.6", null, null, "28.8", null, null, "28.7", null, null, "41.9", null, null, "23.8", null, null, "18.4", null, null, "21.0", null, null, "11.2", null, null, "17.5", null, null, "34.5", null, null, "39859", null, "43.4", null, "43.3", null, "41.2", null, "2.1", null, "0.1", null, "56.6", null, "17247", null, "4.7", null, "18130", null, "45.8", null, "45.8", null, "42.9", null, "3066", null, "53.7", null, "5551", null, "69.8", null, "16280", null, "84.4", null, "8.1", null, "0.3", null, "1.7", null, "0.9", null, "4.6", null, "28.2", null, "16429", null, "36.9", null, "22.0", null, "16.9", null, "12.9", null, "11.3", null, "16429", null, "4.4", null, "8.7", null, "4.7", null, "1.0", null, "9.7", null, "5.5", null, "0.8", null, "3.4", null, "9.4", null, "26.8", null, "7.2", null, "6.9", null, "11.5", null, "16429", null, "64.4", null, "27.7", null, "7.9", null, "0.1", null, "17038", null, "6.1", null, "6.6", null, "10.9", null, "14.0", null, "16.1", null, "18.4", null, "10.7", null, "10.0", null, "4.1", null, "3.1", null, "47327", null, "63425", null, "61.8", null, "68138", null, "41.9", null, "21729", null, "27.4", null, "27005", null, "8.8", null, "12240", null, "2.2", null, "4164", null, "20.1", null, "10616", null, "3.0", null, "2.4", null, "8.3", null, "11.7", null, "16.0", null, "20.4", null, "14.5", null, "13.0", null, "5.7", null, "4.9", null, "58844", null, "78092", null, "23718", null, "6422", null, "29073", null, "37011", null, "34041", null, "43377", null, "38426", null, "41341", null, "90.2", null, "52.9", null, "48.1", null, "9.8", null, "9652", null, "7.9", null, "22564", null, "16057", null, "15267", null, "85.9", null, "77.5", null, "10.5", null, "14.1", null, "790", null, "49.5", null, "23.3", null, "26.2", null, "50.5", null, "6507", null, "88.8", null, "37.0", null, "59.3", null, "11.2", null, "13.1", null, "22.7", null, "23.9", null, "8.1", null, "16.0", null, "7.6", null, "26.4", null, "34.2", null, "44.7", null, "18.8", null, "28.4", null, "28.1", null, "34.2", null, "25.8", null, "16.1", null, "17.6", null, "12.6", null, "15.4", null, "32.5", null, "0500000US12063", "Jackson County, Florida", "12", "063"], ["12053", null, "*", "45.8", null, "*", "45.8", null, "*", "43.5", null, "*", "2.3", null, null, "0.0", null, null, "54.2", null, "*", "5520", null, "*", "4.9", null, null, "5551", null, "*", "53.6", null, null, "53.6", null, null, "50.8", null, null, "716", null, null, "56.1", null, null, "1398", null, null, "65.9", null, null, "5111", null, "*", "85.8", null, "*", "10.0", null, null, "0.0", null, null, "0.3", null, "*", "0.8", null, null, "3.1", null, "*", "29.9", null, null, "5247", null, "*", "37.7", null, "*", "24.4", null, "*", "20.8", null, "*", "9.7", null, null, "7.4", null, "*", "5247", null, "*", "4.3", null, null, "6.9", null, null, "2.7", null, null, "0.5", null, "*", "10.8", null, null, "4.3", null, null, "1.0", null, null, "5.9", null, null, "8.8", null, null, "25.8", null, null, "8.3", null, null, "4.8", null, null, "15.7", null, "*", "5247", null, "*", "63.5", null, "*", "30.0", null, "*", "6.5", null, null, "0.0", null, null, "5771", null, null, "5.6", null, null, "6.0", null, null, "9.6", null, null, "10.4", null, null, "14.6", null, null, "16.4", null, null, "14.3", null, null, "11.1", null, null, "7.3", null, null, "4.7", null, null, "58640", null, null, "75463", null, null, "71.7", null, "*", "73772", null, null, "43.9", null, null, "24015", null, null, "28.4", null, null, "27324", null, null, "7.6", null, null, "11669", null, null, "1.9", null, "*", "6735", null, null, "15.8", null, "*", "3947", null, null, "3.2", null, null, "4.0", null, null, "6.7", null, null, "9.2", null, null, "10.4", null, null, "18.3", null, null, "16.9", null, null, "13.9", null, null, "10.6", null, null, "6.8", null, null, "72970", null, null, "91677", null, null, "28543", null, null, "1824", null, null, "33541", null, null, "37122", null, null, "36803", null, null, "53525", null, null, "42480", null, null, "11791", null, "*", "93.6", null, "*", "66.8", null, "*", "45.2", null, null, "6.4", null, "*", "2374", null, "*", "2.2", null, null, "6495", null, "*", "4837", null, "*", "4587", null, "*", "90.3", null, "*", "80.5", null, null, "14.1", null, null, "9.7", null, "*", "250", null, null, "74.4", null, null, "34.4", null, null, "44.8", null, null, "25.6", null, null, "1658", null, null, "88.5", null, null, "52.9", null, null, "41.5", null, "*", "11.5", null, null, "11.7", null, null, "20.0", null, null, "45.5", null, null, "6.1", null, null, "11.1", null, null, "0.0", null, null, "31.0", null, null, "41.2", null, null, "93.3", null, "*", "14.1", null, "*", "18.1", null, "*", "17.5", null, "*", "24.8", null, null, "14.8", null, "*", "13.2", null, "*", "15.5", null, null, "7.9", null, "*", "11.4", null, "*", "26.7", null, null, "12543", null, "53.2", null, "52.9", null, "49.4", null, "3.4", null, "0.3", null, "46.8", null, "6633", null, "6.5", null, "6011", null, "57.3", null, "57.3", null, "53.3", null, "668", null, "65.4", null, "1520", null, "78.4", null, "6111", null, "78.8", null, "11.6", null, "0.2", null, "1.6", null, "1.6", null, "6.2", null, "29.4", null, "6201", null, "30.9", null, "17.9", null, "27.8", null, "11.2", null, "12.4", null, "6201", null, "2.2", null, "5.7", null, "3.3", null, "2.4", null, "15.6", null, "5.5", null, "0.2", null, "4.9", null, "11.0", null, "20.5", null, "10.6", null, "6.6", null, "11.4", null, "6201", null, "73.2", null, "21.4", null, "5.5", null, "0.0", null, "5675", null, "8.0", null, "8.8", null, "7.3", null, "6.9", null, "13.9", null, "15.4", null, "12.2", null, "14.1", null, "7.8", null, "5.5", null, "56984", null, "75727", null, "65.4", null, "79332", null, "45.9", null, "22515", null, "28.3", null, "29173", null, "7.5", null, "9545", null, "4.3", null, "3593", null, "21.4", null, "3663", null, "2.9", null, "6.5", null, "5.2", null, "6.7", null, "13.7", null, "16.4", null, "13.0", null, "18.3", null, "9.8", null, "7.5", null, "73788", null, "89903", null, "30472", null, "2012", null, "31563", null, "43396", null, "37689", null, "53625", null, "51576", null, "13530", null, "90.2", null, "58.6", null, "47.9", null, "9.8", null, "2725", null, "3.5", null, "7412", null, "6036", null, "5617", null, "84.6", null, "79.1", null, "9.5", null, "15.4", null, "419", null, "57.3", null, "27.2", null, "41.1", null, "42.7", null, "1376", null, "86.8", null, "41.3", null, "60.2", null, "13.2", null, "16.3", null, "26.3", null, "12.4", null, "3.7", null, "5.1", null, "6.8", null, "45.1", null, "58.4", null, "23.2", null, "20.3", null, "27.7", null, "27.7", null, "35.6", null, "25.1", null, "18.7", null, "18.4", null, "19.3", null, "17.1", null, "34.1", null, "0500000US12065", "Jefferson County, Florida", "12", "065"], ["7122", null, "*", "39.9", null, null, "39.9", null, null, "34.5", null, "*", "5.4", null, null, "0.0", null, null, "60.1", null, null, "2839", null, null, "13.5", null, null, "2741", null, null, "41.5", null, null, "41.5", null, null, "37.1", null, null, "777", null, "*", "47.0", null, null, "975", null, null, "68.5", null, null, "2330", null, "*", "82.9", null, null, "14.2", null, null, "0.3", null, null, "1.4", null, null, "0.1", null, "*", "1.2", null, null, "28.8", null, null, "2456", null, null, "30.1", null, null, "14.4", null, "*", "23.6", null, null, "13.8", null, null, "18.1", null, null, "2456", null, null, "10.1", null, null, "5.8", null, null, "6.4", null, null, "1.0", null, null, "12.8", null, null, "7.5", null, "*", "0.2", null, null, "2.3", null, null, "6.3", null, null, "21.2", null, null, "5.9", null, null, "2.6", null, null, "17.9", null, null, "2456", null, null, "62.5", null, "*", "31.9", null, "*", "5.5", null, null, "0.0", null, null, "2095", null, "*", "5.3", null, null, "11.3", null, null, "13.1", null, null, "7.9", null, null, "13.0", null, null, "12.1", null, "*", "11.4", null, null, "19.0", null, null, "3.4", null, null, "3.6", null, null, "48135", null, null, "71196", null, null, "63.3", null, null, "79801", null, null, "42.6", null, null, "19897", null, null, "22.4", null, null, "30866", null, null, "9.0", null, null, "13007", null, "*", "3.5", null, null, "4501", null, "*", "17.7", null, null, "1565", null, null, "8.4", null, null, "9.3", null, null, "8.9", null, null, "5.4", null, null, "7.4", null, null, "14.4", null, "*", "14.9", null, null, "21.9", null, null, "4.5", null, null, "4.8", null, null, "66503", null, null, "79980", null, null, "24187", null, null, "530", null, "*", "21810", null, null, "34857", null, null, "38132", null, "*", "48928", null, null, "50672", null, "*", "7204", null, "*", "82.4", null, null, "55.9", null, null, "38.6", null, "*", "17.6", null, null, "2101", null, "*", "6.3", null, null, "3987", null, "*", "2641", null, null, "2326", null, null, "79.5", null, null, "72.4", null, null, "8.9", null, null, "20.5", null, null, "315", null, null, "7.3", null, "*", "5.4", null, null, "1.9", null, "*", "92.7", null, "*", "1346", null, null, "72.9", null, "*", "42.1", null, null, "42.4", null, null, "27.1", null, "*", "26.3", null, null, "32.6", null, null, "94.3", null, "*", "8.8", null, null, "4.8", null, null, "100.0", null, "*", "79.9", null, "*", "86.7", null, null, "100.0", null, null, "20.1", null, null, "19.8", null, null, "19.5", null, null, "42.6", null, null, "10.6", null, null, "20.2", null, null, "19.7", null, null, "22.0", null, null, "18.3", null, null, "31.3", null, null, "6726", null, "45.7", null, "45.2", null, "42.3", null, "2.9", null, "0.5", null, "54.3", null, "3041", null, "6.3", null, "2715", null, "51.4", null, "51.4", null, "46.3", null, "337", null, "56.4", null, "851", null, "72.3", null, "2860", null, "86.7", null, "8.0", null, "0.0", null, "0.0", null, "2.5", null, "2.8", null, "28.9", null, "2848", null, "24.5", null, "31.6", null, "15.9", null, "17.5", null, "10.5", null, "2848", null, "7.5", null, "10.5", null, "7.0", null, "3.1", null, "8.9", null, "1.7", null, "0.4", null, "4.7", null, "3.5", null, "24.8", null, "7.7", null, "7.0", null, "13.4", null, "2848", null, "78.4", null, "19.3", null, "2.2", null, "0.0", null, "2619", null, "6.2", null, "9.1", null, "9.6", null, "5.3", null, "11.0", null, "21.6", null, "17.4", null, "12.9", null, "5.4", null, "1.5", null, "60692", null, "65808", null, "70.5", null, "69748", null, "44.3", null, "17800", null, "25.0", null, "21676", null, "6.3", null, "8997", null, "1.1", null, "737", null, "17.7", null, "1750", null, "3.2", null, "8.2", null, "3.8", null, "5.7", null, "9.0", null, "25.8", null, "21.5", null, "16.4", null, "5.0", null, "1.4", null, "67448", null, "73565", null, "22165", null, "869", null, "32760", null, "49012", null, "28633", null, "47753", null, "32964", null, "6618", null, "89.0", null, "55.6", null, "48.0", null, "11.0", null, "1511", null, "7.6", null, "3633", null, "2630", null, "2442", null, "84.2", null, "69.8", null, "17.0", null, "15.8", null, "188", null, "85.6", null, "20.7", null, "64.9", null, "14.4", null, "1003", null, "85.5", null, "42.2", null, "47.7", null, "14.5", null, "15.0", null, "19.8", null, "22.7", null, "11.0", null, "6.6", null, "0.0", null, "33.2", null, "61.2", null, "100.0", null, "17.8", null, "23.0", null, "23.3", null, "48.7", null, "17.1", null, "16.4", null, "16.0", null, "17.4", null, "16.0", null, "26.9", null, "0500000US12067", "Lafayette County, Florida", "12", "067"], ["277084", null, "*", "52.5", null, "*", "52.4", null, "*", "49.0", null, "*", "3.4", null, "*", "0.1", null, null, "47.5", null, "*", "145246", null, "*", "6.5", null, "*", "144475", null, "*", "49.3", null, null, "49.3", null, null, "45.9", null, "*", "19568", null, "*", "65.7", null, null, "42686", null, "*", "72.7", null, null, "133219", null, "*", "81.6", null, "*", "10.1", null, null, "0.3", null, "*", "0.9", null, null, "1.2", null, "*", "6.0", null, "*", "29.4", null, null, "135768", null, "*", "33.3", null, "*", "21.1", null, null, "25.7", null, "*", "9.4", null, null, "10.5", null, null, "135768", null, "*", "1.2", null, null, "8.4", null, "*", "4.9", null, null, "2.3", null, null, "13.7", null, null, "4.7", null, null, "2.0", null, "*", "6.2", null, null, "10.0", null, "*", "21.1", null, null, "15.3", null, null, "5.9", null, "*", "4.3", null, null, "135768", null, "*", "82.9", null, null, "11.4", null, null, "5.6", null, null, "0.1", null, null, "130190", null, "*", "4.1", null, null, "3.1", null, null, "9.2", null, "*", "8.7", null, null, "14.0", null, "*", "18.9", null, null, "14.6", null, null, "16.1", null, null, "6.2", null, "*", "5.0", null, "*", "63158", null, "*", "81182", null, "*", "64.6", null, null, "80685", null, "*", "48.2", null, "*", "25359", null, null, "27.7", null, "*", "32012", null, null, "4.8", null, null, "13663", null, "*", "1.7", null, null, "3001", null, null, "11.9", null, "*", "88728", null, "*", "2.8", null, null, "1.7", null, null, "5.2", null, "*", "6.8", null, null, "12.9", null, "*", "19.6", null, null, "17.1", null, null, "19.7", null, "*", "8.0", null, "*", "6.2", null, "*", "76757", null, "*", "92648", null, "*", "32930", null, "*", "41462", null, "*", "37600", null, "*", "52580", null, null, "35514", null, "*", "51453", null, "*", "44292", null, null, "331957", null, "*", "88.4", null, "*", "63.8", null, null, "42.5", null, null, "11.6", null, "*", "68671", null, "*", "7.4", null, null, "176053", null, "*", "131189", null, "*", "122924", null, "*", "83.1", null, "*", "78.0", null, "*", "8.0", null, null, "16.9", null, "*", "8265", null, null, "57.6", null, null, "38.7", null, null, "25.3", null, null, "42.4", null, null, "44864", null, "*", "81.2", null, null, "54.1", null, null, "35.1", null, null, "18.8", null, null, "8.9", null, "*", "15.5", null, "*", "11.3", null, null, "5.1", null, "*", "7.1", null, "*", "5.2", null, null, "25.2", null, "*", "34.3", null, null, "27.9", null, null, "12.5", null, "*", "19.5", null, "*", "19.3", null, "*", "20.3", null, null, "19.0", null, "*", "10.8", null, "*", "12.2", null, "*", "7.9", null, null, "10.4", null, "*", "22.1", null, null, "331683", null, "54.0", null, "53.9", null, "51.1", null, "2.7", null, "0.1", null, "46.0", null, "178746", null, "5.1", null, "172060", null, "50.3", null, "50.3", null, "47.7", null, "21952", null, "62.3", null, "50869", null, "70.1", null, "166773", null, "73.9", null, "8.9", null, "0.1", null, "1.2", null, "2.3", null, "13.5", null, "29.9", null, "169653", null, "36.8", null, "19.8", null, "23.3", null, "10.1", null, "10.0", null, "169653", null, "1.1", null, "10.2", null, "4.4", null, "2.4", null, "13.2", null, "5.0", null, "1.1", null, "5.8", null, "11.3", null, "21.6", null, "14.7", null, "4.4", null, "4.7", null, "169653", null, "82.7", null, "11.8", null, "5.3", null, "0.2", null, "159474", null, "4.1", null, "2.8", null, "6.7", null, "8.9", null, "12.2", null, "18.6", null, "14.4", null, "17.1", null, "8.5", null, "6.7", null, "69956", null, "90299", null, "65.6", null, "91212", null, "45.8", null, "25915", null, "33.5", null, "33665", null, "5.4", null, "10680", null, "1.8", null, "2999", null, "9.9", null, "108311", null, "2.6", null, "1.2", null, "3.7", null, "6.7", null, "10.5", null, "18.2", null, "16.6", null, "21.5", null, "10.5", null, "8.6", null, "85736", null, "104948", null, "36956", null, "51163", null, "40238", null, "54254", null, "40070", null, "56532", null, "45523", null, "394637", null, "89.9", null, "64.6", null, "41.8", null, "10.1", null, "80158", null, "7.2", null, "210121", null, "161013", null, "153131", null, "85.8", null, "80.9", null, "8.1", null, "14.2", null, "7882", null, "53.2", null, "37.4", null, "19.5", null, "46.8", null, "49108", null, "82.8", null, "53.2", null, "38.1", null, "17.2", null, "6.4", null, "11.1", null, "14.7", null, "3.8", null, "4.7", null, "2.3", null, "19.9", null, "29.7", null, "41.6", null, "9.5", null, "12.8", null, "12.5", null, "16.9", null, "11.0", null, "8.7", null, "9.1", null, "7.8", null, "6.9", null, "20.8", null, "0500000US12069", "Lake County, Florida", "12", "069"], ["603414", null, "*", "52.7", null, null, "52.7", null, null, "49.6", null, "*", "3.1", null, "*", "0.0", null, null, "47.3", null, null, "317948", null, "*", "5.9", null, "*", "310746", null, "*", "48.6", null, null, "48.6", null, null, "45.5", null, "*", "39364", null, null, "67.1", null, null, "84682", null, "*", "73.7", null, null, "293718", null, "*", "79.9", null, "*", "9.8", null, null, "0.7", null, "*", "1.0", null, null, "2.9", null, null, "5.6", null, "*", "27.3", null, "*", "299106", null, "*", "30.8", null, "*", "21.4", null, "*", "25.7", null, "*", "12.1", null, null, "9.9", null, null, "299106", null, "*", "0.9", null, "*", "11.2", null, "*", "3.4", null, null, "2.2", null, null, "14.7", null, null, "4.5", null, "*", "1.7", null, null, "6.9", null, null, "13.1", null, null, "20.4", null, null, "12.5", null, "*", "5.0", null, null, "3.4", null, null, "299106", null, "*", "83.3", null, null, "10.3", null, null, "6.1", null, null, "0.3", null, "*", "271861", null, "*", "4.9", null, null, "3.0", null, null, "7.8", null, "*", "8.5", null, "*", "13.1", null, "*", "18.3", null, null, "13.4", null, "*", "15.9", null, "*", "7.0", null, null, "8.0", null, "*", "66575", null, "*", "94761", null, "*", "63.7", null, "*", "89636", null, "*", "47.1", null, "*", "27035", null, null, "25.4", null, "*", "39497", null, "*", "3.8", null, null, "12793", null, null, "1.6", null, null, "3319", null, null, "10.2", null, "*", "178334", null, "*", "3.4", null, null, "1.6", null, "*", "5.0", null, "*", "6.5", null, "*", "12.5", null, "*", "18.1", null, null, "14.9", null, null, "19.1", null, "*", "8.7", null, null, "10.2", null, "*", "79107", null, "*", "109197", null, "*", "38861", null, "*", "93527", null, "*", "42496", null, "*", "63398", null, "*", "35476", null, "*", "50330", null, "*", "44954", null, "*", "713427", null, "*", "85.7", null, "*", "61.7", null, null, "42.9", null, null, "14.3", null, "*", "137760", null, "*", "9.9", null, null, "379877", null, "*", "283694", null, "*", "267248", null, "*", "78.6", null, "*", "73.7", null, null, "7.4", null, "*", "21.4", null, "*", "16446", null, "*", "57.6", null, null, "35.3", null, "*", "24.4", null, null, "42.4", null, null, "96183", null, null, "76.9", null, "*", "51.6", null, "*", "32.8", null, null, "23.1", null, "*", "9.6", null, "*", "18.2", null, "*", "16.1", null, null, "5.8", null, null, "9.0", null, "*", "6.5", null, null, "26.7", null, "*", "37.7", null, "*", "36.7", null, null, "14.0", null, "*", "23.4", null, "*", "23.0", null, "*", "26.5", null, "*", "21.8", null, "*", "11.9", null, "*", "13.9", null, "*", "8.0", null, "*", "11.5", null, "*", "23.5", null, "*", "672618", null, "53.2", null, "53.1", null, "50.9", null, "2.2", null, "0.1", null, "46.8", null, "357140", null, "4.2", null, "344422", null, "49.0", null, "48.9", null, "46.7", null, "40035", null, "66.8", null, "89561", null, "72.1", null, "336152", null, "72.7", null, "9.4", null, "0.5", null, "1.1", null, "2.4", null, "13.8", null, "28.4", null, "342267", null, "35.1", null, "19.3", null, "24.0", null, "11.6", null, "9.9", null, "342267", null, "0.7", null, "12.2", null, "3.8", null, "1.9", null, "14.2", null, "5.5", null, "1.5", null, "6.9", null, "13.6", null, "20.3", null, "11.3", null, "4.7", null, "3.2", null, "342267", null, "82.7", null, "10.6", null, "6.5", null, "0.1", null, "319588", null, "5.2", null, "2.7", null, "6.2", null, "7.5", null, "11.7", null, "18.0", null, "14.2", null, "17.3", null, "7.3", null, "9.9", null, "73099", null, "102290", null, "64.6", null, "97119", null, "45.2", null, "27076", null, "33.3", null, "42094", null, "4.2", null, "12671", null, "1.8", null, "4168", null, "8.2", null, "207847", null, "3.0", null, "1.2", null, "3.9", null, "5.6", null, "10.5", null, "18.6", null, "15.0", null, "20.2", null, "9.2", null, "12.6", null, "86023", null, "119011", null, "43365", null, "111741", null, "46580", null, "66559", null, "40072", null, "54182", null, "47858", null, "787302", null, "87.5", null, "62.0", null, "43.6", null, "12.5", null, "145392", null, "9.7", null, "415441", null, "315768", null, "302994", null, "81.0", null, "74.7", null, "8.6", null, "19.0", null, "12774", null, "60.2", null, "41.5", null, "21.4", null, "39.8", null, "99673", null, "80.0", null, "54.3", null, "32.9", null, "20.0", null, "7.9", null, "13.5", null, "12.4", null, "5.2", null, "6.7", null, "4.7", null, "20.1", null, "28.4", null, "34.4", null, "11.7", null, "17.1", null, "16.7", null, "19.1", null, "15.9", null, "10.6", null, "11.2", null, "9.5", null, "9.1", null, "21.8", null, "0500000US12071", "Lee County, Florida", "12", "071"], ["240470", null, "*", "65.7", null, null, "65.6", null, null, "60.5", null, null, "5.1", null, "*", "0.1", null, null, "34.3", null, null, "157811", null, "*", "7.8", null, "*", "127718", null, "*", "62.5", null, null, "62.4", null, null, "57.8", null, null, "17106", null, "*", "69.4", null, "*", "34233", null, "*", "77.6", null, null, "142705", null, "*", "80.8", null, "*", "8.8", null, null, "1.8", null, null, "2.3", null, null, "2.0", null, "*", "4.3", null, "*", "20.9", null, null, "145442", null, "*", "45.5", null, "*", "17.7", null, null, "25.5", null, "*", "4.9", null, null, "6.4", null, null, "145442", null, "*", "0.4", null, "*", "3.8", null, "*", "2.0", null, "*", "1.5", null, "*", "11.3", null, null, "3.0", null, null, "1.4", null, null, "5.9", null, null, "13.2", null, null, "27.0", null, null, "11.7", null, "*", "4.7", null, null, "14.2", null, null, "145442", null, "*", "65.1", null, null, "30.8", null, null, "3.9", null, "*", "0.1", null, null, "112918", null, "*", "7.6", null, null, "4.1", null, null, "8.2", null, null, "8.2", null, null, "12.7", null, "*", "17.0", null, null, "11.5", null, "*", "15.0", null, null, "7.5", null, null, "8.4", null, null, "62326", null, "*", "89769", null, null, "81.3", null, null, "86510", null, null, "25.1", null, "*", "23839", null, null, "18.6", null, "*", "37948", null, null, "4.0", null, null, "12185", null, null, "1.7", null, null, "2536", null, null, "12.2", null, null, "61395", null, "*", "3.6", null, null, "2.0", null, null, "4.9", null, null, "6.1", null, "*", "9.4", null, null, "14.5", null, null, "13.9", null, "*", "20.5", null, null, "12.0", null, null, "13.1", null, null, "92905", null, null, "117796", null, "*", "36219", null, "*", "51523", null, "*", "39960", null, null, "52882", null, "*", "33349", null, "*", "57937", null, null, "48247", null, null, "284753", null, "*", "91.8", null, null, "76.6", null, null, "25.9", null, "*", "8.2", null, null, "61134", null, "*", "4.3", null, null, "188746", null, "*", "145814", null, null, "135147", null, "*", "90.6", null, null, "86.6", null, null, "6.8", null, null, "9.4", null, null, "10667", null, "*", "75.1", null, null, "58.4", null, null, "19.5", null, null, "24.9", null, null, "42932", null, "*", "87.6", null, null, "67.3", null, null, "25.2", null, "*", "12.4", null, null, "9.9", null, null, "15.2", null, null, "17.4", null, null, "4.0", null, null, "5.6", null, null, "5.0", null, null, "25.7", null, null, "32.8", null, null, "47.3", null, null, "20.4", null, "*", "18.8", null, null, "18.6", null, null, "22.8", null, null, "16.9", null, null, "20.7", null, "*", "23.3", null, "*", "7.2", null, "*", "10.8", null, null, "40.9", null, "*", "246260", null, "65.4", null, "65.2", null, "61.5", null, "3.7", null, "0.2", null, "34.6", null, "160534", null, "5.6", null, "131437", null, "62.5", null, "62.5", null, "58.9", null, "16341", null, "75.0", null, "35567", null, "80.4", null, "148687", null, "73.9", null, "8.0", null, "1.6", null, "2.3", null, "1.5", null, "12.8", null, "20.7", null, "151513", null, "48.9", null, "16.7", null, "22.1", null, "5.3", null, "7.0", null, "151513", null, "0.7", null, "4.4", null, "2.9", null, "1.1", null, "10.7", null, "3.2", null, "1.2", null, "5.4", null, "14.0", null, "27.2", null, "10.2", null, "4.8", null, "14.1", null, "151513", null, "65.7", null, "29.7", null, "4.5", null, "0.1", null, "120673", null, "7.9", null, "3.9", null, "7.7", null, "8.5", null, "11.4", null, "16.7", null, "13.3", null, "14.8", null, "7.2", null, "8.5", null, "65074", null, "93105", null, "80.4", null, "89277", null, "26.2", null, "24428", null, "21.6", null, "37500", null, "4.3", null, "11913", null, "1.6", null, "3141", null, "11.4", null, "63327", null, "4.0", null, "1.6", null, "4.3", null, "4.9", null, "9.2", null, "14.7", null, "15.5", null, "20.5", null, "11.4", null, "14.0", null, "92213", null, "123409", null, "38777", null, "57346", null, "40595", null, "56441", null, "35751", null, "55664", null, "48109", null, "291499", null, "92.3", null, "75.7", null, "28.0", null, "7.7", null, "64035", null, "4.4", null, "186186", null, "146847", null, "139035", null, "90.9", null, "86.3", null, "6.6", null, "9.1", null, "7812", null, "78.6", null, "59.4", null, "24.8", null, "21.4", null, "39339", null, "87.6", null, "64.8", null, "28.6", null, "12.4", null, "9.8", null, "15.8", null, "21.1", null, "3.2", null, "4.4", null, "5.0", null, "24.5", null, "31.6", null, "42.0", null, "18.5", null, "17.6", null, "17.3", null, "20.2", null, "16.3", null, "18.7", null, "20.8", null, "9.7", null, "10.5", null, "35.5", null, "0500000US12073", "Leon County, Florida", "12", "073"], ["32804", null, "*", "48.9", null, null, "48.9", null, null, "45.6", null, null, "3.3", null, "*", "0.0", null, null, "51.1", null, null, "16043", null, "*", "6.8", null, "*", "16998", null, "*", "46.1", null, null, "46.1", null, null, "42.9", null, null, "2282", null, null, "62.5", null, null, "4968", null, "*", "70.3", null, null, "14313", null, "*", "79.8", null, null, "12.5", null, null, "0.1", null, null, "1.1", null, null, "0.8", null, null, "5.8", null, null, "30.5", null, null, "14954", null, "*", "25.1", null, null, "23.8", null, null, "21.6", null, null, "18.4", null, null, "11.1", null, "*", "14954", null, "*", "6.8", null, "*", "12.8", null, null, "5.2", null, null, "1.7", null, null, "14.2", null, null, "5.1", null, null, "0.7", null, null, "3.9", null, null, "7.7", null, null, "21.5", null, null, "8.7", null, null, "5.3", null, null, "6.2", null, null, "14954", null, "*", "72.5", null, null, "17.2", null, null, "9.7", null, "*", "0.5", null, "*", "16433", null, "*", "5.3", null, null, "6.1", null, null, "14.5", null, null, "14.0", null, "*", "15.0", null, "*", "18.5", null, null, "12.4", null, null, "8.8", null, "*", "3.1", null, null, "2.4", null, "*", "45811", null, "*", "61816", null, "*", "62.7", null, null, "63112", null, null, "48.3", null, null, "22287", null, null, "25.8", null, "*", "24450", null, "*", "5.8", null, null, "12015", null, null, "2.5", null, null, "2923", null, null, "19.2", null, null, "10304", null, "*", "3.6", null, null, "3.7", null, null, "9.4", null, null, "12.5", null, null, "13.6", null, "*", "21.8", null, null, "15.5", null, null, "12.4", null, "*", "3.8", null, null, "3.7", null, null, "58856", null, null, "74979", null, null, "26811", null, "*", "6129", null, null, "27568", null, null, "35735", null, "*", "31759", null, null, "44542", null, "*", "42780", null, null, "39679", null, "*", "84.5", null, null, "49.4", null, null, "51.5", null, null, "15.5", null, null, "8392", null, "*", "9.0", null, null, "21989", null, "*", "14761", null, "*", "13785", null, "*", "77.2", null, null, "65.9", null, null, "15.1", null, null, "22.8", null, null, "976", null, "*", "41.3", null, "*", "18.3", null, null, "26.9", null, null, "58.7", null, "*", "7228", null, null, "78.2", null, null, "31.0", null, null, "52.1", null, null, "21.8", null, null, "16.4", null, null, "27.7", null, "*", "26.6", null, null, "10.1", null, "*", "15.5", null, null, "4.0", null, "*", "35.1", null, null, "47.3", null, null, "82.5", null, "*", "20.7", null, null, "33.8", null, null, "33.6", null, null, "38.0", null, null, "32.1", null, null, "17.5", null, null, "20.0", null, null, "11.6", null, null, "18.2", null, null, "29.8", null, null, "36482", null, "49.9", null, "49.9", null, "48.0", null, "1.9", null, "0.0", null, "50.1", null, "18211", null, "3.8", null, "18800", null, "48.5", null, "48.5", null, "46.4", null, "2179", null, "62.0", null, "5734", null, "74.5", null, "17158", null, "79.3", null, "11.6", null, "0.3", null, "0.9", null, "1.0", null, "6.9", null, "30.6", null, "17514", null, "26.3", null, "21.3", null, "21.5", null, "16.0", null, "14.9", null, "17514", null, "3.0", null, "11.8", null, "5.9", null, "1.7", null, "14.0", null, "6.5", null, "1.1", null, "4.0", null, "7.9", null, "21.0", null, "9.5", null, "6.4", null, "7.3", null, "17514", null, "74.1", null, "19.9", null, "6.0", null, "0.0", null, "17976", null, "5.8", null, "5.5", null, "13.2", null, "10.7", null, "10.7", null, "20.7", null, "11.9", null, "13.7", null, "4.0", null, "3.8", null, "53805", null, "71892", null, "61.3", null, "72462", null, "49.4", null, "23074", null, "29.2", null, "34806", null, "5.6", null, "11860", null, "1.7", null, "2047", null, "16.7", null, "11722", null, "5.5", null, "2.4", null, "7.0", null, "11.5", null, "10.5", null, "23.4", null, "12.7", null, "17.7", null, "5.1", null, "4.2", null, "62308", null, "82029", null, "30739", null, "6254", null, "29540", null, "46850", null, "34283", null, "49782", null, "40891", null, "43988", null, "85.1", null, "48.9", null, "48.4", null, "14.9", null, "9220", null, "8.4", null, "23855", null, "16443", null, "15825", null, "76.7", null, "66.4", null, "12.2", null, "23.3", null, "618", null, "71.0", null, "24.8", null, "46.3", null, "29.0", null, "7412", null, "78.2", null, "32.7", null, "50.0", null, "21.8", null, "13.6", null, "20.0", null, "18.6", null, "6.6", null, "8.7", null, "14.2", null, "32.5", null, "40.8", null, "41.4", null, "17.2", null, "25.0", null, "24.9", null, "30.9", null, "22.8", null, "15.2", null, "16.9", null, "11.6", null, "15.0", null, "25.1", null, "0500000US12075", "Levy County, Florida", "12", "075"], ["7167", null, "*", "38.2", null, null, "38.2", null, null, "33.8", null, null, "4.3", null, null, "0.0", null, null, "61.8", null, null, "2735", null, null, "11.3", null, null, "2768", null, null, "41.8", null, "*", "41.8", null, "*", "40.1", null, null, "397", null, null, "85.1", null, "*", "814", null, "*", "81.4", null, null, "2363", null, null, "80.3", null, null, "11.8", null, null, "0.0", null, null, "1.1", null, null, "4.4", null, "*", "2.4", null, "*", "31.5", null, null, "2425", null, null, "23.4", null, null, "22.2", null, null, "24.0", null, null, "17.0", null, null, "13.4", null, null, "2425", null, null, "7.0", null, null, "12.0", null, null, "4.5", null, null, "1.5", null, null, "12.5", null, null, "4.6", null, null, "0.0", null, null, "3.0", null, null, "5.5", null, null, "18.8", null, null, "5.9", null, null, "3.7", null, null, "21.1", null, null, "2425", null, null, "62.8", null, null, "30.6", null, null, "6.6", null, null, "0.0", null, null, "2381", null, null, "7.5", null, null, "4.1", null, null, "7.9", null, null, "15.6", null, "*", "20.4", null, null, "16.7", null, null, "5.8", null, null, "14.8", null, null, "5.0", null, null, "2.1", null, null, "45482", null, null, "63737", null, null, "68.6", null, null, "65568", null, null, "39.6", null, null, "21328", null, null, "20.0", null, "*", "25564", null, null, "7.9", null, null, "12873", null, null, "1.7", null, null, "2238", null, null, "18.7", null, "*", "1635", null, null, "5.6", null, null, "1.0", null, null, "6.1", null, null, "13.6", null, "*", "19.3", null, null, "17.2", null, null, "7.4", null, null, "19.9", null, null, "6.8", null, null, "3.1", null, null, "58616", null, null, "75422", null, null, "20934", null, "*", "746", null, null, "29418", null, null, "36666", null, null, "37082", null, null, "46063", null, null, "48583", null, null, "6954", null, "*", "81.5", null, "*", "52.5", null, null, "42.3", null, null, "18.5", null, "*", "1530", null, null, "8.0", null, null, "4162", null, "*", "2598", null, null, "2326", null, null, "81.3", null, "*", "74.1", null, "*", "9.0", null, null, "18.7", null, "*", "272", null, null, "27.6", null, "*", "26.8", null, null, "0.7", null, "*", "72.4", null, "*", "1564", null, null, "69.5", null, "*", "32.4", null, null, "48.5", null, null, "30.5", null, "*", "11.2", null, null, "13.8", null, null, "9.5", null, null, "6.1", null, null, "4.6", null, null, "0.0", null, null, "27.6", null, null, "21.9", null, "*", "46.7", null, null, "13.0", null, "*", "11.2", null, "*", "11.2", null, "*", "14.2", null, null, "10.0", null, "*", "13.5", null, null, "13.4", null, null, "13.7", null, null, "9.2", null, "*", "34.3", null, null, "6456", null, "41.6", null, "41.6", null, "38.8", null, "2.9", null, "0.0", null, "58.4", null, "2688", null, "6.8", null, "2685", null, "52.2", null, "52.2", null, "46.8", null, "354", null, "56.5", null, "1044", null, "80.9", null, "2473", null, "80.1", null, "13.7", null, "0.2", null, "0.0", null, "0.0", null, "6.0", null, "31.7", null, "2504", null, "30.4", null, "23.3", null, "17.5", null, "14.9", null, "13.8", null, "2504", null, "3.8", null, "15.0", null, "4.9", null, "0.6", null, "12.7", null, "6.1", null, "0.4", null, "1.8", null, "6.3", null, "21.7", null, "5.0", null, "5.0", null, "16.9", null, "2504", null, "59.3", null, "33.1", null, "7.6", null, "0.0", null, "2554", null, "8.1", null, "4.7", null, "12.7", null, "7.2", null, "15.0", null, "23.8", null, "7.6", null, "14.2", null, "2.5", null, "4.2", null, "53824", null, "65763", null, "67.5", null, "65803", null, "38.1", null, "21338", null, "28.7", null, "29562", null, "13.4", null, "10670", null, "5.4", null, "3774", null, "29.6", null, "1734", null, "4.6", null, "2.0", null, "11.4", null, "5.3", null, "14.6", null, "22.9", null, "10.6", null, "18.9", null, "3.7", null, "5.9", null, "61441", null, "78651", null, "25693", null, "820", null, "31447", null, "37534", null, "32103", null, "51827", null, "41927", null, "6199", null, "91.4", null, "60.8", null, "41.5", null, "8.6", null, "1538", null, "4.5", null, "3690", null, "2487", null, "2305", null, "89.3", null, "84.6", null, "8.7", null, "10.7", null, "182", null, "81.9", null, "4.9", null, "76.9", null, "18.1", null, "1203", null, "86.0", null, "36.8", null, "57.4", null, "14.0", null, "17.4", null, "24.7", null, "40.6", null, "7.5", null, "6.4", null, "0.0", null, "37.2", null, "49.7", null, "88.6", null, "20.8", null, "25.8", null, "25.8", null, "21.1", null, "27.0", null, "19.3", null, "20.5", null, "14.5", null, "18.0", null, "35.6", null, "0500000US12077", "Liberty County, Florida", "12", "077"], ["15393", null, null, "42.5", null, null, "42.5", null, null, "40.1", null, null, "2.4", null, "*", "0.0", null, null, "57.5", null, null, "6541", null, null, "5.7", null, "*", "7153", null, null, "44.7", null, null, "44.7", null, null, "42.7", null, null, "1060", null, null, "63.2", null, "*", "2147", null, null, "77.3", null, null, "6031", null, null, "83.5", null, null, "8.0", null, "*", "0.5", null, null, "2.4", null, null, "3.1", null, null, "2.6", null, null, "27.2", null, null, "6169", null, null, "28.5", null, null, "21.8", null, null, "22.7", null, null, "9.2", null, null, "17.8", null, null, "6169", null, null, "2.8", null, null, "6.4", null, null, "10.3", null, null, "2.2", null, "*", "13.6", null, null, "4.6", null, null, "0.3", null, null, "2.3", null, null, "5.8", null, null, "27.0", null, "*", "9.1", null, null, "3.3", null, null, "12.4", null, null, "6169", null, null, "68.8", null, "*", "27.3", null, "*", "3.5", null, null, "0.5", null, null, "6682", null, null, "8.9", null, null, "9.1", null, "*", "15.8", null, null, "8.3", null, "*", "14.2", null, null, "16.7", null, null, "10.4", null, null, "10.3", null, null, "3.2", null, null, "3.2", null, "*", "43225", null, "*", "61386", null, null, "61.4", null, null, "64765", null, null, "48.3", null, "*", "20059", null, null, "19.4", null, null, "27342", null, null, "8.9", null, null, "11835", null, null, "1.4", null, null, "3755", null, null, "19.9", null, null, "4356", null, null, "5.0", null, null, "3.8", null, "*", "13.1", null, "*", "7.1", null, "*", "16.9", null, null, "19.2", null, null, "13.8", null, null, "12.8", null, null, "4.1", null, null, "4.2", null, null, "55519", null, null, "72096", null, null, "23399", null, null, "2326", null, "*", "21302", null, "*", "39484", null, null, "30814", null, "*", "45458", null, null, "35775", null, null, "16422", null, null, "86.9", null, null, "54.4", null, null, "47.9", null, null, "13.1", null, null, "3696", null, null, "6.5", null, null, "9265", null, null, "6104", null, null, "5764", null, null, "81.1", null, null, "72.3", null, null, "11.3", null, null, "18.9", null, null, "340", null, "*", "44.7", null, null, "16.2", null, null, "30.6", null, null, "55.3", null, null, "3161", null, null, "79.8", null, null, "37.8", null, null, "49.8", null, null, "20.2", null, null, "21.8", null, "*", "37.0", null, "*", "62.0", null, "*", "13.4", null, null, "20.8", null, null, "31.1", null, null, "49.1", null, "*", "63.5", null, "*", "92.0", null, "*", "28.2", null, "*", "43.3", null, "*", "42.7", null, "*", "50.4", null, "*", "39.8", null, null, "24.2", null, "*", "26.9", null, "*", "16.9", null, null, "24.5", null, "*", "44.4", null, "*", "15248", null, "43.6", null, "43.6", null, "42.5", null, "1.1", null, "0.0", null, "56.4", null, "6646", null, "2.4", null, "7222", null, "43.0", null, "43.0", null, "41.9", null, "1031", null, "41.8", null, "2019", null, "69.3", null, "6320", null, "78.4", null, "14.6", null, "0.0", null, "1.6", null, "1.6", null, "3.8", null, "30.3", null, "6485", null, "23.8", null, "18.3", null, "22.0", null, "12.5", null, "23.5", null, "6485", null, "4.5", null, "7.6", null, "12.1", null, "5.7", null, "11.4", null, "6.8", null, "0.5", null, "2.1", null, "4.9", null, "21.0", null, "9.3", null, "5.2", null, "8.8", null, "6485", null, "76.9", null, "19.0", null, "4.1", null, "0.0", null, "6980", null, "7.0", null, "5.9", null, "12.8", null, "12.2", null, "15.5", null, "19.5", null, "10.7", null, "11.4", null, "3.7", null, "1.3", null, "48176", null, "60900", null, "63.2", null, "63919", null, "42.8", null, "20880", null, "23.1", null, "31337", null, "10.9", null, "10974", null, "1.0", null, "2088", null, "17.5", null, "4086", null, "3.9", null, "1.2", null, "7.3", null, "11.5", null, "13.5", null, "24.4", null, "13.8", null, "16.4", null, "6.0", null, "1.9", null, "63201", null, "76427", null, "23670", null, "2894", null, "32267", null, "37432", null, "34622", null, "40676", null, "36784", null, "16342", null, "87.9", null, "52.6", null, "48.4", null, "12.1", null, "3451", null, "6.7", null, "9262", null, "6000", null, "5879", null, "82.8", null, "76.8", null, "11.8", null, "17.2", null, "121", null, "54.5", null, "24.8", null, "35.5", null, "45.5", null, "3262", null, "79.7", null, "33.9", null, "52.3", null, "20.3", null, "13.0", null, "18.6", null, "10.6", null, "9.2", null, "9.5", null, "0.0", null, "24.8", null, "34.3", null, "24.8", null, "20.9", null, "29.7", null, "29.7", null, "20.3", null, "33.2", null, "18.8", null, "21.2", null, "12.6", null, "17.5", null, "33.1", null, "0500000US12079", "Madison County, Florida", "12", "079"], ["311554", null, "*", "53.6", null, null, "53.5", null, null, "50.3", null, "*", "3.2", null, "*", "0.0", null, "*", "46.4", null, null, "166754", null, "*", "5.9", null, "*", "162570", null, "*", "49.1", null, null, "49.1", null, null, "46.4", null, null, "21354", null, null, "65.4", null, null, "44975", null, "*", "71.1", null, null, "154220", null, "*", "79.2", null, "*", "9.3", null, null, "0.7", null, null, "1.2", null, null, "2.1", null, null, "7.5", null, "*", "25.7", null, "*", "156850", null, "*", "34.1", null, "*", "20.3", null, null, "25.1", null, "*", "9.8", null, null, "10.7", null, null, "156850", null, "*", "0.9", null, null, "8.5", null, null, "7.3", null, "*", "2.7", null, null, "14.1", null, null, "3.6", null, "*", "1.6", null, null, "6.8", null, null, "12.6", null, "*", "20.8", null, null, "11.9", null, "*", "5.6", null, null, "3.6", null, null, "156850", null, "*", "83.6", null, "*", "10.3", null, "*", "5.8", null, null, "0.3", null, null, "143652", null, "*", "4.2", null, null, "3.2", null, "*", "7.9", null, "*", "8.3", null, "*", "13.2", null, null, "17.6", null, "*", "13.2", null, null, "15.8", null, "*", "8.7", null, null, "7.9", null, "*", "68212", null, "*", "95308", null, "*", "64.3", null, null, "94264", null, "*", "45.7", null, null, "26490", null, null, "27.7", null, "*", "36713", null, null, "4.6", null, null, "12936", null, null, "2.1", null, null, "3403", null, "*", "10.1", null, "*", "94718", null, "*", "2.8", null, null, "1.6", null, null, "4.2", null, "*", "6.2", null, "*", "11.8", null, null, "17.7", null, "*", "15.0", null, "*", "18.8", null, "*", "11.3", null, null, "10.5", null, "*", "83222", null, "*", "112215", null, "*", "39039", null, "*", "48934", null, "*", "40379", null, "*", "59089", null, "*", "37243", null, "*", "53134", null, "*", "46114", null, "*", "370913", null, "*", "87.3", null, "*", "64.2", null, null, "41.3", null, null, "12.7", null, "*", "74227", null, "*", "8.1", null, null, "198900", null, "*", "149478", null, "*", "141115", null, "*", "81.1", null, "*", "76.5", null, "*", "6.9", null, null, "18.9", null, "*", "8363", null, null, "57.4", null, null, "40.1", null, null, "21.3", null, null, "42.6", null, null, "49422", null, "*", "79.2", null, null, "52.9", null, null, "33.8", null, "*", "20.8", null, null, "8.2", null, "*", "15.5", null, "*", "12.1", null, null, "4.8", null, null, "7.0", null, null, "2.8", null, null, "23.5", null, "*", "33.5", null, "*", "26.3", null, null, "12.5", null, "*", "20.6", null, "*", "20.2", null, "*", "20.8", null, "*", "20.0", null, "*", "10.6", null, "*", "12.3", null, "*", "7.1", null, null, "9.8", null, "*", "23.0", null, null, "351112", null, "54.4", null, "54.3", null, "51.5", null, "2.7", null, "0.2", null, "45.6", null, "190554", null, "5.1", null, "182040", null, "49.9", null, "49.9", null, "47.5", null, "20611", null, "69.4", null, "47617", null, "72.7", null, "178581", null, "71.0", null, "9.8", null, "0.5", null, "1.4", null, "2.3", null, "14.9", null, "27.3", null, "180930", null, "38.6", null, "19.0", null, "22.9", null, "9.1", null, "10.3", null, "180930", null, "0.7", null, "8.9", null, "6.1", null, "2.3", null, "13.3", null, "4.9", null, "1.5", null, "7.6", null, "13.7", null, "21.5", null, "10.7", null, "5.0", null, "3.8", null, "180930", null, "82.0", null, "11.3", null, "6.5", null, "0.2", null, "168504", null, "4.4", null, "2.6", null, "6.4", null, "7.1", null, "12.5", null, "16.5", null, "13.0", null, "17.5", null, "8.9", null, "11.2", null, "75792", null, "107117", null, "65.4", null, "107810", null, "45.5", null, "26750", null, "34.7", null, "37815", null, "4.0", null, "13196", null, "1.8", null, "5002", null, "7.8", null, "110391", null, "2.6", null, "1.3", null, "2.9", null, "5.0", null, "10.7", null, "16.3", null, "13.6", null, "21.2", null, "11.7", null, "14.6", null, "95295", null, "126609", null, "44867", null, "58113", null, "44314", null, "66161", null, "41249", null, "60079", null, "50283", null, "411898", null, "88.3", null, "63.4", null, "41.4", null, "11.7", null, "77402", null, "9.0", null, "219050", null, "166844", null, "158447", null, "83.5", null, "79.0", null, "7.5", null, "16.5", null, "8397", null, "60.9", null, "37.9", null, "23.8", null, "39.1", null, "52206", null, "79.2", null, "55.2", null, "30.5", null, "20.8", null, "6.5", null, "11.6", null, "9.1", null, "4.3", null, "5.6", null, "3.4", null, "16.0", null, "25.9", null, "27.7", null, "10.4", null, "15.4", null, "15.0", null, "14.1", null, "15.3", null, "9.3", null, "9.9", null, "8.3", null, "7.7", null, "21.2", null, "0500000US12081", "Manatee County, Florida", "12", "081"], ["290875", null, "*", "46.4", null, "*", "46.3", null, "*", "42.2", null, "*", "4.1", null, "*", "0.1", null, null, "53.6", null, "*", "134735", null, "*", "8.8", null, "*", "153002", null, "*", "43.6", null, null, "43.6", null, null, "40.2", null, "*", "20033", null, null, "63.0", null, null, "40641", null, "*", "66.6", null, null, "120408", null, "*", "80.5", null, "*", "9.9", null, null, "0.5", null, "*", "1.0", null, "*", "1.8", null, null, "6.3", null, "*", "25.5", null, null, "122825", null, "*", "28.7", null, "*", "22.3", null, "*", "26.5", null, "*", "9.9", null, null, "12.5", null, null, "122825", null, "*", "2.6", null, "*", "7.3", null, "*", "6.7", null, null, "2.6", null, null, "16.0", null, "*", "4.7", null, null, "1.3", null, null, "5.5", null, "*", "10.7", null, null, "22.4", null, null, "10.0", null, null, "5.2", null, null, "5.0", null, null, "122825", null, "*", "80.5", null, null, "12.7", null, null, "6.4", null, null, "0.5", null, null, "136514", null, "*", "5.5", null, null, "4.0", null, null, "10.3", null, "*", "11.2", null, "*", "16.2", null, "*", "19.7", null, null, "13.1", null, null, "12.0", null, "*", "4.2", null, "*", "3.7", null, "*", "52782", null, "*", "71551", null, "*", "57.8", null, "*", "71403", null, "*", "52.1", null, "*", "25095", null, null, "28.9", null, "*", "31158", null, null, "5.6", null, null, "12638", null, "*", "2.3", null, null, "3966", null, null, "15.7", null, "*", "88139", null, "*", "3.7", null, null, "2.5", null, "*", "6.5", null, null, "8.9", null, "*", "15.6", null, "*", "21.7", null, null, "15.4", null, null, "15.5", null, "*", "5.8", null, null, "4.5", null, "*", "64626", null, "*", "82848", null, "*", "29908", null, "*", "48375", null, "*", "34421", null, null, "47701", null, null, "32369", null, "*", "46204", null, "*", "40482", null, null, "339473", null, "*", "87.7", null, null, "55.9", null, null, "50.2", null, "*", "12.3", null, null, "68282", null, "*", "6.8", null, null, "173522", null, "*", "121010", null, "*", "110436", null, "*", "80.5", null, null, "73.3", null, null, "10.5", null, null, "19.5", null, null, "10574", null, "*", "54.0", null, null, "31.5", null, null, "25.2", null, null, "46.0", null, null, "52512", null, null, "80.0", null, null, "43.3", null, null, "44.5", null, null, "20.0", null, null, "12.0", null, "*", "24.5", null, "*", "21.4", null, null, "7.2", null, null, "13.4", null, "*", "12.3", null, null, "30.0", null, null, "43.6", null, null, "41.7", null, "*", "16.6", null, "*", "28.4", null, "*", "28.2", null, "*", "30.8", null, null, "27.2", null, "*", "13.9", null, "*", "17.1", null, "*", "8.2", null, "*", "14.4", null, "*", "25.5", null, null, "323504", null, "48.3", null, "48.3", null, "45.8", null, "2.5", null, "0.1", null, "51.7", null, "156188", null, "5.2", null, "169520", null, "44.6", null, "44.6", null, "42.6", null, "20333", null, "65.3", null, "47444", null, "67.5", null, "145278", null, "77.1", null, "10.7", null, "0.1", null, "0.6", null, "1.4", null, "10.1", null, "26.3", null, "148029", null, "31.9", null, "20.4", null, "24.5", null, "9.5", null, "13.6", null, "148029", null, "1.9", null, "8.8", null, "6.6", null, "2.1", null, "14.2", null, "5.6", null, "1.1", null, "6.6", null, "11.2", null, "21.8", null, "9.9", null, "4.9", null, "5.3", null, "148029", null, "81.0", null, "12.4", null, "6.3", null, "0.3", null, "159796", null, "5.5", null, "4.1", null, "9.2", null, "9.7", null, "14.4", null, "20.0", null, "12.8", null, "14.3", null, "5.4", null, "4.6", null, "58535", null, "77453", null, "60.9", null, "78556", null, "49.9", null, "24852", null, "36.2", null, "29572", null, "5.5", null, "11577", null, "2.1", null, "3558", null, "13.8", null, "104535", null, "3.7", null, "1.8", null, "5.8", null, "7.2", null, "13.2", null, "23.0", null, "15.1", null, "17.6", null, "6.7", null, "6.0", null, "69787", null, "89065", null, "32513", null, "55261", null, "34676", null, "51174", null, "35656", null, "49516", null, "40997", null, "379768", null, "87.8", null, "56.8", null, "48.7", null, "12.2", null, "76550", null, "8.6", null, "193747", null, "139953", null, "132566", null, "81.4", null, "73.9", null, "11.0", null, "18.6", null, "7387", null, "56.0", null, "33.6", null, "25.3", null, "44.0", null, "53794", null, "78.8", null, "43.6", null, "44.3", null, "21.2", null, "10.2", null, "19.4", null, "25.4", null, "6.3", null, "10.1", null, "7.1", null, "26.9", null, "40.2", null, "64.5", null, "14.6", null, "22.3", null, "21.7", null, "25.8", null, "20.3", null, "12.8", null, "14.4", null, "9.8", null, "11.7", null, "26.1", null, "0500000US12083", "Marion County, Florida", "12", "083"], ["134443", null, "*", "51.8", null, null, "51.5", null, null, "48.8", null, "*", "2.7", null, null, "0.3", null, "*", "48.2", null, null, "69251", null, "*", "5.3", null, null, "68162", null, "*", "47.9", null, null, "47.7", null, null, "45.3", null, null, "7171", null, "*", "61.6", null, null, "17952", null, "*", "69.9", null, "*", "64516", null, "*", "77.7", null, "*", "9.6", null, null, "0.2", null, null, "1.1", null, null, "2.5", null, null, "8.9", null, "*", "25.5", null, "*", "65578", null, "*", "37.4", null, null, "21.1", null, null, "23.7", null, null, "9.9", null, null, "7.9", null, null, "65578", null, "*", "2.0", null, null, "9.0", null, null, "5.8", null, null, "2.6", null, "*", "10.9", null, null, "5.0", null, null, "1.8", null, null, "7.6", null, null, "13.4", null, null, "21.4", null, null, "11.1", null, null, "5.7", null, null, "3.7", null, null, "65578", null, "*", "82.2", null, null, "10.6", null, "*", "6.9", null, null, "0.3", null, null, "63865", null, "*", "4.3", null, null, "2.1", null, null, "8.4", null, "*", "9.2", null, "*", "11.1", null, null, "17.6", null, "*", "12.2", null, null, "15.0", null, "*", "8.2", null, null, "12.0", null, "*", "70552", null, "*", "114142", null, "*", "61.8", null, "*", "115211", null, null, "50.3", null, "*", "26947", null, null, "26.5", null, "*", "42189", null, null, "3.1", null, null, "13713", null, "*", "1.5", null, null, "3177", null, "*", "6.9", null, null, "38818", null, "*", "2.3", null, null, "1.2", null, null, "4.2", null, "*", "5.5", null, null, "9.0", null, null, "17.8", null, "*", "13.5", null, null, "18.8", null, "*", "10.8", null, null, "16.9", null, null, "92526", null, "*", "141830", null, null, "49165", null, "*", "25047", null, null, "43657", null, null, "69477", null, "*", "38262", null, "*", "58439", null, "*", "50905", null, null, "154467", null, "*", "88.5", null, "*", "66.4", null, null, "42.1", null, null, "11.5", null, "*", "28070", null, "*", "9.3", null, null, "79822", null, null, "60411", null, null, "57417", null, null, "83.2", null, null, "79.3", null, null, "6.1", null, null, "16.8", null, null, "2994", null, null, "48.9", null, "*", "39.4", null, "*", "13.9", null, "*", "51.1", null, "*", "19411", null, null, "80.3", null, null, "59.0", null, "*", "29.4", null, null, "19.7", null, null, "6.9", null, null, "12.8", null, null, "18.0", null, "*", "4.0", null, null, "5.5", null, null, "4.5", null, "*", "20.5", null, null, "32.1", null, null, "62.0", null, "*", "10.5", null, null, "16.1", null, null, "16.0", null, null, "23.9", null, null, "13.4", null, null, "9.4", null, null, "11.0", null, null, "6.5", null, "*", "8.0", null, null, "19.0", null, null, "137423", null, "52.5", null, "52.5", null, "50.1", null, "2.4", null, "0.1", null, "47.5", null, "72093", null, "4.5", null, "69289", null, "48.7", null, "48.6", null, "46.4", null, "7996", null, "61.8", null, "16931", null, "64.2", null, "67616", null, "73.6", null, "8.8", null, "0.2", null, "1.0", null, "2.6", null, "13.8", null, "28.0", null, "68833", null, "38.4", null, "19.2", null, "23.6", null, "11.0", null, "7.9", null, "68833", null, "1.7", null, "10.3", null, "5.5", null, "1.7", null, "11.5", null, "5.7", null, "1.8", null, "7.7", null, "13.2", null, "19.4", null, "12.6", null, "5.7", null, "3.1", null, "68833", null, "84.0", null, "8.9", null, "6.8", null, "0.3", null, "67820", null, "4.8", null, "2.7", null, "5.7", null, "7.6", null, "11.1", null, "14.6", null, "13.0", null, "18.6", null, "8.4", null, "13.4", null, "80701", null, "120690", null, "64.9", null, "116884", null, "48.8", null, "26766", null, "35.3", null, "38798", null, "3.5", null, "11520", null, "1.6", null, "5610", null, "6.6", null, "42307", null, "2.7", null, "1.3", null, "2.9", null, "5.5", null, "8.8", null, "13.1", null, "14.5", null, "22.5", null, "11.1", null, "17.4", null, "101878", null, "144081", null, "52532", null, "25513", null, "47297", null, "77830", null, "40277", null, "66558", null, "51962", null, "157256", null, "89.8", null, "66.9", null, "42.5", null, "10.2", null, "27505", null, "6.8", null, "79919", null, "60702", null, "57972", null, "82.7", null, "78.8", null, "6.1", null, "17.3", null, "2730", null, "76.3", null, "55.0", null, "28.2", null, "23.7", null, "19217", null, "83.7", null, "63.7", null, "26.4", null, "16.3", null, "7.1", null, "14.3", null, "8.5", null, "4.6", null, "8.1", null, "0.8", null, "21.5", null, "34.3", null, "18.8", null, "11.4", null, "18.8", null, "18.0", null, "19.1", null, "17.6", null, "9.9", null, "11.0", null, "8.1", null, "8.7", null, "20.5", null, "0500000US12085", "Martin County, Florida", "12", "085"], ["2225127", null, "*", "62.5", null, "*", "62.4", null, "*", "58.5", null, "*", "3.9", null, "*", "0.1", null, "*", "37.5", null, "*", "1388666", null, "*", "6.3", null, "*", "1156157", null, "*", "56.7", null, "*", "56.7", null, "*", "53.0", null, "*", "179790", null, "*", "68.7", null, null, "349919", null, null, "72.9", null, "*", "1280128", null, "*", "76.8", null, "*", "8.8", null, null, "5.0", null, "*", "2.0", null, null, "2.1", null, "*", "5.2", null, "*", "32.2", null, "*", "1301540", null, "*", "32.2", null, "*", "21.0", null, "*", "25.8", null, "*", "9.6", null, "*", "11.4", null, "*", "1301540", null, "*", "0.7", null, null, "7.8", null, "*", "4.5", null, null, "3.8", null, "*", "11.8", null, "*", "7.7", null, "*", "2.0", null, "*", "7.7", null, null, "13.0", null, "*", "20.0", null, "*", "11.3", null, "*", "6.2", null, "*", "3.4", null, null, "1301540", null, "*", "82.7", null, "*", "9.4", null, null, "7.7", null, "*", "0.2", null, null, "870051", null, "*", "5.9", null, "*", "6.0", null, "*", "9.9", null, "*", "9.5", null, "*", "11.8", null, "*", "16.3", null, null, "11.6", null, "*", "13.8", null, "*", "6.4", null, "*", "8.7", null, "*", "59625", null, "*", "92203", null, "*", "79.9", null, "*", "96403", null, "*", "29.4", null, null, "18960", null, null, "8.2", null, "*", "29982", null, null, "7.3", null, null, "10089", null, "*", "2.4", null, "*", "2921", null, null, "25.4", null, "*", "595092", null, "*", "3.9", null, "*", "3.0", null, "*", "8.6", null, "*", "9.5", null, "*", "12.6", null, "*", "17.0", null, null, "12.3", null, "*", "15.5", null, "*", "7.4", null, "*", "10.2", null, "*", "67085", null, "*", "102664", null, "*", "32669", null, "*", "274959", null, "*", "35886", null, "*", "63529", null, "*", "34346", null, "*", "46557", null, "*", "40017", null, "*", "2690040", null, "*", "81.9", null, "*", "52.1", null, "*", "33.7", null, null, "18.1", null, "*", "585725", null, "*", "7.6", null, null, "1688564", null, "*", "1304777", null, null, "1223343", null, "*", "77.5", null, "*", "72.3", null, "*", "6.4", null, "*", "22.5", null, "*", "81434", null, "*", "54.2", null, "*", "34.4", null, "*", "21.0", null, null, "45.8", null, "*", "383787", null, "*", "69.3", null, "*", "41.0", null, "*", "31.0", null, null, "30.7", null, "*", "14.7", null, "*", "20.3", null, "*", "16.6", null, null, "9.5", null, "*", "11.0", null, "*", "8.0", null, null, "26.9", null, "*", "37.5", null, "*", "35.6", null, null, "18.0", null, "*", "24.2", null, "*", "24.0", null, "*", "25.0", null, "*", "23.6", null, "*", "16.4", null, "*", "15.3", null, "*", "21.1", null, null, "15.0", null, "*", "33.3", null, "*", "2208561", null, "64.0", null, "63.9", null, "61.1", null, "2.8", null, "0.1", null, "36.0", null, "1411127", null, "4.4", null, "1135579", null, "58.4", null, "58.3", null, "55.6", null, "168885", null, "69.6", null, "347431", null, "74.7", null, "1325026", null, "70.7", null, "8.9", null, "3.3", null, "2.0", null, "2.8", null, "12.3", null, "31.0", null, "1349198", null, "36.9", null, "19.1", null, "22.1", null, "9.9", null, "11.8", null, "1349198", null, "0.7", null, "8.7", null, "4.5", null, "3.1", null, "10.7", null, "8.9", null, "1.8", null, "8.0", null, "14.1", null, "20.6", null, "9.9", null, "5.8", null, "3.3", null, "1349198", null, "81.6", null, "9.6", null, "8.6", null, "0.2", null, "964805", null, "5.5", null, "5.2", null, "7.9", null, "7.9", null, "11.1", null, "16.3", null, "12.5", null, "15.3", null, "7.9", null, "10.4", null, "68694", null, "102498", null, "81.4", null, "105439", null, "29.6", null, "18722", null, "12.2", null, "32532", null, "7.2", null, "9456", null, "3.9", null, "2715", null, "22.7", null, "658249", null, "3.5", null, "2.3", null, "6.5", null, "7.9", null, "11.5", null, "17.5", null, "13.1", null, "16.7", null, "8.7", null, "12.3", null, "76403", null, "113728", null, "37858", null, "306556", null, "41025", null, "69067", null, "38213", null, "50566", null, "43210", null, "2661149", null, "85.7", null, "56.9", null, "33.5", null, "14.3", null, "571807", null, "7.0", null, "1647040", null, "1307169", null, "1250887", null, "82.3", null, "76.7", null, "7.4", null, "17.7", null, "56282", null, "62.2", null, "44.7", null, "20.0", null, "37.8", null, "339871", null, "73.8", null, "46.2", null, "31.3", null, "26.2", null, "11.4", null, "15.6", null, "16.4", null, "7.8", null, "8.6", null, "7.8", null, "20.0", null, "28.8", null, "33.1", null, "14.9", null, "18.5", null, "18.1", null, "20.4", null, "17.3", null, "14.0", null, "12.2", null, "20.9", null, "11.6", null, "29.9", null, "0500000US12086", "Miami-Dade County, Florida", "12", "086"], ["66241", null, "*", "64.7", null, "*", "62.8", null, "*", "61.0", null, "*", "1.8", null, null, "1.9", null, null, "35.3", null, "*", "41588", null, "*", "2.9", null, null, "31503", null, "*", "60.1", null, null, "59.7", null, null, "58.2", null, null, "4026", null, null, "74.3", null, null, "7003", null, "*", "71.3", null, "*", "40801", null, "*", "70.3", null, "*", "7.2", null, null, "1.5", null, "*", "4.2", null, null, "10.6", null, null, "6.2", null, "*", "17.6", null, "*", "40392", null, null, "31.3", null, "*", "23.6", null, null, "23.8", null, "*", "12.7", null, null, "8.7", null, null, "40392", null, null, "1.9", null, null, "7.8", null, null, "2.4", null, null, "2.0", null, null, "11.7", null, "*", "6.0", null, null, "1.2", null, null, "7.1", null, null, "9.9", null, "*", "14.5", null, null, "23.9", null, null, "4.8", null, null, "6.9", null, null, "40392", null, null, "76.2", null, null, "14.4", null, null, "9.2", null, null, "0.2", null, null, "30982", null, "*", "4.3", null, null, "2.4", null, null, "6.4", null, null, "6.5", null, null, "10.8", null, null, "15.3", null, null, "13.6", null, "*", "18.8", null, "*", "8.9", null, null, "13.0", null, "*", "81586", null, null, "121221", null, "*", "76.0", null, null, "105785", null, "*", "35.0", null, null, "23960", null, null, "19.2", null, "*", "44419", null, null, "3.3", null, null, "10478", null, null, "2.5", null, null, "4345", null, null, "6.5", null, null, "18053", null, "*", "2.2", null, null, "1.1", null, null, "4.8", null, null, "4.4", null, null, "9.3", null, null, "15.2", null, null, "15.7", null, "*", "20.3", null, null, "10.8", null, null, "16.1", null, "*", "95041", null, "*", "139786", null, "*", "52924", null, "*", "12929", null, "*", "54774", null, null, "90778", null, null, "41321", null, null, "52475", null, "*", "48544", null, null, "74327", null, "*", "82.2", null, "*", "63.0", null, null, "33.3", null, "*", "17.8", null, "*", "12279", null, "*", "10.2", null, null, "45930", null, "*", "37114", null, null, "36044", null, null, "73.7", null, "*", "69.7", null, null, "6.1", null, "*", "26.3", null, "*", "1070", null, null, "64.8", null, null, "54.1", null, null, "15.6", null, null, "35.2", null, null, "8816", null, null, "78.0", null, null, "56.7", null, "*", "28.3", null, null, "22.0", null, null, "7.4", null, null, "13.7", null, "*", "9.0", null, null, "4.6", null, null, "7.4", null, "*", "7.8", null, null, "23.4", null, null, "29.6", null, null, "27.9", null, null, "11.8", null, null, "17.3", null, "*", "16.1", null, "*", "13.9", null, null, "17.2", null, "*", "10.9", null, null, "10.9", null, null, "10.6", null, null, "8.4", null, "*", "20.0", null, null, "70601", null, "62.9", null, "60.9", null, "59.0", null, "2.0", null, "2.0", null, "37.1", null, "43029", null, "3.2", null, "33976", null, "58.9", null, "58.5", null, "56.6", null, "4077", null, "77.5", null, "8240", null, "83.3", null, "42413", null, "65.3", null, "8.1", null, "0.3", null, "4.8", null, "10.1", null, "11.2", null, "19.0", null, "41647", null, "34.3", null, "23.2", null, "21.2", null, "12.5", null, "8.9", null, "41647", null, "1.6", null, "9.1", null, "2.7", null, "1.6", null, "9.5", null, "7.4", null, "0.9", null, "7.0", null, "11.9", null, "14.5", null, "21.7", null, "5.9", null, "6.2", null, "41647", null, "75.4", null, "14.5", null, "9.9", null, "0.2", null, "34630", null, "4.5", null, "3.1", null, "5.6", null, "5.6", null, "10.3", null, "17.0", null, "11.6", null, "16.9", null, "9.9", null, "15.6", null, "82430", null, "130952", null, "75.0", null, "117446", null, "36.6", null, "24686", null, "25.5", null, "41471", null, "2.8", null, "12644", null, "1.9", null, "5691", null, "7.4", null, "20617", null, "2.6", null, "1.2", null, "4.2", null, "4.1", null, "9.0", null, "15.2", null, "12.5", null, "19.7", null, "11.5", null, "20.0", null, "104191", null, "158578", null, "57683", null, "14013", null, "58796", null, "85406", null, "42414", null, "60118", null, "48760", null, "79810", null, "85.1", null, "63.6", null, "36.4", null, "14.9", null, "13370", null, "8.7", null, "46728", null, "37398", null, "36188", null, "77.4", null, "71.5", null, "8.6", null, "22.6", null, "1210", null, "57.8", null, "42.4", null, "23.1", null, "42.2", null, "9330", null, "81.8", null, "64.3", null, "24.9", null, "18.2", null, "6.7", null, "8.6", null, "7.2", null, "4.3", null, "3.0", null, "2.6", null, "22.7", null, "30.0", null, "18.4", null, "10.4", null, "9.2", null, "8.3", null, "7.9", null, "8.4", null, "10.6", null, "10.6", null, "10.7", null, "6.2", null, "21.4", null, "0500000US12087", "Monroe County, Florida", "12", "087"], ["66527", null, "*", "58.1", null, null, "57.4", null, null, "54.7", null, null, "2.7", null, null, "0.7", null, null, "41.9", null, null, "38196", null, "*", "4.7", null, null, "33924", null, "*", "51.5", null, null, "51.4", null, null, "49.0", null, null, "4584", null, "*", "62.9", null, null, "10765", null, "*", "66.0", null, null, "36050", null, "*", "83.1", null, "*", "8.5", null, "*", "0.2", null, null, "2.3", null, "*", "1.7", null, null, "4.4", null, "*", "30.2", null, null, "36402", null, "*", "34.7", null, "*", "19.4", null, "*", "22.5", null, null, "10.9", null, null, "12.6", null, null, "36402", null, "*", "1.0", null, null, "7.2", null, null, "7.9", null, null, "2.2", null, null, "10.6", null, null, "8.0", null, null, "1.6", null, null, "6.5", null, null, "11.1", null, "*", "19.6", null, null, "12.5", null, "*", "6.1", null, "*", "5.9", null, null, "36402", null, "*", "78.3", null, "*", "15.2", null, null, "6.4", null, "*", "0.0", null, null, "31241", null, "*", "3.9", null, null, "3.1", null, null, "5.3", null, null, "6.4", null, null, "11.8", null, "*", "16.3", null, null, "13.0", null, "*", "18.8", null, null, "11.0", null, null, "10.5", null, null, "80702", null, "*", "108101", null, null, "71.6", null, null, "102856", null, null, "39.1", null, "*", "26123", null, null, "27.4", null, "*", "44651", null, null, "4.6", null, null, "13934", null, null, "2.0", null, null, "3688", null, null, "10.4", null, "*", "22708", null, "*", "2.3", null, null, "1.8", null, null, "2.9", null, null, "5.0", null, null, "10.6", null, "*", "17.0", null, "*", "12.8", null, "*", "21.3", null, null, "13.7", null, null, "12.7", null, null, "94969", null, null, "122341", null, null, "43012", null, "*", "8533", null, "*", "44632", null, "*", "64655", null, "*", "41493", null, "*", "66166", null, null, "48994", null, null, "79567", null, "*", "89.0", null, "*", "70.5", null, null, "34.2", null, "*", "11.0", null, "*", "16997", null, "*", "8.2", null, "*", "45992", null, "*", "34490", null, "*", "32862", null, "*", "85.0", null, "*", "80.6", null, "*", "8.0", null, null, "15.0", null, "*", "1628", null, null, "61.6", null, null, "44.0", null, "*", "20.1", null, "*", "38.4", null, null, "11502", null, null, "84.1", null, null, "59.9", null, null, "31.0", null, null, "15.9", null, null, "7.6", null, null, "12.0", null, null, "7.3", null, null, "4.2", null, null, "6.0", null, null, "2.0", null, null, "25.3", null, null, "29.5", null, "*", "37.4", null, null, "10.2", null, null, "12.9", null, null, "12.7", null, null, "14.6", null, null, "12.1", null, null, "9.6", null, null, "10.2", null, null, "7.8", null, "*", "7.6", null, null, "25.2", null, null, "78081", null, "57.2", null, "56.4", null, "54.2", null, "2.2", null, "0.8", null, "42.8", null, "44037", null, "4.0", null, "39584", null, "52.6", null, "52.6", null, "51.3", null, "5564", null, "68.4", null, "11970", null, "69.0", null, "42192", null, "79.0", null, "5.5", null, "0.1", null, "1.0", null, "1.3", null, "13.0", null, "30.8", null, "42292", null, "38.9", null, "15.1", null, "23.6", null, "10.3", null, "12.1", null, "42292", null, "0.6", null, "8.3", null, "7.8", null, "1.9", null, "10.2", null, "8.8", null, "1.6", null, "7.5", null, "14.2", null, "18.2", null, "10.1", null, "4.4", null, "6.3", null, "42292", null, "82.2", null, "13.3", null, "4.6", null, "0.0", null, "38112", null, "3.6", null, "3.2", null, "4.9", null, "5.4", null, "8.4", null, "14.7", null, "16.9", null, "20.0", null, "10.4", null, "12.5", null, "88900", null, "114157", null, "71.1", null, "106687", null, "41.8", null, "26391", null, "35.4", null, "39518", null, "4.7", null, "11241", null, "1.6", null, "3760", null, "7.2", null, "28122", null, "2.2", null, "1.7", null, "3.5", null, "5.0", null, "5.8", null, "14.3", null, "16.8", null, "23.5", null, "12.0", null, "15.2", null, "101117", null, "125403", null, "46463", null, "9990", null, "52652", null, "78780", null, "45617", null, "67527", null, "48093", null, "93308", null, "92.5", null, "70.3", null, "38.2", null, "7.5", null, "19360", null, "4.0", null, "52143", null, "39882", null, "38353", null, "90.0", null, "85.0", null, "7.8", null, "10.0", null, "1529", null, "66.2", null, "23.7", null, "43.7", null, "33.8", null, "12261", null, "84.8", null, "56.2", null, "35.0", null, "15.2", null, "7.1", null, "13.9", null, "15.9", null, "2.8", null, "3.1", null, "1.0", null, "31.1", null, "44.6", null, "58.7", null, "9.2", null, "14.5", null, "14.1", null, "18.1", null, "12.8", null, "8.0", null, "8.9", null, "5.7", null, "6.9", null, "22.9", null, "0500000US12089", "Nassau County, Florida", "12", "089"], ["160704", null, "*", "63.5", null, "*", "57.7", null, null, "54.4", null, null, "3.3", null, "*", "5.8", null, "*", "36.5", null, "*", "92723", null, "*", "5.6", null, "*", "79254", null, "*", "56.0", null, null, "54.7", null, null, "51.5", null, null, "15306", null, null, "60.3", null, null, "26839", null, "*", "69.2", null, null, "95179", null, "*", "83.1", null, "*", "8.6", null, "*", "0.3", null, null, "1.9", null, null, "2.0", null, null, "4.1", null, "*", "23.7", null, "*", "87493", null, "*", "37.4", null, "*", "22.6", null, "*", "21.6", null, "*", "9.8", null, null, "8.6", null, null, "87493", null, "*", "0.5", null, null, "7.6", null, null, "4.4", null, null, "1.7", null, null, "12.1", null, null, "4.4", null, null, "1.0", null, null, "6.5", null, null, "12.6", null, "*", "17.5", null, null, "15.0", null, null, "5.4", null, null, "11.4", null, null, "87493", null, "*", "72.5", null, null, "20.8", null, null, "6.5", null, null, "0.2", null, null, "77403", null, "*", "3.1", null, null, "3.2", null, "*", "6.2", null, "*", "8.4", null, "*", "11.7", null, null, "16.9", null, "*", "14.3", null, null, "19.7", null, null, "8.5", null, null, "7.9", null, "*", "75530", null, null, "96357", null, "*", "77.6", null, "*", "88112", null, "*", "31.1", null, "*", "23018", null, null, "29.6", null, null, "37697", null, null, "4.6", null, null, "12085", null, null, "1.6", null, null, "3237", null, null, "9.6", null, "*", "50129", null, "*", "2.3", null, null, "1.5", null, null, "3.6", null, null, "6.5", null, "*", "9.1", null, null, "17.5", null, null, "15.0", null, null, "23.0", null, null, "10.9", null, null, "10.6", null, "*", "90174", null, "*", "110862", null, "*", "38832", null, "*", "27274", null, null, "46354", null, "*", "65907", null, null, "38016", null, "*", "57841", null, null, "44319", null, null, "188311", null, "*", "87.8", null, null, "71.7", null, null, "33.1", null, null, "12.2", null, null, "46260", null, "*", "8.1", null, null, "111588", null, "*", "85241", null, "*", "80538", null, "*", "83.4", null, null, "78.5", null, null, "10.7", null, null, "16.6", null, null, "4703", null, "*", "68.1", null, null, "53.7", null, null, "20.5", null, null, "31.9", null, null, "26347", null, null, "83.9", null, null, "60.8", null, "*", "33.4", null, null, "16.1", null, null, "8.0", null, "*", "14.7", null, "*", "14.0", null, "*", "3.6", null, null, "6.6", null, "*", "6.3", null, "*", "27.5", null, "*", "38.7", null, "*", "36.8", null, null, "11.5", null, "*", "16.5", null, null, "16.0", null, null, "17.1", null, null, "15.6", null, "*", "10.1", null, "*", "10.8", null, "*", "6.9", null, null, "9.2", null, "*", "20.7", null, "*", "171279", null, "64.8", null, "57.2", null, "55.5", null, "1.8", null, "7.5", null, "35.2", null, "98040", null, "3.1", null, "84074", null, "56.8", null, "54.7", null, "52.7", null, "15805", null, "61.4", null, "29864", null, "69.5", null, "105990", null, "76.4", null, "10.5", null, "0.3", null, "1.7", null, "1.9", null, "9.2", null, "26.3", null, "94977", null, "41.2", null, "20.1", null, "19.8", null, "9.4", null, "9.4", null, "94977", null, "0.6", null, "7.6", null, "4.9", null, "1.4", null, "11.4", null, "4.2", null, "0.8", null, "7.2", null, "14.7", null, "18.2", null, "13.5", null, "4.9", null, "10.5", null, "94977", null, "72.5", null, "19.9", null, "7.3", null, "0.3", null, "84123", null, "3.3", null, "2.2", null, "4.8", null, "6.7", null, "11.2", null, "19.4", null, "13.7", null, "19.2", null, "9.2", null, "10.4", null, "79097", null, "105647", null, "80.2", null, "96051", null, "29.2", null, "23753", null, "29.8", null, "40042", null, "3.8", null, "11445", null, "1.6", null, "2990", null, "7.4", null, "55904", null, "2.0", null, "1.2", null, "3.1", null, "4.7", null, "9.0", null, "18.7", null, "13.6", null, "22.3", null, "11.8", null, "13.8", null, "96567", null, "122529", null, "42261", null, "28219", null, "52989", null, "68277", null, "41396", null, "60508", null, "45477", null, "198625", null, "88.6", null, "72.5", null, "33.6", null, "11.4", null, "50413", null, "7.7", null, "113648", null, "88078", null, "85414", null, "83.8", null, "79.8", null, "11.1", null, "16.2", null, "2664", null, "65.3", null, "48.6", null, "21.5", null, "34.7", null, "25570", null, "85.0", null, "64.9", null, "31.0", null, "15.0", null, "6.5", null, "10.5", null, "7.6", null, "3.1", null, "3.3", null, "2.1", null, "21.7", null, "31.0", null, "26.3", null, "9.3", null, "13.7", null, "13.3", null, "17.1", null, "11.8", null, "8.0", null, "8.0", null, "7.8", null, "7.4", null, "17.3", null, "0500000US12091", "Okaloosa County, Florida", "12", "091"], ["32980", null, null, "48.1", null, null, "48.0", null, null, "44.6", null, null, "3.4", null, null, "0.0", null, null, "51.9", null, null, "15846", null, null, "7.1", null, null, "15136", null, null, "44.2", null, null, "44.2", null, null, "41.9", null, null, "2480", null, null, "39.8", null, "*", "5213", null, "*", "58.2", null, null, "14623", null, null, "81.8", null, "*", "12.1", null, null, "0.1", null, "*", "1.7", null, null, "1.7", null, "*", "2.5", null, "*", "23.5", null, null, "14722", null, null, "23.0", null, "*", "20.7", null, "*", "19.4", null, null, "21.7", null, "*", "15.2", null, "*", "14722", null, null, "10.3", null, "*", "12.0", null, null, "4.8", null, null, "3.2", null, null, "13.0", null, null, "6.1", null, null, "0.7", null, null, "3.2", null, null, "7.2", null, null, "19.7", null, null, "9.0", null, null, "5.6", null, null, "5.4", null, "*", "14722", null, null, "76.8", null, null, "14.2", null, "*", "8.9", null, "*", "0.1", null, null, "13759", null, "*", "6.2", null, null, "4.7", null, null, "10.9", null, null, "12.4", null, null, "17.1", null, null, "19.2", null, null, "10.7", null, null, "13.7", null, null, "2.8", null, "*", "2.3", null, "*", "49138", null, null, "65803", null, "*", "65.7", null, null, "66032", null, "*", "40.0", null, null, "24149", null, "*", "20.1", null, "*", "27421", null, null, "5.7", null, null, "12398", null, null, "3.6", null, null, "3938", null, "*", "18.7", null, null, "9464", null, null, "4.8", null, null, "2.5", null, null, "6.8", null, null, "11.5", null, null, "18.3", null, null, "22.4", null, null, "11.6", null, null, "16.5", null, null, "2.7", null, "*", "2.9", null, "*", "56396", null, null, "70840", null, "*", "24276", null, "*", "4295", null, "*", "28722", null, null, "50225", null, null, "32295", null, "*", "45886", null, null, "37937", null, "*", "37623", null, null, "81.9", null, null, "47.0", null, null, "48.3", null, null, "18.1", null, null, "8766", null, null, "10.7", null, null, "21319", null, "*", "14800", null, null, "13798", null, null, "74.9", null, null, "64.0", null, null, "13.4", null, null, "25.1", null, null, "1002", null, null, "44.5", null, null, "20.4", null, null, "28.8", null, null, "55.5", null, null, "6519", null, null, "71.9", null, null, "30.1", null, null, "48.1", null, null, "28.1", null, null, "17.0", null, null, "28.0", null, null, "22.5", null, null, "10.4", null, null, "17.5", null, null, "12.4", null, null, "38.4", null, null, "48.7", null, null, "39.7", null, "*", "22.7", null, null, "39.0", null, null, "38.6", null, null, "45.9", null, null, "35.9", null, null, "18.1", null, null, "20.6", null, null, "11.0", null, null, "21.0", null, null, "31.0", null, null, "32774", null, "49.2", null, "49.2", null, "46.3", null, "2.9", null, "0.0", null, "50.8", null, "16134", null, "6.0", null, "15343", null, "45.8", null, "45.8", null, "42.6", null, "2709", null, "54.4", null, "4758", null, "68.0", null, "14882", null, "73.4", null, "13.4", null, "0.8", null, "2.0", null, "3.5", null, "6.8", null, "26.0", null, "15169", null, "28.0", null, "25.2", null, "19.2", null, "16.8", null, "10.8", null, "15169", null, "6.1", null, "10.6", null, "3.8", null, "2.2", null, "12.7", null, "5.6", null, "0.3", null, "3.3", null, "8.3", null, "20.5", null, "12.0", null, "4.6", null, "10.1", null, "15169", null, "74.9", null, "18.7", null, "6.2", null, "0.2", null, "15187", null, "6.6", null, "4.1", null, "9.5", null, "10.9", null, "15.9", null, "19.8", null, "11.4", null, "12.3", null, "5.4", null, "4.1", null, "52288", null, "72468", null, "65.7", null, "78778", null, "41.1", null, "22109", null, "24.6", null, "22895", null, "6.7", null, "11495", null, "4.0", null, "1828", null, "18.1", null, "9911", null, "6.8", null, "1.9", null, "5.1", null, "8.4", null, "15.0", null, "22.2", null, "11.6", null, "17.2", null, "6.5", null, "5.4", null, "60527", null, "83065", null, "27836", null, "5276", null, "31475", null, "48123", null, "35151", null, "46920", null, "43166", null, "37579", null, "82.7", null, "48.5", null, "46.1", null, "17.3", null, "8996", null, "11.3", null, "20793", null, "14802", null, "14000", null, "74.8", null, "67.1", null, "10.6", null, "25.2", null, "802", null, "54.2", null, "20.6", null, "33.7", null, "45.8", null, "5991", null, "74.4", null, "35.7", null, "45.1", null, "25.6", null, "14.1", null, "23.2", null, "26.8", null, "7.3", null, "11.4", null, "8.9", null, "36.4", null, "49.1", null, "76.8", null, "19.0", null, "30.0", null, "29.5", null, "37.4", null, "26.4", null, "15.9", null, "17.6", null, "11.3", null, "16.8", null, "28.3", null, "0500000US12093", "Okeechobee County, Florida", "12", "093"], ["1056717", null, "*", "66.7", null, "*", "66.6", null, "*", "62.6", null, "*", "4.0", null, "*", "0.0", null, "*", "33.3", null, "*", "704100", null, "*", "6.0", null, "*", "543314", null, "*", "61.5", null, "*", "61.5", null, "*", "57.7", null, "*", "93868", null, null, "67.4", null, "*", "190519", null, "*", "72.9", null, null, "650883", null, "*", "79.3", null, "*", "9.8", null, "*", "2.5", null, "*", "1.2", null, "*", "2.2", null, null, "5.1", null, "*", "27.8", null, "*", "661930", null, "*", "37.0", null, "*", "20.4", null, "*", "24.6", null, "*", "7.4", null, null, "10.5", null, null, "661930", null, "*", "0.4", null, null, "6.4", null, null, "4.6", null, null, "2.5", null, null, "11.7", null, null, "5.5", null, "*", "2.2", null, null, "6.9", null, null, "14.0", null, "*", "19.1", null, null, "19.0", null, "*", "4.5", null, null, "3.0", null, null, "661930", null, "*", "86.4", null, "*", "9.1", null, null, "4.4", null, "*", "0.1", null, "*", "458613", null, "*", "5.4", null, "*", "3.2", null, "*", "7.9", null, "*", "8.5", null, "*", "12.6", null, "*", "18.3", null, "*", "12.8", null, null, "15.2", null, "*", "7.1", null, "*", "8.9", null, "*", "66141", null, "*", "95515", null, "*", "83.3", null, "*", "96203", null, "*", "23.8", null, null, "22376", null, null, "12.8", null, "*", "30629", null, null, "4.7", null, null, "12005", null, "*", "2.1", null, "*", "3143", null, null, "15.8", null, "*", "299990", null, "*", "3.8", null, null, "1.9", null, null, "6.0", null, "*", "7.6", null, "*", "11.8", null, "*", "17.9", null, "*", "13.4", null, null, "17.4", null, "*", "8.7", null, "*", "11.6", null, "*", "76713", null, "*", "109903", null, "*", "35130", null, "*", "158623", null, "*", "45399", null, "*", "63407", null, "*", "36779", null, "*", "51755", null, "*", "44306", null, "*", "1309805", null, "*", "85.5", null, "*", "63.8", null, "*", "29.2", null, "*", "14.5", null, "*", "316457", null, "*", "8.2", null, "*", "846205", null, "*", "666304", null, "*", "628655", null, "*", "83.3", null, "*", "78.1", null, "*", "7.4", null, null, "16.7", null, "*", "37649", null, null, "58.6", null, "*", "38.5", null, "*", "22.5", null, null, "41.4", null, "*", "179901", null, null, "77.2", null, "*", "51.2", null, "*", "32.0", null, null, "22.8", null, "*", "12.3", null, "*", "18.2", null, "*", "15.5", null, "*", "7.0", null, "*", "9.8", null, "*", "7.5", null, null, "26.9", null, "*", "34.9", null, "*", "37.4", null, null, "16.1", null, "*", "22.5", null, "*", "22.1", null, "*", "25.1", null, "*", "21.0", null, "*", "14.2", null, "*", "14.7", null, "*", "11.4", null, null, "13.5", null, "*", "26.1", null, "*", "1164273", null, "67.4", null, "67.3", null, "63.6", null, "3.7", null, "0.1", null, "32.6", null, "783584", null, "5.5", null, "596627", null, "62.7", null, "62.7", null, "59.2", null, "94691", null, "70.1", null, "200004", null, "74.5", null, "728483", null, "69.9", null, "9.1", null, "1.5", null, "1.4", null, "2.3", null, "15.9", null, "28.4", null, "740690", null, "40.9", null, "18.7", null, "22.4", null, "7.2", null, "10.7", null, "740690", null, "0.4", null, "6.7", null, "4.9", null, "2.2", null, "11.4", null, "6.6", null, "2.0", null, "7.3", null, "15.2", null, "19.3", null, "16.5", null, "4.4", null, "3.1", null, "740690", null, "84.8", null, "9.5", null, "5.4", null, "0.2", null, "508907", null, "5.0", null, "2.8", null, "6.1", null, "7.0", null, "10.8", null, "17.1", null, "13.0", null, "18.1", null, "8.8", null, "11.3", null, "77011", null, "108171", null, "84.1", null, "107874", null, "23.9", null, "22517", null, "17.3", null, "31301", null, "4.8", null, "10721", null, "2.7", null, "3640", null, "14.1", null, "336738", null, "3.4", null, "1.6", null, "4.8", null, "6.2", null, "10.1", null, "15.9", null, "13.1", null, "20.0", null, "10.6", null, "14.3", null, "89769", null, "123697", null, "39640", null, "172169", null, "52464", null, "70793", null, "40370", null, "57501", null, "47136", null, "1428006", null, "87.7", null, "66.7", null, "28.3", null, "12.3", null, "333214", null, "6.6", null, "916011", null, "733169", null, "694626", null, "85.6", null, "80.9", null, "7.1", null, "14.4", null, "38543", null, "68.1", null, "50.4", null, "20.3", null, "31.9", null, "182842", null, "79.6", null, "54.8", null, "30.4", null, "20.4", null, "9.8", null, "13.9", null, "12.4", null, "5.9", null, "7.4", null, "5.7", null, "20.9", null, "28.9", null, "30.0", null, "13.0", null, "16.8", null, "16.5", null, "18.1", null, "15.9", null, "12.0", null, "12.0", null, "12.1", null, "10.5", null, "22.9", null, "0500000US12095", "Orange County, Florida", "12", "095"], ["265154", null, "*", "62.6", null, "*", "62.6", null, "*", "58.6", null, "*", "3.9", null, null, "0.0", null, null, "37.4", null, "*", "165934", null, "*", "6.3", null, "*", "136143", null, "*", "57.3", null, "*", "57.3", null, "*", "53.5", null, "*", "25444", null, "*", "62.6", null, "*", "55058", null, "*", "67.9", null, "*", "152167", null, "*", "80.9", null, "*", "11.6", null, null, "1.3", null, null, "0.5", null, null, "1.6", null, null, "4.1", null, "*", "32.8", null, "*", "155492", null, "*", "26.2", null, "*", "24.8", null, "*", "25.9", null, null, "9.8", null, null, "13.3", null, null, "155492", null, "*", "0.6", null, null, "7.0", null, "*", "3.0", null, "*", "2.7", null, "*", "15.0", null, "*", "6.2", null, "*", "1.3", null, null, "4.7", null, "*", "11.1", null, null, "16.8", null, null, "23.7", null, "*", "4.5", null, null, "3.5", null, null, "155492", null, "*", "86.1", null, "*", "10.1", null, null, "3.7", null, "*", "0.1", null, null, "99158", null, "*", "5.3", null, "*", "3.0", null, null, "8.5", null, null, "9.5", null, "*", "14.0", null, "*", "19.9", null, null, "14.2", null, null, "15.9", null, null, "5.7", null, "*", "4.1", null, "*", "60941", null, "*", "78298", null, "*", "81.3", null, null, "76186", null, "*", "31.3", null, "*", "21712", null, null, "15.8", null, "*", "28764", null, null, "6.5", null, "*", "11601", null, null, "3.6", null, null, "2361", null, "*", "21.7", null, "*", "73233", null, "*", "4.2", null, "*", "2.2", null, null, "6.4", null, null, "8.9", null, "*", "14.0", null, null, "20.1", null, null, "15.6", null, null, "17.4", null, null, "6.6", null, "*", "4.6", null, "*", "67219", null, "*", "84006", null, "*", "25966", null, "*", "25925", null, "*", "39547", null, "*", "53633", null, "*", "30934", null, "*", "42262", null, "*", "38084", null, "*", "337036", null, "*", "84.2", null, "*", "57.4", null, "*", "35.2", null, null, "15.8", null, "*", "88441", null, "*", "9.8", null, "*", "206194", null, "*", "156142", null, "*", "146888", null, "*", "82.1", null, "*", "75.2", null, "*", "9.5", null, "*", "17.9", null, "*", "9254", null, null, "63.8", null, null, "40.2", null, null, "27.6", null, null, "36.2", null, null, "50052", null, null, "73.0", null, "*", "41.3", null, "*", "39.7", null, null, "27.0", null, "*", "13.4", null, "*", "20.1", null, "*", "19.6", null, "*", "8.6", null, null, "12.0", null, "*", "12.2", null, "*", "29.3", null, "*", "38.9", null, "*", "38.0", null, null, "16.3", null, "*", "23.9", null, "*", "23.5", null, "*", "24.3", null, "*", "23.2", null, "*", "13.8", null, "*", "14.2", null, "*", "12.0", null, null, "14.6", null, "*", "26.4", null, null, "321882", null, "65.6", null, "65.6", null, "62.2", null, "3.4", null, "0.0", null, "34.4", null, "211121", null, "5.2", null, "164099", null, "60.9", null, "60.9", null, "57.4", null, "27977", null, "71.3", null, "64790", null, "75.8", null, "195803", null, "72.6", null, "11.9", null, "1.0", null, "0.8", null, "1.8", null, "11.9", null, "35.4", null, "200080", null, "31.3", null, "19.9", null, "24.6", null, "10.2", null, "14.0", null, "200080", null, "0.3", null, "9.0", null, "4.6", null, "1.9", null, "13.3", null, "9.3", null, "1.4", null, "6.4", null, "11.7", null, "16.2", null, "17.9", null, "4.9", null, "3.1", null, "200080", null, "84.3", null, "10.0", null, "5.5", null, "0.2", null, "131365", null, "3.9", null, "3.6", null, "7.5", null, "7.9", null, "12.1", null, "19.3", null, "15.0", null, "17.2", null, "7.0", null, "6.4", null, "68711", null, "88551", null, "82.0", null, "87524", null, "28.8", null, "21705", null, "19.7", null, "26099", null, "5.2", null, "11036", null, "3.3", null, "4104", null, "17.4", null, "95854", null, "3.2", null, "2.0", null, "5.2", null, "7.1", null, "12.6", null, "19.2", null, "16.4", null, "18.9", null, "8.3", null, "7.1", null, "76195", null, "95855", null, "31000", null, "35511", null, "43420", null, "59400", null, "35765", null, "47221", null, "39892", null, "405066", null, "89.1", null, "62.2", null, "35.5", null, "10.9", null, "102388", null, "5.5", null, "249340", null, "197951", null, "187822", null, "87.3", null, "78.8", null, "12.0", null, "12.7", null, "10129", null, "68.7", null, "47.0", null, "23.3", null, "31.3", null, "51389", null, "79.3", null, "46.7", null, "40.6", null, "20.7", null, "10.5", null, "12.8", null, "7.7", null, "7.8", null, "7.9", null, "2.9", null, "19.7", null, "25.6", null, "24.5", null, "12.5", null, "15.6", null, "15.3", null, "13.4", null, "15.9", null, "11.5", null, "10.9", null, "14.0", null, "10.5", null, "23.9", null, "0500000US12097", "Osceola County, Florida", "12", "097"], ["1199454", null, "*", "59.8", null, null, "59.7", null, null, "55.8", null, "*", "3.9", null, "*", "0.0", null, null, "40.2", null, null, "716569", null, "*", "6.5", null, "*", "624568", null, "*", "54.2", null, null, "54.2", null, null, "50.6", null, null, "85575", null, null, "69.2", null, null, "180748", null, "*", "74.3", null, null, "658580", null, "*", "78.2", null, "*", "9.9", null, null, "1.8", null, "*", "1.5", null, "*", "2.2", null, "*", "6.5", null, "*", "25.6", null, "*", "669887", null, "*", "36.5", null, "*", "22.0", null, "*", "24.1", null, "*", "8.9", null, null, "8.4", null, null, "669887", null, "*", "1.0", null, null, "7.5", null, "*", "4.3", null, null, "2.6", null, null, "13.1", null, "*", "4.4", null, "*", "1.9", null, "*", "8.0", null, null, "15.5", null, null, "20.3", null, "*", "12.1", null, "*", "6.0", null, "*", "3.3", null, null, "669887", null, "*", "83.2", null, null, "10.0", null, null, "6.7", null, null, "0.2", null, null, "548216", null, "*", "4.6", null, null, "2.9", null, null, "7.7", null, "*", "8.3", null, "*", "11.2", null, "*", "16.4", null, "*", "12.2", null, null, "15.7", null, "*", "8.4", null, null, "12.6", null, "*", "72968", null, "*", "114793", null, "*", "70.6", null, "*", "110751", null, "*", "40.1", null, null, "26090", null, null, "18.2", null, "*", "38995", null, "*", "3.8", null, "*", "12689", null, "*", "2.2", null, null, "3100", null, "*", "10.3", null, null, "341581", null, "*", "2.9", null, "*", "1.6", null, null, "4.7", null, "*", "6.5", null, "*", "10.1", null, "*", "15.7", null, null, "12.9", null, null, "18.5", null, "*", "10.7", null, null, "16.4", null, "*", "90732", null, "*", "136005", null, "*", "46255", null, "*", "206635", null, "*", "47490", null, "*", "76081", null, "*", "38337", null, "*", "58160", null, "*", "49770", null, "*", "1433604", null, "*", "86.4", null, null, "63.2", null, null, "36.8", null, null, "13.6", null, null, "296911", null, "*", "8.7", null, "*", "804585", null, "*", "642859", null, "*", "602708", null, "*", "81.5", null, null, "76.7", null, null, "6.6", null, null, "18.5", null, null, "40151", null, "*", "57.6", null, "*", "40.6", null, "*", "18.9", null, null, "42.4", null, "*", "161726", null, null, "77.6", null, null, "54.2", null, "*", "29.0", null, "*", "22.4", null, null, "9.0", null, "*", "14.9", null, "*", "13.4", null, "*", "5.1", null, "*", "7.1", null, "*", "6.0", null, null, "21.7", null, "*", "31.0", null, "*", "31.8", null, null, "12.8", null, "*", "19.1", null, "*", "18.8", null, "*", "21.7", null, "*", "17.7", null, "*", "11.3", null, "*", "12.2", null, "*", "9.1", null, "*", "10.4", null, "*", "21.5", null, null, "1255736", null, "59.7", null, "59.6", null, "56.4", null, "3.2", null, "0.0", null, "40.3", null, "748874", null, "5.4", null, "648789", null, "54.4", null, "54.3", null, "51.1", null, "85693", null, "70.4", null, "184895", null, "75.4", null, "691687", null, "71.4", null, "9.6", null, "1.4", null, "1.2", null, "2.6", null, "13.8", null, "26.4", null, "708437", null, "40.8", null, "20.1", null, "21.7", null, "8.9", null, "8.5", null, "708437", null, "0.9", null, "8.5", null, "4.4", null, "2.5", null, "11.9", null, "5.5", null, "1.7", null, "8.4", null, "15.7", null, "21.0", null, "10.7", null, "5.5", null, "3.4", null, "708437", null, "82.8", null, "10.2", null, "6.8", null, "0.2", null, "597053", null, "4.8", null, "2.8", null, "6.3", null, "6.9", null, "10.3", null, "15.6", null, "12.5", null, "17.3", null, "8.7", null, "14.8", null, "81115", null, "124934", null, "71.4", null, "119134", null, "39.9", null, "25885", null, "26.0", null, "41322", null, "3.4", null, "11245", null, "2.1", null, "4113", null, "10.0", null, "376296", null, "2.6", null, "1.5", null, "3.6", null, "5.2", null, "9.0", null, "15.3", null, "13.3", null, "19.6", null, "11.0", null, "18.9", null, "99093", null, "147097", null, "50998", null, "220757", null, "50795", null, "82118", null, "42309", null, "61036", null, "51147", null, "1493156", null, "86.8", null, "63.4", null, "36.7", null, "13.2", null, "301886", null, "9.8", null, "828349", null, "663437", null, "628919", null, "82.1", null, "77.2", null, "6.6", null, "17.9", null, "34518", null, "63.6", null, "47.2", null, "18.2", null, "36.4", null, "164912", null, "76.9", null, "56.3", null, "26.3", null, "23.1", null, "7.5", null, "11.8", null, "9.3", null, "4.6", null, "5.7", null, "4.7", null, "18.0", null, "27.9", null, "27.6", null, "11.1", null, "15.4", null, "15.2", null, "16.7", null, "14.6", null, "10.1", null, "10.0", null, "10.2", null, "8.5", null, "20.8", null, "0500000US12099", "Palm Beach County, Florida", "12", "099"], ["419278", null, "*", "53.4", null, "*", "53.3", null, "*", "49.8", null, "*", "3.5", null, "*", "0.1", null, null, "46.6", null, "*", "223339", null, "*", "6.5", null, "*", "217752", null, "*", "49.1", null, "*", "49.0", null, "*", "46.1", null, "*", "30692", null, "*", "63.0", null, "*", "67593", null, "*", "67.8", null, null, "206221", null, "*", "80.4", null, "*", "8.6", null, null, "0.4", null, null, "0.9", null, null, "1.9", null, "*", "7.7", null, "*", "31.8", null, "*", "208871", null, "*", "36.0", null, "*", "18.6", null, "*", "26.2", null, "*", "9.5", null, null, "9.7", null, null, "208871", null, "*", "0.6", null, null, "7.7", null, "*", "5.2", null, "*", "2.8", null, "*", "14.1", null, null, "4.6", null, "*", "2.0", null, "*", "8.4", null, null, "12.8", null, null, "23.2", null, null, "9.7", null, null, "5.1", null, null, "3.7", null, null, "208871", null, "*", "82.0", null, null, "12.1", null, null, "5.6", null, null, "0.3", null, null, "199227", null, "*", "4.4", null, null, "4.0", null, null, "9.0", null, "*", "9.7", null, "*", "13.5", null, "*", "18.7", null, null, "13.3", null, "*", "14.8", null, "*", "6.7", null, "*", "5.9", null, "*", "61372", null, "*", "83038", null, "*", "66.4", null, "*", "88632", null, "*", "42.2", null, "*", "24724", null, "*", "23.2", null, "*", "29633", null, null, "6.6", null, null, "13655", null, "*", "2.8", null, null, "3470", null, "*", "13.9", null, "*", "131238", null, "*", "3.2", null, null, "1.8", null, "*", "5.4", null, "*", "7.4", null, "*", "12.5", null, "*", "19.6", null, "*", "15.3", null, null, "18.1", null, "*", "8.8", null, "*", "7.9", null, "*", "75301", null, "*", "97238", null, "*", "33823", null, "*", "67989", null, "*", "36753", null, "*", "51463", null, "*", "39186", null, "*", "57536", null, "*", "48700", null, null, "504686", null, "*", "88.2", null, "*", "60.9", null, "*", "41.2", null, "*", "11.8", null, "*", "109316", null, "*", "6.1", null, null, "282525", null, "*", "205961", null, "*", "193224", null, "*", "84.0", null, "*", "78.0", null, "*", "8.8", null, null, "16.0", null, "*", "12737", null, null, "52.8", null, "*", "30.3", null, "*", "24.5", null, null, "47.2", null, "*", "76564", null, null, "80.2", null, null, "44.8", null, null, "43.4", null, null, "19.8", null, null, "9.5", null, "*", "15.0", null, "*", "15.2", null, null, "5.8", null, "*", "7.6", null, "*", "7.1", null, null, "23.2", null, null, "32.5", null, null, "32.2", null, null, "13.5", null, "*", "18.1", null, "*", "17.7", null, "*", "19.9", null, null, "16.9", null, "*", "12.3", null, "*", "13.3", null, "*", "9.6", null, "*", "10.4", null, "*", "25.9", null, "*", "483406", null, "56.9", null, "56.7", null, "53.9", null, "2.8", null, "0.2", null, "43.1", null, "274142", null, "4.9", null, "248992", null, "52.7", null, "52.7", null, "50.2", null, "33739", null, "67.9", null, "80615", null, "70.8", null, "257085", null, "69.9", null, "8.2", null, "0.4", null, "0.8", null, "2.3", null, "18.4", null, "30.9", null, "260718", null, "41.0", null, "16.8", null, "24.2", null, "9.0", null, "9.0", null, "260718", null, "0.6", null, "8.9", null, "4.4", null, "2.1", null, "14.0", null, "5.2", null, "1.7", null, "8.6", null, "13.6", null, "22.9", null, "9.0", null, "4.8", null, "4.2", null, "260718", null, "81.9", null, "11.8", null, "6.1", null, "0.1", null, "229860", null, "4.6", null, "3.6", null, "8.1", null, "8.5", null, "12.1", null, "18.1", null, "12.3", null, "16.2", null, "8.0", null, "8.5", null, "67384", null, "92716", null, "68.2", null, "99731", null, "39.7", null, "23877", null, "29.8", null, "29313", null, "6.0", null, "12403", null, "3.1", null, "4574", null, "11.0", null, "150639", null, "3.0", null, "1.3", null, "4.1", null, "6.6", null, "10.4", null, "18.3", null, "14.5", null, "20.4", null, "10.4", null, "11.2", null, "85474", null, "110197", null, "37757", null, "79221", null, "38775", null, "54404", null, "42888", null, "60032", null, "49866", null, "582904", null, "89.3", null, "62.7", null, "39.3", null, "10.7", null, "125585", null, "6.3", null, "330271", null, "250762", null, "239393", null, "85.6", null, "80.4", null, "8.5", null, "14.4", null, "11369", null, "60.4", null, "38.7", null, "23.6", null, "39.6", null, "79509", null, "81.7", null, "45.1", null, "43.8", null, "18.3", null, "7.8", null, "12.1", null, "15.0", null, "4.5", null, "4.6", null, "4.5", null, "20.3", null, "30.3", null, "42.0", null, "11.1", null, "14.7", null, "14.3", null, "18.0", null, "13.2", null, "10.2", null, "9.9", null, "10.7", null, "8.2", null, "23.3", null, "0500000US12101", "Pasco County, Florida", "12", "101"], ["817802", null, "*", "58.0", null, "*", "57.8", null, "*", "54.6", null, "*", "3.3", null, "*", "0.1", null, "*", "42.0", null, "*", "472955", null, "*", "5.7", null, "*", "429444", null, "*", "54.3", null, "*", "54.3", null, "*", "51.5", null, "*", "49850", null, "*", "67.3", null, "*", "100488", null, "*", "73.8", null, "*", "440128", null, "*", "78.6", null, "*", "8.0", null, "*", "1.7", null, "*", "1.7", null, "*", "3.0", null, "*", "7.0", null, "*", "24.3", null, "*", "446120", null, "*", "38.3", null, "*", "18.4", null, "*", "26.7", null, "*", "6.9", null, null, "9.8", null, "*", "446120", null, "*", "0.3", null, null, "5.5", null, "*", "7.1", null, null, "2.4", null, null, "12.8", null, "*", "4.0", null, null, "1.9", null, null, "9.5", null, null, "14.1", null, "*", "22.4", null, null, "11.2", null, "*", "5.2", null, null, "3.6", null, null, "446120", null, "*", "83.7", null, null, "10.6", null, null, "5.6", null, "*", "0.1", null, null, "407720", null, "*", "5.3", null, null, "3.7", null, "*", "9.1", null, "*", "9.4", null, "*", "13.2", null, "*", "17.3", null, null, "12.4", null, null, "15.1", null, "*", "7.0", null, "*", "7.6", null, "*", "62634", null, "*", "90268", null, "*", "68.4", null, "*", "93716", null, "*", "40.4", null, null, "23923", null, null, "21.9", null, "*", "31965", null, null, "4.3", null, null, "12675", null, "*", "2.4", null, null, "3444", null, null, "10.9", null, "*", "227414", null, "*", "3.3", null, "*", "1.9", null, "*", "4.4", null, "*", "6.7", null, "*", "11.4", null, "*", "17.3", null, null, "14.4", null, null, "19.7", null, "*", "9.7", null, "*", "11.2", null, "*", "83410", null, "*", "113163", null, "*", "40753", null, "*", "180306", null, "*", "41035", null, "*", "58889", null, "*", "39162", null, "*", "55948", null, "*", "49332", null, "*", "946661", null, "*", "88.5", null, "*", "63.8", null, "*", "38.9", null, null, "11.5", null, "*", "167833", null, "*", "6.7", null, null, "556198", null, "*", "428017", null, "*", "404573", null, "*", "84.8", null, null, "79.7", null, "*", "7.6", null, null, "15.2", null, null, "23444", null, "*", "58.8", null, null, "37.3", null, "*", "24.8", null, null, "41.2", null, null, "128181", null, "*", "80.9", null, null, "49.0", null, "*", "39.4", null, "*", "19.1", null, null, "8.6", null, "*", "15.1", null, "*", "14.1", null, "*", "4.3", null, null, "5.4", null, null, "4.1", null, null, "23.4", null, "*", "32.6", null, "*", "35.2", null, "*", "13.0", null, "*", "18.8", null, "*", "18.4", null, "*", "21.0", null, "*", "17.4", null, "*", "11.9", null, "*", "12.8", null, "*", "9.7", null, "*", "9.6", null, "*", "22.4", null, null, "828323", null, "58.9", null, "58.7", null, "56.0", null, "2.7", null, "0.2", null, "41.1", null, "485890", null, "4.6", null, "432475", null, "55.4", null, "55.4", null, "53.1", null, "42420", null, "72.4", null, "97682", null, "76.8", null, "457660", null, "70.2", null, "7.1", null, "1.1", null, "1.4", null, "2.6", null, "17.6", null, "25.3", null, "463737", null, "44.2", null, "16.6", null, "23.5", null, "6.4", null, "9.2", null, "463737", null, "0.3", null, "5.9", null, "7.1", null, "2.3", null, "11.9", null, "4.2", null, "1.9", null, "9.9", null, "15.1", null, "21.9", null, "10.3", null, "5.2", null, "3.9", null, "463737", null, "83.0", null, "10.7", null, "6.1", null, "0.2", null, "423242", null, "5.5", null, "3.4", null, "7.0", null, "7.5", null, "11.7", null, "17.8", null, "12.7", null, "16.1", null, "8.0", null, "10.2", null, "70293", null, "101629", null, "69.7", null, "104418", null, "40.3", null, "23709", null, "30.0", null, "33304", null, "4.0", null, "11895", null, "2.3", null, "3747", null, "8.7", null, "234152", null, "2.6", null, "1.5", null, "3.8", null, "5.0", null, "9.8", null, "16.4", null, "14.1", null, "20.6", null, "11.4", null, "14.7", null, "93763", null, "126808", null, "46580", null, "189090", null, "47342", null, "67875", null, "44005", null, "60313", null, "52325", null, "945254", null, "89.3", null, "64.9", null, "38.4", null, "10.7", null, "158204", null, "6.5", null, "546976", null, "434493", null, "415116", null, "85.3", null, "80.7", null, "7.3", null, "14.7", null, "19377", null, "62.5", null, "43.4", null, "21.9", null, "37.5", null, "112483", null, "80.9", null, "53.7", null, "34.0", null, "19.1", null, "7.0", null, "11.6", null, "10.0", null, "4.4", null, "5.5", null, "5.1", null, "15.9", null, "23.0", null, "19.3", null, "11.4", null, "13.9", null, "13.4", null, "12.7", null, "13.7", null, "11.0", null, "10.7", null, "11.7", null, "7.6", null, "21.7", null, "0500000US12103", "Pinellas County, Florida", "12", "103"], ["535543", null, "*", "54.9", null, "*", "54.9", null, "*", "51.1", null, "*", "3.8", null, "*", "0.1", null, null, "45.1", null, "*", "293895", null, "*", "6.9", null, "*", "276253", null, "*", "49.9", null, "*", "49.9", null, "*", "46.2", null, "*", "45745", null, "*", "60.7", null, null, "95731", null, "*", "66.5", null, null, "269609", null, "*", "82.5", null, "*", "10.0", null, "*", "0.5", null, null, "1.0", null, null, "1.7", null, "*", "4.2", null, "*", "26.8", null, "*", "273691", null, "*", "30.4", null, "*", "20.0", null, null, "23.8", null, null, "10.9", null, null, "14.9", null, null, "273691", null, "*", "1.9", null, "*", "7.8", null, null, "6.0", null, null, "2.9", null, "*", "14.8", null, "*", "6.1", null, "*", "1.5", null, null, "6.4", null, null, "10.8", null, null, "19.8", null, "*", "13.9", null, null, "4.5", null, null, "3.8", null, null, "273691", null, "*", "84.4", null, null, "10.5", null, null, "4.9", null, null, "0.2", null, null, "231260", null, "*", "5.0", null, null, "3.8", null, "*", "9.5", null, "*", "9.5", null, null, "14.0", null, null, "20.3", null, null, "13.3", null, null, "14.5", null, "*", "5.4", null, "*", "4.7", null, "*", "59038", null, "*", "77723", null, "*", "69.1", null, "*", "79938", null, "*", "41.3", null, "*", "24585", null, "*", "21.7", null, "*", "29226", null, null, "6.2", null, "*", "12033", null, "*", "2.5", null, null, "3597", null, null, "15.4", null, "*", "159863", null, "*", "4.1", null, null, "2.1", null, null, "6.5", null, "*", "8.3", null, null, "13.3", null, null, "20.6", null, null, "15.1", null, null, "17.4", null, "*", "6.8", null, "*", "5.8", null, "*", "68358", null, "*", "87748", null, "*", "28986", null, "*", "71397", null, "*", "37164", null, "*", "50337", null, "*", "35732", null, "*", "49774", null, null, "41918", null, null, "660644", null, "*", "86.8", null, null, "58.2", null, null, "41.5", null, "*", "13.2", null, null, "158335", null, "*", "7.6", null, null, "370762", null, "*", "269868", null, "*", "251899", null, "*", "82.4", null, null, "76.0", null, null, "8.8", null, "*", "17.6", null, null, "17969", null, "*", "62.3", null, null, "29.3", null, "*", "35.1", null, "*", "37.7", null, null, "100894", null, "*", "78.0", null, null, "42.2", null, null, "42.7", null, "*", "22.0", null, null, "12.5", null, "*", "20.7", null, "*", "18.4", null, null, "6.7", null, null, "9.0", null, null, "7.3", null, null, "31.4", null, "*", "42.8", null, "*", "39.2", null, null, "16.6", null, "*", "26.0", null, "*", "25.8", null, "*", "28.0", null, "*", "25.0", null, "*", "13.9", null, "*", "15.2", null, "*", "10.0", null, "*", "14.6", null, "*", "26.3", null, "*", "612466", null, "57.1", null, "57.0", null, "54.5", null, "2.5", null, "0.1", null, "42.9", null, "348858", null, "4.4", null, "313065", null, "52.7", null, "52.6", null, "50.3", null, "47907", null, "63.8", null, "108747", null, "68.4", null, "328520", null, "77.4", null, "8.3", null, "0.3", null, "0.9", null, "2.3", null, "10.8", null, "30.2", null, "333548", null, "32.1", null, "19.2", null, "23.6", null, "10.7", null, "14.4", null, "333548", null, "1.1", null, "8.5", null, "6.0", null, "2.3", null, "13.9", null, "7.9", null, "1.2", null, "6.7", null, "11.2", null, "18.8", null, "13.8", null, "4.8", null, "3.9", null, "333548", null, "84.4", null, "10.5", null, "4.9", null, "0.2", null, "276643", null, "5.2", null, "3.4", null, "7.8", null, "9.2", null, "13.3", null, "19.3", null, "14.1", null, "15.7", null, "6.3", null, "5.8", null, "63644", null, "84031", null, "71.2", null, "85206", null, "39.1", null, "23863", null, "25.4", null, "31534", null, "5.6", null, "11327", null, "2.5", null, "3374", null, "14.6", null, "189817", null, "3.8", null, "1.8", null, "5.1", null, "8.2", null, "12.5", null, "20.0", null, "15.3", null, "18.5", null, "7.5", null, "7.1", null, "72682", null, "94424", null, "31927", null, "86826", null, "40376", null, "55092", null, "37093", null, "50159", null, "41851", null, "752294", null, "87.0", null, "59.3", null, "40.1", null, "13.0", null, "178205", null, "7.0", null, "427746", null, "320484", null, "306955", null, "82.7", null, "76.3", null, "9.6", null, "17.3", null, "13529", null, "61.3", null, "35.0", null, "28.9", null, "38.7", null, "107262", null, "76.3", null, "44.2", null, "40.1", null, "23.7", null, "11.1", null, "18.2", null, "18.0", null, "6.5", null, "9.6", null, "6.9", null, "25.2", null, "35.6", null, "43.1", null, "14.7", null, "21.8", null, "21.6", null, "23.8", null, "20.8", null, "12.7", null, "13.0", null, "11.7", null, "12.5", null, "24.7", null, "0500000US12105", "Polk County, Florida", "12", "105"], ["58773", null, "*", "47.5", null, null, "47.5", null, null, "42.5", null, null, "5.0", null, "*", "0.1", null, null, "52.5", null, null, "27904", null, null, "10.5", null, "*", "29996", null, "*", "44.7", null, null, "44.7", null, null, "39.8", null, null, "4746", null, null, "63.6", null, null, "9194", null, null, "68.5", null, null, "24624", null, "*", "81.0", null, null, "11.2", null, null, "0.5", null, null, "1.5", null, null, "2.1", null, null, "3.7", null, "*", "29.2", null, null, "24985", null, "*", "24.0", null, null, "22.0", null, "*", "22.1", null, null, "15.8", null, "*", "16.0", null, null, "24985", null, "*", "4.6", null, null, "11.2", null, null, "9.1", null, null, "1.5", null, null, "13.5", null, null, "4.6", null, "*", "1.0", null, null, "4.3", null, null, "8.3", null, null, "23.5", null, null, "8.8", null, null, "4.8", null, null, "4.8", null, null, "24985", null, "*", "78.5", null, null, "15.6", null, null, "5.9", null, null, "0.1", null, null, "28264", null, "*", "7.6", null, null, "7.2", null, null, "14.1", null, "*", "11.5", null, null, "16.0", null, null, "17.9", null, null, "9.8", null, null, "10.1", null, null, "3.8", null, null, "2.0", null, "*", "43395", null, "*", "59089", null, "*", "59.1", null, null, "60418", null, "*", "48.7", null, null, "22717", null, null, "25.8", null, "*", "25642", null, null, "6.9", null, "*", "11870", null, null, "3.1", null, null, "2887", null, null, "21.4", null, null, "17362", null, "*", "6.0", null, null, "4.0", null, null, "10.5", null, "*", "9.0", null, "*", "16.4", null, null, "19.9", null, null, "12.5", null, null, "13.5", null, null, "5.6", null, null, "2.6", null, "*", "55024", null, null, "70415", null, "*", "24316", null, "*", "10902", null, null, "26425", null, null, "38032", null, null, "29064", null, "*", "45376", null, null, "35905", null, "*", "71607", null, "*", "84.0", null, null, "48.0", null, "*", "51.7", null, "*", "16.0", null, null, "16401", null, null, "5.8", null, null, "39199", null, null, "25525", null, null, "22843", null, null, "74.1", null, null, "65.0", null, "*", "12.8", null, null, "25.9", null, null, "2682", null, "*", "50.3", null, null, "15.3", null, null, "35.7", null, null, "49.7", null, null, "13674", null, null, "76.6", null, "*", "33.4", null, "*", "50.9", null, "*", "23.4", null, "*", "18.3", null, null, "31.1", null, null, "34.7", null, null, "10.9", null, null, "14.9", null, null, "14.4", null, null, "43.2", null, "*", "59.5", null, "*", "87.8", null, "*", "24.8", null, null, "38.6", null, null, "38.3", null, null, "49.5", null, "*", "34.0", null, null, "21.1", null, null, "24.6", null, null, "12.3", null, null, "22.3", null, null, "33.8", null, null, "60154", null, "47.5", null, "47.5", null, "44.1", null, "3.4", null, "0.0", null, "52.5", null, "28561", null, "7.1", null, "30494", null, "43.9", null, "43.9", null, "40.3", null, "5012", null, "60.2", null, "9544", null, "62.5", null, "26217", null, "77.7", null, "9.8", null, "0.2", null, "1.4", null, "1.4", null, "9.6", null, "30.7", null, "26534", null, "25.9", null, "18.7", null, "20.1", null, "18.7", null, "16.7", null, "26534", null, "4.0", null, "13.2", null, "9.0", null, "1.1", null, "12.9", null, "7.4", null, "1.0", null, "3.7", null, "8.4", null, "22.2", null, "7.9", null, "4.1", null, "5.0", null, "26534", null, "77.9", null, "15.3", null, "6.9", null, "0.0", null, "30650", null, "8.9", null, "6.0", null, "11.0", null, "11.5", null, "16.0", null, "18.2", null, "10.5", null, "10.9", null, "3.4", null, "3.7", null, "47256", null, "64848", null, "61.6", null, "68347", null, "48.3", null, "21640", null, "29.9", null, "26369", null, "9.4", null, "11948", null, "2.1", null, "3921", null, "22.2", null, "18757", null, "6.8", null, "2.7", null, "7.8", null, "12.0", null, "14.7", null, "17.0", null, "13.8", null, "15.5", null, "4.5", null, "5.3", null, "58449", null, "77899", null, "26908", null, "11893", null, "29399", null, "38260", null, "32148", null, "46222", null, "39928", null, "73118", null, "84.9", null, "42.1", null, "54.9", null, "15.1", null, "16567", null, "5.5", null, "39536", null, "25752", null, "23900", null, "72.3", null, "60.0", null, "14.4", null, "27.7", null, "1852", null, "49.0", null, "25.5", null, "25.2", null, "51.0", null, "13784", null, "81.6", null, "27.2", null, "60.6", null, "18.4", null, "17.8", null, "29.9", null, "35.8", null, "10.1", null, "17.7", null, "29.1", null, "35.0", null, "44.8", null, "52.0", null, "23.9", null, "33.7", null, "33.4", null, "33.4", null, "33.3", null, "21.2", null, "24.5", null, "13.3", null, "20.4", null, "34.8", null, "0500000US12107", "Putnam County, Florida", "12", "107"], ["190328", null, "*", "60.0", null, null, "59.7", null, null, "56.8", null, null, "2.9", null, "*", "0.4", null, null, "40.0", null, null, "113569", null, "*", "4.9", null, "*", "98556", null, "*", "53.9", null, null, "53.8", null, null, "50.8", null, null, "14150", null, "*", "66.0", null, null, "35220", null, "*", "65.2", null, null, "107032", null, "*", "81.1", null, "*", "6.6", null, null, "0.1", null, null, "1.2", null, "*", "2.4", null, null, "8.6", null, "*", "27.3", null, null, "108015", null, "*", "45.4", null, "*", "15.9", null, "*", "24.8", null, "*", "6.4", null, null, "7.5", null, null, "108015", null, "*", "1.0", null, null, "5.5", null, null, "6.1", null, null, "2.5", null, null, "11.5", null, null, "4.3", null, null, "1.4", null, null, "12.3", null, null, "13.7", null, "*", "20.4", null, null, "11.7", null, "*", "4.5", null, "*", "4.9", null, "*", "108015", null, "*", "80.9", null, null, "13.7", null, "*", "5.2", null, "*", "0.2", null, null, "86268", null, "*", "3.3", null, null, "2.2", null, "*", "4.2", null, null, "5.6", null, "*", "9.4", null, "*", "15.1", null, null, "12.9", null, null, "18.0", null, null, "11.5", null, "*", "17.7", null, "*", "94124", null, "*", "131319", null, "*", "75.8", null, null, "129903", null, "*", "35.2", null, null, "27432", null, "*", "22.5", null, "*", "42148", null, null, "3.2", null, null, "14223", null, null, "1.6", null, null, "2198", null, "*", "5.8", null, "*", "62079", null, "*", "2.0", null, null, "1.1", null, null, "2.6", null, null, "3.7", null, "*", "7.4", null, "*", "13.1", null, null, "13.3", null, null, "21.1", null, null, "13.8", null, "*", "22.1", null, "*", "114847", null, "*", "152365", null, "*", "50387", null, "*", "24189", null, "*", "52314", null, null, "73174", null, null, "46930", null, "*", "78931", null, "*", "57213", null, "*", "233891", null, "*", "91.6", null, "*", "76.9", null, "*", "28.9", null, null, "8.4", null, "*", "54476", null, "*", "4.6", null, null, "134620", null, "*", "103018", null, "*", "98489", null, "*", "89.5", null, "*", "86.8", null, "*", "5.3", null, "*", "10.5", null, "*", "4529", null, null, "65.7", null, null, "52.5", null, null, "14.1", null, null, "34.3", null, null, "31602", null, "*", "84.3", null, "*", "69.7", null, "*", "23.5", null, null, "15.7", null, "*", "5.2", null, null, "6.8", null, null, "6.9", null, null, "3.1", null, null, "2.8", null, null, "2.8", null, null, "19.5", null, "*", "25.2", null, "*", "30.6", null, null, "8.4", null, "*", "8.5", null, null, "8.2", null, null, "9.7", null, null, "7.7", null, null, "8.4", null, "*", "9.4", null, "*", "5.4", null, null, "5.8", null, null, "22.5", null, "*", "236324", null, "60.3", null, "60.0", null, "57.7", null, "2.3", null, "0.3", null, "39.7", null, "141778", null, "3.9", null, "121632", null, "53.4", null, "53.3", null, "51.2", null, "16678", null, "69.1", null, "43682", null, "68.5", null, "134749", null, "66.6", null, "6.7", null, "0.1", null, "0.8", null, "2.1", null, "23.7", null, "27.2", null, "136247", null, "50.7", null, "13.8", null, "22.7", null, "6.1", null, "6.7", null, "136247", null, "0.7", null, "6.1", null, "5.4", null, "2.5", null, "11.4", null, "4.4", null, "1.9", null, "13.2", null, "16.1", null, "19.9", null, "9.4", null, "5.5", null, "3.6", null, "136247", null, "82.5", null, "10.9", null, "6.3", null, "0.2", null, "108827", null, "3.2", null, "1.6", null, "4.0", null, "4.3", null, "7.8", null, "14.8", null, "12.0", null, "18.5", null, "13.2", null, "20.6", null, "106169", null, "143324", null, "74.9", null, "143278", null, "35.6", null, "28854", null, "31.4", null, "41788", null, "2.9", null, "12836", null, "1.5", null, "4010", null, "4.5", null, "80880", null, "1.6", null, "0.9", null, "2.6", null, "2.1", null, "5.8", null, "13.0", null, "13.1", null, "20.0", null, "15.6", null, "25.4", null, "126912", null, "164195", null, "54822", null, "27947", null, "55875", null, "77248", null, "53371", null, "86036", null, "61305", null, "290093", null, "93.6", null, "79.8", null, "28.9", null, "6.4", null, "67292", null, "5.3", null, "162787", null, "127596", null, "122710", null, "92.5", null, "89.5", null, "6.8", null, "7.5", null, "4886", null, "69.1", null, "59.7", null, "14.6", null, "30.9", null, "35191", null, "88.5", null, "74.8", null, "20.4", null, "11.5", null, "4.5", null, "6.1", null, "3.7", null, "3.2", null, "3.5", null, "1.0", null, "12.8", null, "16.4", null, "25.0", null, "6.7", null, "7.4", null, "6.8", null, "8.1", null, "6.5", null, "6.5", null, "6.9", null, "5.6", null, "4.6", null, "19.2", null, "0500000US12109", "St. Johns County, Florida", "12", "109"], ["251190", null, "*", "53.8", null, "*", "53.8", null, "*", "50.2", null, "*", "3.5", null, null, "0.0", null, null, "46.2", null, "*", "135019", null, "*", "6.5", null, null, "130035", null, "*", "49.8", null, "*", "49.8", null, "*", "46.6", null, "*", "18496", null, "*", "67.5", null, null, "40678", null, "*", "71.4", null, null, "124099", null, "*", "78.9", null, null, "11.8", null, "*", "0.3", null, null, "1.2", null, null, "2.7", null, "*", "5.0", null, "*", "27.4", null, "*", "126185", null, "*", "27.9", null, "*", "22.4", null, null, "25.7", null, "*", "11.8", null, null, "12.2", null, null, "126185", null, "*", "1.1", null, null, "8.6", null, null, "4.7", null, null, "2.6", null, null, "16.4", null, "*", "4.8", null, "*", "1.9", null, "*", "4.7", null, "*", "11.1", null, null, "22.9", null, null, "11.4", null, "*", "5.7", null, null, "4.1", null, null, "126185", null, "*", "82.6", null, null, "11.3", null, null, "5.9", null, null, "0.2", null, null, "112872", null, "*", "4.9", null, null, "3.7", null, "*", "9.7", null, "*", "9.5", null, "*", "13.5", null, "*", "19.9", null, null, "13.3", null, "*", "15.5", null, "*", "4.9", null, "*", "5.1", null, "*", "60101", null, "*", "79300", null, "*", "66.3", null, "*", "77632", null, "*", "44.1", null, null, "24830", null, null, "24.0", null, "*", "32514", null, null, "5.4", null, "*", "13014", null, null, "2.4", null, "*", "3761", null, null, "12.9", null, null, "76444", null, "*", "3.1", null, null, "2.1", null, null, "5.9", null, "*", "8.0", null, "*", "12.9", null, null, "21.5", null, null, "15.4", null, null, "18.7", null, "*", "6.2", null, "*", "6.3", null, "*", "70629", null, "*", "90741", null, "*", "31328", null, "*", "36428", null, "*", "37023", null, null, "51379", null, "*", "33892", null, "*", "49045", null, "*", "41162", null, null, "303304", null, "*", "86.0", null, "*", "58.0", null, "*", "42.7", null, null, "14.0", null, "*", "65467", null, "*", "9.1", null, null, "167413", null, "*", "123191", null, "*", "115760", null, "*", "80.6", null, null, "73.6", null, "*", "9.3", null, null, "19.4", null, null, "7431", null, null, "55.8", null, "*", "38.2", null, null, "20.1", null, null, "44.2", null, "*", "44222", null, null, "77.6", null, null, "45.1", null, "*", "40.6", null, null, "22.4", null, null, "10.8", null, "*", "18.2", null, "*", "29.1", null, "*", "6.2", null, "*", "8.2", null, null, "5.7", null, null, "30.7", null, "*", "43.4", null, "*", "74.2", null, "*", "15.0", null, "*", "21.5", null, "*", "21.3", null, "*", "28.3", null, "*", "18.9", null, null, "13.4", null, "*", "14.7", null, "*", "10.3", null, null, "12.3", null, "*", "27.4", null, "*", "286091", null, "56.3", null, "56.2", null, "52.9", null, "3.3", null, "0.1", null, "43.7", null, "160770", null, "5.8", null, "147034", null, "52.6", null, "52.5", null, "49.6", null, "20081", null, "73.3", null, "44582", null, "74.6", null, "149114", null, "77.9", null, "8.8", null, "0.3", null, "1.2", null, "1.7", null, "10.2", null, "28.5", null, "151431", null, "33.1", null, "20.6", null, "23.6", null, "10.3", null, "12.4", null, "151431", null, "0.8", null, "9.1", null, "5.5", null, "2.0", null, "13.0", null, "7.5", null, "1.2", null, "5.9", null, "12.3", null, "23.2", null, "9.5", null, "5.8", null, "4.3", null, "151431", null, "81.8", null, "11.7", null, "6.3", null, "0.3", null, "131640", null, "5.2", null, "2.8", null, "7.2", null, "8.2", null, "11.1", null, "19.7", null, "15.0", null, "18.0", null, "6.5", null, "6.4", null, "69027", null, "88516", null, "68.7", null, "86068", null, "43.0", null, "24871", null, "29.8", null, "33802", null, "6.5", null, "13841", null, "3.3", null, "3446", null, "12.5", null, "89699", null, "2.9", null, "1.4", null, "3.9", null, "6.5", null, "11.1", null, "20.5", null, "16.8", null, "21.3", null, "7.6", null, "8.0", null, "79218", null, "101175", null, "35125", null, "41941", null, "39515", null, "55445", null, "38567", null, "52051", null, "42218", null, "343537", null, "87.9", null, "60.4", null, "42.5", null, "12.1", null, "71355", null, "7.7", null, "188585", null, "144505", null, "136461", null, "82.5", null, "76.7", null, "10.0", null, "17.5", null, "8044", null, "67.9", null, "44.6", null, "26.5", null, "32.1", null, "44080", null, "79.0", null, "49.0", null, "39.5", null, "21.0", null, "7.8", null, "12.9", null, "10.0", null, "5.0", null, "5.9", null, "2.7", null, "18.6", null, "27.3", null, "34.5", null, "11.6", null, "17.0", null, "16.7", null, "16.9", null, "16.7", null, "10.3", null, "10.7", null, "9.6", null, "9.2", null, "22.4", null, "0500000US12111", "St. Lucie County, Florida", "12", "111"], ["137129", null, "*", "58.5", null, null, "56.4", null, null, "53.2", null, null, "3.2", null, "*", "2.1", null, "*", "41.5", null, null, "77352", null, "*", "5.6", null, "*", "67239", null, "*", "54.7", null, null, "54.2", null, null, "51.1", null, null, "11111", null, "*", "60.9", null, null, "24625", null, "*", "66.4", null, null, "73927", null, "*", "83.0", null, "*", "9.5", null, null, "0.1", null, null, "0.7", null, null, "1.4", null, null, "5.3", null, "*", "29.6", null, null, "72986", null, "*", "38.2", null, null, "17.1", null, null, "23.7", null, null, "10.7", null, null, "10.2", null, null, "72986", null, "*", "1.4", null, "*", "7.1", null, "*", "4.9", null, null, "1.6", null, "*", "12.3", null, null, "5.5", null, null, "1.6", null, null, "7.5", null, null, "11.4", null, null, "21.8", null, null, "11.1", null, null, "5.8", null, "*", "8.1", null, null, "72986", null, "*", "77.6", null, null, "16.6", null, null, "5.6", null, null, "0.1", null, "*", "61345", null, "*", "3.5", null, "*", "2.6", null, null, "5.5", null, null, "6.1", null, null, "10.8", null, null, "17.9", null, "*", "13.7", null, null, "22.0", null, null, "9.3", null, null, "8.5", null, "*", "80635", null, "*", "101768", null, "*", "76.8", null, null, "98771", null, "*", "34.7", null, null, "23493", null, "*", "29.4", null, "*", "34871", null, null, "3.9", null, null, "12221", null, "*", "1.7", null, null, "2310", null, "*", "11.3", null, "*", "45866", null, "*", "2.4", null, null, "1.7", null, null, "3.9", null, null, "5.1", null, "*", "9.8", null, null, "17.8", null, "*", "14.1", null, null, "24.6", null, null, "11.0", null, null, "9.7", null, "*", "88912", null, "*", "111494", null, "*", "37619", null, "*", "15479", null, "*", "48887", null, null, "66484", null, null, "41580", null, null, "65019", null, null, "45204", null, "*", "161516", null, "*", "90.0", null, null, "72.6", null, null, "32.5", null, null, "10.0", null, null, "39627", null, "*", "4.5", null, null, "96213", null, "*", "71478", null, "*", "67642", null, "*", "86.8", null, null, "82.6", null, null, "8.9", null, null, "13.2", null, null, "3836", null, null, "59.3", null, "*", "44.1", null, "*", "20.1", null, null, "40.7", null, "*", "24735", null, "*", "84.2", null, null, "59.8", null, null, "34.6", null, null, "15.8", null, null, "7.4", null, null, "12.1", null, "*", "9.0", null, null, "3.3", null, null, "4.1", null, null, "3.6", null, null, "26.6", null, "*", "37.6", null, "*", "35.1", null, null, "9.8", null, null, "14.3", null, "*", "14.0", null, "*", "15.2", null, null, "13.6", null, "*", "8.5", null, null, "9.4", null, null, "5.3", null, "*", "8.0", null, null, "20.6", null, null, "156409", null, "59.6", null, "56.2", null, "53.6", null, "2.5", null, "3.5", null, "40.4", null, "87857", null, "4.5", null, "76417", null, "53.9", null, "53.3", null, "50.6", null, "12113", null, "55.8", null, "28421", null, "65.7", null, "86733", null, "77.0", null, "8.4", null, "0.0", null, "1.0", null, "1.9", null, "11.6", null, "30.2", null, "83913", null, "39.7", null, "16.8", null, "22.7", null, "10.7", null, "10.1", null, "83913", null, "0.8", null, "8.9", null, "4.3", null, "2.3", null, "11.7", null, "6.0", null, "1.2", null, "8.8", null, "12.4", null, "20.9", null, "10.3", null, "4.6", null, "7.8", null, "83913", null, "77.6", null, "16.2", null, "5.9", null, "0.3", null, "71250", null, "2.6", null, "2.6", null, "4.7", null, "6.5", null, "10.3", null, "14.9", null, "15.3", null, "22.4", null, "9.4", null, "11.3", null, "88968", null, "110352", null, "77.0", null, "106283", null, "35.0", null, "25010", null, "33.7", null, "34889", null, "4.0", null, "9797", null, "2.2", null, "3795", null, "9.3", null, "50727", null, "2.0", null, "1.6", null, "3.4", null, "3.8", null, "8.8", null, "12.8", null, "15.9", null, "25.9", null, "11.6", null, "14.2", null, "102995", null, "125503", null, "41388", null, "20523", null, "52744", null, "66592", null, "43079", null, "63190", null, "48015", null, "183538", null, "89.6", null, "73.2", null, "32.1", null, "10.4", null, "44528", null, "5.6", null, "107737", null, "80259", null, "77012", null, "85.8", null, "81.7", null, "10.2", null, "14.2", null, "3247", null, "74.2", null, "63.0", null, "18.0", null, "25.8", null, "27478", null, "82.4", null, "63.1", null, "30.9", null, "17.6", null, "6.3", null, "8.3", null, "13.1", null, "3.9", null, "4.0", null, "4.5", null, "19.7", null, "27.5", null, "44.5", null, "8.4", null, "9.8", null, "9.5", null, "14.8", null, "7.8", null, "8.1", null, "8.2", null, "7.4", null, "6.4", null, "18.7", null, "0500000US12113", "Santa Rosa County, Florida", "12", "113"], ["359861", null, "*", "48.5", null, null, "48.5", null, null, "46.2", null, null, "2.3", null, "*", "0.0", null, "*", "51.5", null, null, "174578", null, "*", "4.7", null, "*", "190056", null, "*", "44.6", null, null, "44.6", null, null, "42.5", null, null, "17714", null, null, "64.1", null, null, "39827", null, "*", "71.7", null, null, "163591", null, "*", "82.6", null, "*", "6.6", null, "*", "0.7", null, "*", "0.9", null, null, "1.9", null, null, "7.3", null, "*", "24.1", null, null, "166424", null, "*", "35.1", null, "*", "21.2", null, "*", "25.4", null, "*", "9.2", null, null, "9.1", null, null, "166424", null, "*", "0.6", null, null, "7.8", null, "*", "5.5", null, null, "2.0", null, null, "13.9", null, "*", "3.4", null, "*", "1.7", null, null, "7.8", null, null, "13.3", null, "*", "21.9", null, null, "13.2", null, "*", "5.7", null, "*", "3.1", null, null, "166424", null, "*", "82.4", null, null, "9.1", null, null, "8.3", null, null, "0.2", null, null, "180551", null, "*", "3.8", null, null, "2.7", null, null, "7.1", null, "*", "8.3", null, "*", "11.9", null, "*", "18.3", null, null, "13.4", null, null, "16.2", null, "*", "7.7", null, null, "10.5", null, "*", "71387", null, "*", "104573", null, "*", "59.1", null, null, "96335", null, "*", "54.1", null, "*", "27234", null, null, "30.8", null, "*", "41428", null, null, "3.3", null, "*", "14398", null, "*", "1.2", null, "*", "3100", null, null, "6.4", null, "*", "110416", null, "*", "2.0", null, null, "1.1", null, null, "3.0", null, null, "5.4", null, "*", "10.7", null, "*", "18.1", null, "*", "15.5", null, null, "19.5", null, "*", "10.3", null, null, "14.4", null, "*", "89774", null, "*", "126867", null, "*", "47917", null, "*", "70135", null, "*", "44901", null, "*", "66468", null, "*", "37859", null, "*", "57962", null, null, "47541", null, null, "408311", null, "*", "88.6", null, "*", "67.3", null, null, "46.0", null, null, "11.4", null, "*", "63757", null, "*", "9.5", null, "*", "201175", null, "*", "150716", null, "*", "143758", null, "*", "80.5", null, "*", "76.3", null, "*", "6.5", null, null, "19.5", null, "*", "6958", null, "*", "62.5", null, null, "44.9", null, null, "19.7", null, null, "37.5", null, null, "50459", null, null, "82.2", null, null, "58.6", null, "*", "31.6", null, "*", "17.8", null, null, "5.7", null, null, "12.3", null, "*", "16.8", null, "*", "3.8", null, null, "7.0", null, "*", "8.0", null, "*", "15.8", null, null, "24.0", null, null, "50.5", null, "*", "9.7", null, "*", "15.1", null, "*", "14.8", null, "*", "20.4", null, "*", "12.9", null, null, "8.7", null, "*", "10.5", null, "*", "6.2", null, null, "6.9", null, "*", "18.4", null, "*", "393960", null, "48.8", null, "48.7", null, "46.9", null, "1.8", null, "0.1", null, "51.2", null, "191786", null, "3.7", null, "207254", null, "44.9", null, "44.9", null, "43.3", null, "17188", null, "69.1", null, "42445", null, "71.5", null, "180909", null, "72.9", null, "8.5", null, "0.5", null, "1.0", null, "1.9", null, "15.2", null, "24.5", null, "184738", null, "40.3", null, "19.1", null, "23.4", null, "8.4", null, "8.8", null, "184738", null, "0.6", null, "9.1", null, "5.6", null, "1.9", null, "12.4", null, "4.8", null, "1.4", null, "7.8", null, "14.4", null, "21.3", null, "10.8", null, "6.7", null, "3.1", null, "184738", null, "82.6", null, "9.0", null, "8.1", null, "0.3", null, "205503", null, "3.6", null, "2.3", null, "6.2", null, "7.0", null, "10.5", null, "17.3", null, "13.7", null, "18.8", null, "8.2", null, "12.5", null, "80633", null, "120022", null, "59.8", null, "107281", null, "52.7", null, "27662", null, "40.4", null, "45217", null, "3.9", null, "12293", null, "1.5", null, "3009", null, "5.4", null, "129606", null, "2.3", null, "1.1", null, "3.2", null, "4.4", null, "8.5", null, "16.6", null, "15.1", null, "22.3", null, "10.3", null, "16.3", null, "97927", null, "140548", null, "55430", null, "75897", null, "51104", null, "81959", null, "42041", null, "60216", null, "49123", null, "443093", null, "90.0", null, "68.2", null, "46.0", null, "10.0", null, "66370", null, "11.8", null, "213223", null, "163240", null, "157653", null, "84.1", null, "79.8", null, "6.5", null, "15.9", null, "5587", null, "64.1", null, "48.1", null, "18.4", null, "35.9", null, "49983", null, "83.0", null, "63.5", null, "26.7", null, "17.0", null, "5.4", null, "9.9", null, "8.3", null, "3.7", null, "4.2", null, "1.0", null, "15.8", null, "24.8", null, "28.9", null, "8.2", null, "11.5", null, "11.4", null, "9.7", null, "11.8", null, "7.7", null, "8.2", null, "6.9", null, "5.9", null, "16.1", null, "0500000US12115", "Sarasota County, Florida", "12", "115"], ["369943", null, "*", "65.2", null, "*", "65.0", null, "*", "61.3", null, "*", "3.7", null, "*", "0.2", null, null, "34.8", null, "*", "240338", null, "*", "5.6", null, "*", "193151", null, "*", "60.1", null, null, "60.1", null, null, "56.9", null, "*", "28241", null, null, "65.2", null, null, "64715", null, "*", "71.0", null, null, "224221", null, "*", "81.5", null, "*", "7.8", null, null, "0.9", null, "*", "1.0", null, null, "1.4", null, null, "7.3", null, "*", "27.2", null, null, "226769", null, "*", "44.8", null, null, "15.7", null, "*", "25.4", null, "*", "6.1", null, null, "7.9", null, null, "226769", null, "*", "0.3", null, null, "6.1", null, "*", "5.5", null, "*", "2.5", null, null, "11.5", null, null, "4.0", null, "*", "3.3", null, "*", "9.6", null, "*", "16.4", null, null, "22.0", null, null, "10.6", null, null, "4.9", null, null, "3.4", null, null, "226769", null, "*", "83.8", null, null, "10.5", null, null, "5.5", null, null, "0.2", null, null, "167304", null, "*", "4.7", null, "*", "2.5", null, "*", "6.4", null, "*", "7.5", null, "*", "10.5", null, null, "16.8", null, null, "12.9", null, null, "18.4", null, null, "8.9", null, "*", "11.4", null, "*", "77614", null, "*", "105437", null, "*", "80.8", null, null, "107470", null, "*", "27.8", null, "*", "24784", null, null, "15.9", null, "*", "31085", null, null, "3.5", null, null, "11478", null, null, "1.9", null, null, "2627", null, "*", "8.6", null, null, "111371", null, "*", "2.8", null, null, "1.3", null, null, "3.8", null, null, "6.1", null, "*", "9.2", null, null, "15.0", null, null, "13.4", null, null, "21.3", null, null, "11.6", null, null, "15.4", null, "*", "96381", null, "*", "124835", null, "*", "40681", null, "*", "55933", null, "*", "48110", null, "*", "62030", null, "*", "43439", null, "*", "63971", null, null, "51402", null, "*", "451979", null, "*", "89.6", null, "*", "71.5", null, null, "27.4", null, "*", "10.4", null, "*", "101918", null, "*", "5.7", null, null, "283854", null, "*", "223066", null, "*", "211385", null, "*", "88.1", null, null, "84.8", null, null, "5.6", null, "*", "11.9", null, null, "11681", null, "*", "63.0", null, null, "49.9", null, null, "17.4", null, null, "37.0", null, null, "60788", null, "*", "82.0", null, null, "60.5", null, null, "28.3", null, null, "18.0", null, null, "7.9", null, "*", "12.3", null, "*", "13.0", null, null, "4.7", null, "*", "6.5", null, "*", "9.1", null, "*", "21.2", null, "*", "29.6", null, null, "30.6", null, null, "11.4", null, "*", "14.9", null, "*", "14.6", null, "*", "16.6", null, "*", "13.9", null, "*", "10.5", null, "*", "10.8", null, "*", "8.9", null, null, "8.7", null, "*", "22.8", null, "*", "388889", null, "67.0", null, "66.9", null, "64.1", null, "2.7", null, "0.1", null, "33.0", null, "260000", null, "4.1", null, "201528", null, "60.8", null, "60.7", null, "58.6", null, "28004", null, "68.0", null, "66396", null, "72.0", null, "245270", null, "69.8", null, "7.7", null, "0.5", null, "1.0", null, "1.8", null, "19.2", null, "27.2", null, "249357", null, "45.9", null, "14.7", null, "24.2", null, "6.7", null, "8.5", null, "249357", null, "0.3", null, "7.3", null, "4.9", null, "2.9", null, "11.0", null, "5.8", null, "2.2", null, "8.5", null, "17.3", null, "21.3", null, "10.6", null, "4.5", null, "3.5", null, "249357", null, "83.6", null, "11.1", null, "5.1", null, "0.3", null, "185396", null, "3.7", null, "2.0", null, "5.4", null, "6.3", null, "10.5", null, "17.4", null, "13.3", null, "19.0", null, "9.7", null, "12.8", null, "83030", null, "111625", null, "81.8", null, "110806", null, "28.7", null, "24839", null, "21.9", null, "30485", null, "3.9", null, "11116", null, "2.1", null, "3494", null, "9.1", null, "122547", null, "2.3", null, "1.1", null, "3.2", null, "4.9", null, "8.4", null, "15.3", null, "13.4", null, "22.7", null, "12.0", null, "16.8", null, "101999", null, "130495", null, "44349", null, "62849", null, "52614", null, "69870", null, "45997", null, "64467", null, "53107", null, "471260", null, "90.4", null, "72.0", null, "28.4", null, "9.6", null, "103277", null, "5.3", null, "292451", null, "238814", null, "229565", null, "88.5", null, "85.0", null, "6.6", null, "11.5", null, "9249", null, "65.3", null, "49.7", null, "19.2", null, "34.7", null, "53637", null, "82.4", null, "59.1", null, "30.0", null, "17.6", null, "6.3", null, "9.9", null, "10.2", null, "3.1", null, "3.6", null, "2.5", null, "17.2", null, "27.4", null, "35.8", null, "9.2", null, "10.1", null, "9.9", null, "10.8", null, "9.6", null, "9.0", null, "9.2", null, "8.0", null, "6.4", null, "20.6", null, "0500000US12117", "Seminole County, Florida", "12", "117"], ["113104", null, "*", "23.6", null, "*", "23.6", null, "*", "22.5", null, null, "1.1", null, null, "0.0", null, null, "76.4", null, "*", "26701", null, "*", "4.7", null, null, "56517", null, "*", "24.4", null, null, "24.4", null, null, "23.5", null, null, "2153", null, "*", "61.1", null, null, "5694", null, null, "76.9", null, "*", "24403", null, "*", "74.8", null, null, "6.2", null, null, "0.2", null, null, "0.8", null, null, "7.1", null, null, "10.9", null, null, "24.8", null, "*", "25437", null, "*", "30.0", null, null, "22.3", null, "*", "26.4", null, null, "9.1", null, null, "12.2", null, null, "25437", null, "*", "1.4", null, null, "7.2", null, "*", "4.3", null, "*", "2.0", null, null, "16.2", null, null, "5.7", null, null, "1.7", null, null, "5.8", null, "*", "11.4", null, null, "20.4", null, null, "11.5", null, null, "7.2", null, null, "5.4", null, null, "25437", null, "*", "80.9", null, null, "10.9", null, null, "8.0", null, null, "0.2", null, null, "54636", null, "*", "3.8", null, null, "2.7", null, null, "7.0", null, "*", "8.9", null, null, "14.2", null, "*", "18.2", null, null, "15.9", null, null, "17.5", null, null, "5.9", null, null, "5.9", null, null, "67228", null, "*", "86559", null, "*", "34.1", null, null, "67182", null, "*", "77.2", null, "*", "30839", null, null, "49.5", null, "*", "41250", null, "*", "3.4", null, null, "14794", null, null, "1.0", null, null, "3336", null, null, "4.8", null, null, "36291", null, "*", "2.1", null, null, "1.0", null, null, "3.4", null, "*", "6.4", null, null, "12.5", null, "*", "19.4", null, null, "18.0", null, null, "22.2", null, null, "8.0", null, null, "7.1", null, null, "81557", null, "*", "99449", null, "*", "40936", null, "*", "18345", null, "*", "41321", null, "*", "60521", null, null, "28166", null, "*", "47073", null, null, "42253", null, null, "111788", null, "*", "93.8", null, null, "67.8", null, "*", "67.5", null, "*", "6.2", null, null, "9582", null, "*", "14.2", null, "*", "35449", null, "*", "20893", null, "*", "19892", null, "*", "85.1", null, null, "79.3", null, "*", "7.9", null, "*", "14.9", null, null, "1001", null, null, "45.8", null, "*", "23.6", null, "*", "23.0", null, null, "54.2", null, "*", "14556", null, null, "86.7", null, null, "67.6", null, null, "27.9", null, "*", "13.3", null, null, "5.0", null, null, "20.0", null, "*", "21.7", null, null, "3.6", null, null, "8.3", null, null, "14.3", null, null, "24.9", null, null, "45.4", null, null, "41.5", null, null, "8.8", null, null, "22.6", null, null, "22.6", null, null, "33.7", null, null, "19.0", null, null, "7.7", null, null, "13.0", null, null, "4.8", null, null, "6.4", null, null, "18.6", null, "*", "128989", null, "25.1", null, "25.0", null, "23.6", null, "1.4", null, "0.1", null, "74.9", null, "32301", null, "5.7", null, "64853", null, "24.4", null, "24.4", null, "22.7", null, "2839", null, "57.5", null, "6165", null, "64.1", null, "29850", null, "71.1", null, "7.5", null, "0.2", null, "1.5", null, "6.4", null, "13.3", null, "28.0", null, "30456", null, "34.1", null, "18.1", null, "25.6", null, "10.7", null, "11.5", null, "30456", null, "1.5", null, "10.1", null, "6.5", null, "1.8", null, "14.3", null, "4.5", null, "0.9", null, "8.8", null, "11.5", null, "18.0", null, "12.1", null, "5.5", null, "4.4", null, "30456", null, "81.6", null, "10.5", null, "6.1", null, "1.8", null, "66941", null, "3.8", null, "2.2", null, "5.3", null, "8.4", null, "11.6", null, "19.9", null, "16.0", null, "19.2", null, "6.9", null, "6.7", null, "73297", null, "93594", null, "35.5", null, "74455", null, "74.7", null, "30717", null, "62.3", null, "45625", null, "4.1", null, "12434", null, "0.8", null, "3222", null, "5.3", null, "43817", null, "2.9", null, "1.4", null, "2.5", null, "4.9", null, "9.9", null, "19.5", null, "17.3", null, "24.2", null, "8.8", null, "8.8", null, "88255", null, "107291", null, "46555", null, "23124", null, "48360", null, "65612", null, "33067", null, "52963", null, "43207", null, "129475", null, "94.8", null, "60.2", null, "71.1", null, "5.2", null, "10159", null, "7.3", null, "40504", null, "25204", null, "23710", null, "84.8", null, "75.7", null, "12.8", null, "15.2", null, "1494", null, "77.2", null, "43.1", null, "35.6", null, "22.8", null, "15300", null, "88.5", null, "63.4", null, "32.6", null, "11.5", null, "6.0", null, "29.2", null, "20.9", null, "3.5", null, "14.1", null, "10.4", null, "31.8", null, "61.1", null, "67.0", null, "9.1", null, "30.3", null, "30.0", null, "42.3", null, "25.8", null, "7.4", null, "13.0", null, "4.4", null, "7.5", null, "14.6", null, "0500000US12119", "Sumter County, Florida", "12", "119"], ["35583", null, "*", "51.0", null, null, "51.0", null, null, "47.3", null, null, "3.7", null, null, "0.0", null, null, "49.0", null, null, "18140", null, null, "7.3", null, null, "17300", null, null, "44.2", null, "*", "44.2", null, "*", "41.3", null, "*", "2548", null, null, "62.4", null, "*", "6333", null, null, "65.9", null, "*", "16349", null, null, "77.2", null, null, "14.0", null, null, "0.0", null, null, "2.4", null, null, "2.6", null, null, "3.9", null, null, "27.0", null, null, "16817", null, null, "25.4", null, "*", "26.5", null, "*", "18.2", null, null, "14.2", null, null, "15.6", null, null, "16817", null, null, "6.3", null, "*", "8.4", null, null, "6.3", null, null, "2.3", null, null, "14.0", null, null, "5.1", null, "*", "1.6", null, "*", "5.5", null, null, "7.0", null, null, "19.2", null, null, "7.6", null, null, "6.3", null, null, "10.5", null, "*", "16817", null, null, "75.1", null, null, "18.1", null, null, "6.6", null, null, "0.2", null, null, "15083", null, null, "6.5", null, null, "7.4", null, "*", "9.4", null, null, "10.1", null, null, "15.5", null, null, "18.3", null, null, "12.7", null, null, "14.2", null, null, "2.3", null, null, "3.6", null, null, "51961", null, null, "70163", null, null, "67.7", null, null, "70740", null, null, "44.0", null, "*", "22469", null, "*", "23.4", null, "*", "26443", null, null, "10.4", null, null, "11211", null, null, "2.3", null, "*", "2918", null, null, "23.6", null, "*", "10735", null, null, "2.4", null, "*", "5.3", null, "*", "6.8", null, null, "9.8", null, null, "15.9", null, null, "21.3", null, null, "14.4", null, null, "16.8", null, null, "2.6", null, null, "4.7", null, null, "60274", null, null, "81493", null, null, "26483", null, null, "4348", null, null, "26905", null, null, "38759", null, null, "31271", null, null, "44684", null, null, "35521", null, "*", "42426", null, "*", "86.1", null, null, "54.9", null, null, "47.1", null, null, "13.9", null, null, "9766", null, null, "7.4", null, null, "24182", null, null, "16516", null, null, "15459", null, null, "81.3", null, null, "69.4", null, null, "15.6", null, null, "18.7", null, null, "1057", null, null, "65.6", null, null, "38.4", null, null, "28.4", null, null, "34.4", null, null, "7666", null, null, "77.1", null, null, "39.9", null, null, "46.9", null, "*", "22.9", null, null, "13.3", null, null, "25.8", null, null, "16.2", null, null, "8.7", null, null, "17.1", null, null, "13.0", null, null, "29.6", null, null, "46.6", null, null, "36.5", null, null, "17.8", null, null, "30.5", null, "*", "30.3", null, "*", "28.2", null, null, "30.9", null, "*", "14.3", null, null, "17.0", null, null, "6.2", null, "*", "14.9", null, null, "33.7", null, null, "36498", null, "50.4", null, "50.4", null, "47.5", null, "2.9", null, "0.0", null, "49.6", null, "18390", null, "5.7", null, "17606", null, "50.2", null, "50.2", null, "48.0", null, "2230", null, "77.9", null, "5872", null, "75.7", null, "17097", null, "80.4", null, "9.8", null, "0.1", null, "2.5", null, "1.2", null, "6.0", null, "28.7", null, "17343", null, "30.7", null, "19.0", null, "20.4", null, "13.4", null, "16.5", null, "17343", null, "3.3", null, "9.0", null, "6.5", null, "1.7", null, "18.5", null, "9.0", null, "0.0", null, "4.1", null, "7.1", null, "20.1", null, "10.6", null, "4.1", null, "6.0", null, "17343", null, "75.8", null, "18.1", null, "6.0", null, "0.1", null, "15567", null, "5.6", null, "4.6", null, "11.4", null, "10.2", null, "13.6", null, "19.9", null, "13.0", null, "13.7", null, "3.4", null, "4.6", null, "55479", null, "70930", null, "64.9", null, "73224", null, "49.1", null, "20402", null, "29.4", null, "23839", null, "9.5", null, "11968", null, "5.5", null, "3169", null, "15.4", null, "11067", null, "4.5", null, "1.6", null, "9.9", null, "8.4", null, "13.4", null, "21.5", null, "13.5", null, "17.8", null, "4.4", null, "5.0", null, "64035", null, "78957", null, "26484", null, "4500", null, "33257", null, "45446", null, "32390", null, "43612", null, "42350", null, "42682", null, "88.1", null, "55.9", null, "48.2", null, "11.9", null, "10059", null, "6.1", null, "23707", null, "16619", null, "15849", null, "83.3", null, "73.3", null, "14.1", null, "16.7", null, "770", null, "77.5", null, "33.0", null, "44.5", null, "22.5", null, "7088", null, "77.4", null, "32.6", null, "56.4", null, "22.6", null, "10.8", null, "18.6", null, "30.3", null, "6.0", null, "11.2", null, "12.4", null, "28.9", null, "40.1", null, "62.7", null, "14.2", null, "18.0", null, "17.8", null, "16.2", null, "18.3", null, "13.1", null, "13.6", null, "11.7", null, "11.4", null, "28.0", null, "0500000US12121", "Suwannee County, Florida", "12", "121"], ["18353", null, "*", "37.7", null, null, "37.7", null, null, "35.3", null, null, "2.4", null, null, "0.0", null, null, "62.3", null, null, "6918", null, null, "6.2", null, null, "7932", null, "*", "43.0", null, null, "43.0", null, null, "40.8", null, null, "894", null, "*", "55.4", null, null, "2375", null, null, "65.3", null, "*", "6380", null, null, "82.1", null, null, "13.6", null, null, "0.0", null, null, "0.9", null, null, "2.6", null, null, "0.9", null, "*", "23.2", null, null, "6486", null, null, "24.8", null, "*", "22.2", null, null, "22.2", null, null, "13.2", null, null, "17.6", null, null, "6486", null, null, "3.0", null, null, "8.0", null, null, "13.7", null, null, "2.0", null, null, "13.7", null, null, "2.3", null, "*", "0.4", null, null, "4.7", null, null, "4.4", null, null, "20.1", null, null, "11.3", null, null, "6.7", null, null, "9.7", null, null, "6486", null, null, "74.3", null, null, "19.9", null, null, "5.8", null, null, "0.0", null, null, "7356", null, null, "4.2", null, null, "6.4", null, null, "12.2", null, null, "14.1", null, null, "16.8", null, null, "17.8", null, null, "12.6", null, null, "10.1", null, null, "4.5", null, null, "1.3", null, "*", "44959", null, null, "59699", null, null, "65.1", null, "*", "58895", null, "*", "51.3", null, "*", "21010", null, null, "21.5", null, "*", "26599", null, null, "9.5", null, null, "10394", null, null, "2.8", null, "*", "2454", null, null, "21.6", null, null, "5168", null, null, "3.6", null, null, "4.0", null, null, "9.5", null, "*", "10.6", null, null, "17.6", null, null, "20.3", null, null, "14.1", null, null, "13.1", null, null, "5.8", null, null, "1.3", null, "*", "56395", null, null, "67043", null, "*", "20595", null, "*", "2188", null, null, "27409", null, null, "39312", null, null, "31559", null, null, "48077", null, null, "37487", null, null, "18239", null, "*", "89.1", null, null, "57.4", null, null, "46.6", null, null, "10.9", null, null, "4465", null, "*", "4.6", null, null, "9764", null, null, "6389", null, null, "5982", null, null, "81.6", null, null, "72.0", null, null, "11.7", null, null, "18.4", null, null, "407", null, null, "75.7", null, null, "48.4", null, null, "27.3", null, null, "24.3", null, null, "3375", null, null, "82.5", null, null, "45.2", null, null, "46.8", null, null, "17.5", null, null, "16.6", null, null, "24.1", null, null, "20.1", null, null, "9.8", null, null, "12.6", null, null, "0.0", null, null, "40.8", null, null, "50.1", null, null, "100.0", null, null, "19.8", null, null, "28.3", null, null, "28.3", null, null, "28.1", null, null, "28.3", null, null, "17.3", null, null, "19.5", null, null, "11.8", null, null, "17.9", null, null, "29.4", null, null, "17741", null, "40.3", null, "40.2", null, "38.1", null, "2.1", null, "0.1", null, "59.7", null, "7130", null, "5.1", null, "8174", null, "45.5", null, "45.5", null, "43.6", null, "1188", null, "61.4", null, "2534", null, "80.5", null, "6581", null, "79.6", null, "10.3", null, "0.0", null, "1.7", null, "2.1", null, "6.2", null, "20.6", null, "6766", null, "34.8", null, "19.7", null, "17.5", null, "11.0", null, "17.0", null, "6766", null, "1.2", null, "8.2", null, "11.0", null, "0.7", null, "14.5", null, "7.3", null, "1.1", null, "4.4", null, "5.6", null, "19.2", null, "12.6", null, "6.3", null, "7.9", null, "6766", null, "71.7", null, "22.4", null, "5.8", null, "0.0", null, "7571", null, "5.1", null, "5.5", null, "12.2", null, "17.1", null, "14.8", null, "17.9", null, "9.6", null, "9.3", null, "4.9", null, "3.5", null, "44985", null, "74020", null, "59.2", null, "88932", null, "42.7", null, "22683", null, "29.9", null, "21144", null, "8.5", null, "10421", null, "0.8", null, "7425", null, "18.0", null, "5060", null, "3.6", null, "4.6", null, "4.3", null, "15.0", null, "16.6", null, "21.3", null, "11.3", null, "11.4", null, "6.6", null, "5.3", null, "54873", null, "91761", null, "26808", null, "2511", null, "27797", null, "34499", null, "34306", null, "49549", null, "40833", null, "18675", null, "90.5", null, "52.4", null, "51.9", null, "9.5", null, "4814", null, "2.2", null, "9707", null, "6438", null, "6131", null, "87.1", null, "75.6", null, "14.6", null, "12.9", null, "307", null, "72.0", null, "25.7", null, "51.5", null, "28.0", null, "3269", null, "77.2", null, "42.8", null, "48.9", null, "22.8", null, "14.5", null, "21.5", null, "30.6", null, "8.4", null, "9.9", null, "0.0", null, "29.7", null, "34.6", null, "73.0", null, "17.3", null, "24.1", null, "23.9", null, "44.4", null, "18.1", null, "15.3", null, "17.5", null, "10.1", null, "15.0", null, "28.1", null, "0500000US12123", "Taylor County, Florida", "12", "123"], ["12682", null, null, "32.2", null, null, "32.2", null, null, "29.4", null, "*", "2.8", null, "*", "0.0", null, "*", "67.8", null, null, "4080", null, null, "8.7", null, "*", "4030", null, null, "54.6", null, "*", "54.6", null, "*", "50.4", null, "*", "1020", null, null, "60.5", null, null, "1700", null, null, "61.1", null, null, "3662", null, "*", "78.3", null, "*", "11.6", null, null, "1.7", null, null, "2.9", null, "*", "1.7", null, null, "3.7", null, null, "22.6", null, "*", "3724", null, "*", "26.6", null, null, "28.5", null, "*", "18.8", null, null, "8.3", null, null, "17.8", null, null, "3724", null, "*", "5.1", null, "*", "5.7", null, null, "4.9", null, null, "1.9", null, null, "10.2", null, "*", "7.6", null, null, "0.6", null, null, "5.6", null, null, "6.3", null, null, "22.0", null, null, "7.0", null, null, "5.0", null, null, "18.2", null, null, "3724", null, "*", "60.6", null, null, "32.7", null, null, "6.3", null, null, "0.5", null, null, "3892", null, null, "7.8", null, null, "5.0", null, null, "10.5", null, null, "7.1", null, null, "16.6", null, null, "21.3", null, null, "11.8", null, null, "14.5", null, null, "2.6", null, "*", "2.8", null, null, "50846", null, "*", "71128", null, null, "73.6", null, null, "62147", null, "*", "36.5", null, null, "21672", null, null, "22.2", null, null, "24284", null, null, "7.0", null, null, "11160", null, null, "2.9", null, null, "1893", null, null, "20.3", null, null, "2698", null, null, "8.2", null, null, "2.9", null, null, "5.5", null, null, "5.5", null, null, "16.3", null, null, "23.8", null, null, "14.4", null, null, "17.9", null, null, "3.5", null, null, "2.0", null, "*", "62473", null, "*", "79452", null, null, "18837", null, null, "1194", null, null, "33475", null, null, "46622", null, null, "29913", null, "*", "43989", null, null, "40675", null, null, "9724", null, "*", "87.6", null, null, "62.4", null, null, "38.7", null, "*", "12.4", null, null, "2994", null, "*", "6.4", null, "*", "5214", null, null, "3681", null, null, "3346", null, "*", "82.5", null, null, "77.2", null, null, "7.2", null, null, "17.5", null, null, "335", null, "*", "49.0", null, null, "24.2", null, null, "26.6", null, null, "51.0", null, null, "1533", null, null, "83.3", null, null, "51.1", null, null, "40.3", null, null, "16.7", null, null, "17.6", null, null, "28.3", null, "*", "48.5", null, "*", "6.9", null, null, "11.8", null, null, "10.0", null, null, "45.2", null, null, "60.2", null, "*", "78.3", null, null, "22.0", null, null, "34.2", null, null, "33.3", null, null, "42.4", null, null, "29.3", null, null, "16.9", null, null, "19.4", null, null, "8.2", null, null, "20.2", null, null, "31.4", null, null, "12696", null, "36.1", null, "35.3", null, "34.2", null, "1.2", null, "0.8", null, "63.9", null, "4487", null, "3.3", null, "4144", null, "44.2", null, "43.9", null, "42.9", null, "976", null, "56.4", null, "1913", null, "57.4", null, "4411", null, "84.1", null, "8.3", null, "0.0", null, "0.5", null, "0.5", null, "6.6", null, "35.6", null, "4338", null, "31.4", null, "21.6", null, "20.3", null, "10.9", null, "15.7", null, "4338", null, "0.6", null, "8.5", null, "4.9", null, "1.7", null, "16.0", null, "8.8", null, "0.5", null, "4.7", null, "7.6", null, "24.1", null, "6.2", null, "3.4", null, "12.9", null, "4338", null, "66.2", null, "28.9", null, "4.9", null, "0.0", null, "4192", null, "6.8", null, "2.8", null, "8.1", null, "7.0", null, "16.1", null, "15.6", null, "14.8", null, "17.9", null, "6.3", null, "4.7", null, "64922", null, "83228", null, "73.9", null, "85917", null, "32.9", null, "21975", null, "26.8", null, "24595", null, "5.4", null, "10041", null, "2.2", null, "1702", null, "19.4", null, "2932", null, "6.3", null, "2.2", null, "6.1", null, "2.8", null, "13.0", null, "19.6", null, "15.2", null, "22.4", null, "6.7", null, "5.6", null, "74864", null, "93900", null, "22599", null, "1260", null, "36619", null, "53490", null, "38794", null, "52415", null, "42604", null, "10727", null, "90.4", null, "61.4", null, "44.8", null, "9.6", null, "3411", null, "2.3", null, "5576", null, "4073", null, "3931", null, "86.1", null, "81.9", null, "10.8", null, "13.9", null, "142", null, "73.2", null, "22.5", null, "61.3", null, "26.8", null, "1503", null, "76.0", null, "43.9", null, "42.8", null, "24.0", null, "13.5", null, "18.5", null, "12.7", null, "6.0", null, "7.1", null, "7.1", null, "31.7", null, "37.3", null, "75.0", null, "18.7", null, "27.0", null, "25.8", null, "24.1", null, "26.5", null, "15.2", null, "16.6", null, "10.2", null, "16.4", null, "29.6", null, "0500000US12125", "Union County, Florida", "12", "125"], ["444927", null, "*", "52.4", null, "*", "52.4", null, "*", "49.4", null, "*", "2.9", null, "*", "0.0", null, "*", "47.6", null, "*", "233026", null, "*", "5.6", null, "*", "229480", null, "*", "48.8", null, "*", "48.8", null, "*", "46.2", null, "*", "28378", null, null, "62.8", null, "*", "60600", null, "*", "68.3", null, "*", "216779", null, "*", "80.7", null, "*", "8.2", null, null, "1.0", null, "*", "1.2", null, null, "2.4", null, null, "6.4", null, "*", "25.7", null, "*", "220015", null, "*", "31.7", null, "*", "20.6", null, "*", "25.8", null, "*", "10.8", null, "*", "11.1", null, null, "220015", null, "*", "0.8", null, null, "8.4", null, null, "6.1", null, null, "2.4", null, null, "13.8", null, null, "5.0", null, null, "1.9", null, "*", "7.1", null, null, "11.0", null, "*", "21.8", null, null, "12.1", null, "*", "5.1", null, null, "4.4", null, null, "220015", null, "*", "83.2", null, null, "11.0", null, null, "5.7", null, null, "0.1", null, null, "212985", null, "*", "5.8", null, "*", "3.7", null, null, "9.5", null, "*", "10.8", null, "*", "14.8", null, "*", "18.0", null, null, "13.1", null, "*", "13.9", null, "*", "5.4", null, "*", "5.0", null, "*", "56921", null, "*", "77965", null, "*", "65.7", null, "*", "78420", null, "*", "43.5", null, null, "24395", null, null, "24.3", null, "*", "31424", null, null, "5.2", null, null, "13524", null, "*", "2.1", null, null, "3453", null, null, "13.8", null, "*", "130030", null, "*", "3.5", null, null, "1.6", null, null, "5.3", null, "*", "8.1", null, "*", "13.5", null, null, "19.7", null, null, "16.0", null, null, "18.0", null, "*", "7.4", null, null, "7.0", null, "*", "72446", null, "*", "93658", null, "*", "33198", null, "*", "82955", null, "*", "35540", null, "*", "50637", null, "*", "35082", null, "*", "49879", null, "*", "43041", null, "*", "522429", null, "*", "87.5", null, "*", "61.8", null, "*", "41.6", null, null, "12.5", null, "*", "100378", null, "*", "6.6", null, null, "299097", null, "*", "212570", null, "*", "201075", null, "*", "81.8", null, "*", "75.9", null, "*", "8.5", null, null, "18.2", null, "*", "11495", null, "*", "58.0", null, null, "36.4", null, null, "25.6", null, null, "42.0", null, null, "86527", null, "*", "81.0", null, "*", "49.7", null, "*", "39.2", null, null, "19.0", null, "*", "9.7", null, "*", "18.0", null, "*", "19.9", null, null, "5.4", null, "*", "8.5", null, "*", "7.4", null, "*", "24.5", null, "*", "35.3", null, "*", "42.4", null, null, "15.2", null, "*", "21.8", null, "*", "21.5", null, "*", "25.7", null, "*", "19.9", null, "*", "13.8", null, "*", "15.7", null, "*", "9.2", null, null, "11.4", null, "*", "28.0", null, "*", "480599", null, "54.4", null, "54.2", null, "52.0", null, "2.2", null, "0.1", null, "45.6", null, "260546", null, "4.0", null, "247115", null, "51.3", null, "51.3", null, "49.3", null, "28848", null, "70.4", null, "64371", null, "73.9", null, "247093", null, "74.7", null, "8.7", null, "0.5", null, "1.1", null, "2.2", null, "12.9", null, "27.1", null, "250115", null, "36.6", null, "18.9", null, "24.1", null, "9.6", null, "10.8", null, "250115", null, "0.7", null, "8.6", null, "5.7", null, "2.2", null, "13.2", null, "5.5", null, "1.5", null, "7.8", null, "13.0", null, "21.7", null, "11.0", null, "4.9", null, "4.1", null, "250115", null, "83.2", null, "10.4", null, "6.2", null, "0.2", null, "237396", null, "4.8", null, "3.7", null, "7.5", null, "8.5", null, "12.9", null, "18.2", null, "15.0", null, "16.6", null, "6.2", null, "6.5", null, "66581", null, "87233", null, "68.0", null, "86944", null, "43.3", null, "24254", null, "29.8", null, "31942", null, "5.3", null, "12089", null, "2.1", null, "3678", null, "12.3", null, "148881", null, "3.1", null, "1.9", null, "4.0", null, "6.3", null, "12.4", null, "18.8", null, "16.7", null, "20.3", null, "7.8", null, "8.8", null, "79459", null, "101384", null, "37171", null, "88515", null, "41946", null, "58787", null, "39583", null, "53655", null, "45311", null, "560338", null, "89.0", null, "63.4", null, "41.8", null, "11.0", null, "106376", null, "7.9", null, "315282", null, "233692", null, "224695", null, "84.2", null, "77.7", null, "9.3", null, "15.8", null, "8997", null, "62.9", null, "39.0", null, "28.6", null, "37.1", null, "81590", null, "82.8", null, "53.2", null, "37.7", null, "17.2", null, "8.1", null, "13.6", null, "14.4", null, "4.6", null, "5.0", null, "2.1", null, "20.4", null, "29.6", null, "39.4", null, "12.2", null, "17.3", null, "16.8", null, "20.5", null, "15.5", null, "11.2", null, "11.8", null, "9.7", null, "8.9", null, "23.5", null, "0500000US12127", "Volusia County, Florida", "12", "127"], ["25829", null, "*", "54.9", null, null, "54.5", null, null, "51.6", null, "*", "2.8", null, null, "0.4", null, null, "45.1", null, null, "14064", null, "*", "5.2", null, "*", "11412", null, "*", "60.1", null, null, "60.1", null, null, "57.0", null, null, "1755", null, "*", "65.5", null, "*", "4724", null, null, "76.5", null, null, "13265", null, "*", "84.3", null, null, "10.3", null, null, "0.0", null, null, "1.4", null, null, "0.4", null, null, "3.5", null, "*", "33.9", null, null, "13328", null, "*", "37.4", null, null, "19.6", null, null, "22.5", null, null, "13.4", null, null, "7.1", null, null, "13328", null, "*", "1.1", null, null, "8.7", null, null, "4.8", null, null, "1.3", null, null, "9.1", null, "*", "4.3", null, null, "1.4", null, null, "6.9", null, null, "10.5", null, null, "22.5", null, null, "7.1", null, null, "5.8", null, null, "16.7", null, null, "13328", null, "*", "61.5", null, null, "31.8", null, null, "6.5", null, null, "0.2", null, null, "11068", null, "*", "3.7", null, null, "2.5", null, null, "6.7", null, null, "7.3", null, null, "12.3", null, "*", "15.8", null, "*", "19.8", null, null, "21.5", null, null, "4.9", null, "*", "5.3", null, null, "76419", null, null, "84936", null, null, "75.6", null, null, "87661", null, null, "34.0", null, null, "21859", null, null, "22.6", null, "*", "32611", null, null, "5.4", null, null, "9680", null, null, "2.0", null, "*", "1538", null, "*", "12.7", null, null, "8047", null, null, "2.9", null, null, "0.1", null, "*", "5.2", null, null, "4.9", null, null, "11.0", null, null, "13.4", null, "*", "24.7", null, "*", "25.1", null, null, "6.2", null, "*", "6.5", null, null, "85136", null, null, "95549", null, "*", "29607", null, "*", "3021", null, "*", "45439", null, null, "50582", null, null, "42552", null, null, "57878", null, null, "47894", null, null, "28299", null, "*", "91.0", null, null, "72.1", null, null, "33.3", null, null, "9.0", null, null, "7091", null, "*", "2.7", null, null, "16856", null, "*", "13067", null, "*", "12454", null, "*", "88.6", null, null, "83.8", null, null, "8.5", null, null, "11.4", null, null, "613", null, null, "49.1", null, null, "29.2", null, null, "22.3", null, null, "50.9", null, null, "3789", null, null, "84.5", null, null, "49.7", null, "*", "43.2", null, null, "15.5", null, null, "7.4", null, null, "12.9", null, null, "15.8", null, null, "4.3", null, null, "7.1", null, null, "10.2", null, null, "18.3", null, null, "36.6", null, "*", "29.5", null, null, "11.5", null, "*", "14.5", null, "*", "14.1", null, "*", "11.9", null, null, "14.8", null, "*", "10.6", null, "*", "10.9", null, "*", "9.3", null, null, "8.4", null, "*", "29.0", null, "*", "28439", null, "57.5", null, "57.5", null, "55.7", null, "1.8", null, "0.0", null, "42.5", null, "16352", null, "3.1", null, "12830", null, "59.1", null, "59.1", null, "57.1", null, "2104", null, "80.5", null, "4353", null, "80.3", null, "15600", null, "82.7", null, "8.9", null, "0.0", null, "0.4", null, "1.0", null, "7.0", null, "33.0", null, "15839", null, "37.7", null, "17.3", null, "24.5", null, "12.1", null, "8.4", null, "15839", null, "0.4", null, "10.7", null, "5.6", null, "1.6", null, "13.8", null, "4.0", null, "0.7", null, "5.3", null, "8.7", null, "18.8", null, "7.5", null, "4.2", null, "18.7", null, "15839", null, "60.4", null, "30.3", null, "9.3", null, "0.0", null, "12187", null, "2.6", null, "2.4", null, "7.9", null, "8.2", null, "8.8", null, "21.7", null, "16.3", null, "18.4", null, "8.7", null, "5.1", null, "74183", null, "92491", null, "75.4", null, "94422", null, "35.8", null, "23472", null, "31.8", null, "27742", null, "4.7", null, "10505", null, "5.6", null, "2751", null, "12.1", null, "8436", null, "1.5", null, "1.0", null, "3.5", null, "6.2", null, "7.8", null, "19.7", null, "19.1", null, "23.7", null, "11.4", null, "5.9", null, "85783", null, "107484", null, "32920", null, "3751", null, "41027", null, "51216", null, "42872", null, "56909", null, "48056", null, "31759", null, "93.4", null, "76.0", null, "34.2", null, "6.6", null, "7426", null, "4.3", null, "18737", null, "15110", null, "14726", null, "92.4", null, "87.6", null, "11.1", null, "7.6", null, "384", null, "62.8", null, "33.6", null, "29.2", null, "37.2", null, "3627", null, "86.9", null, "61.9", null, "37.8", null, "13.1", null, "4.3", null, "6.9", null, "17.5", null, "2.7", null, "3.9", null, "1.6", null, "11.4", null, "15.7", null, "76.8", null, "5.6", null, "6.5", null, "5.9", null, "12.8", null, "3.6", null, "5.3", null, "4.7", null, "7.3", null, "4.2", null, "12.9", null, "0500000US12129", "Wakulla County, Florida", "12", "129"], ["53932", null, "*", "57.9", null, null, "57.5", null, null, "54.5", null, null, "3.0", null, null, "0.4", null, null, "42.1", null, null, "31015", null, "*", "5.2", null, null, "26635", null, "*", "54.7", null, null, "54.3", null, null, "51.0", null, null, "4103", null, "*", "57.3", null, null, "8322", null, "*", "65.6", null, null, "28839", null, "*", "79.3", null, "*", "9.2", null, "*", "0.3", null, null, "1.1", null, null, "2.1", null, null, "7.8", null, "*", "28.2", null, null, "29404", null, "*", "37.0", null, null, "20.9", null, "*", "24.0", null, null, "11.0", null, null, "7.1", null, "*", "29404", null, "*", "0.9", null, "*", "11.7", null, null, "4.4", null, null, "1.7", null, "*", "11.9", null, null, "4.2", null, "*", "1.1", null, null, "8.9", null, null, "14.7", null, null, "16.2", null, null, "14.7", null, "*", "4.2", null, null, "5.6", null, null, "29404", null, "*", "77.8", null, null, "13.2", null, null, "8.8", null, null, "0.2", null, null, "26432", null, "*", "4.2", null, null, "4.1", null, "*", "8.8", null, "*", "8.7", null, "*", "11.6", null, null, "18.3", null, null, "11.3", null, null, "15.8", null, null, "7.7", null, null, "9.5", null, "*", "65472", null, "*", "99756", null, "*", "73.2", null, null, "95205", null, "*", "39.4", null, "*", "23416", null, "*", "24.0", null, "*", "36669", null, null, "5.2", null, null, "11991", null, null, "1.5", null, null, "3098", null, null, "10.6", null, null, "17621", null, "*", "3.0", null, null, "2.5", null, "*", "6.2", null, null, "6.2", null, "*", "10.1", null, null, "18.9", null, "*", "12.0", null, null, "19.0", null, null, "10.4", null, null, "11.7", null, "*", "82058", null, "*", "116363", null, "*", "41061", null, "*", "8811", null, "*", "39870", null, "*", "63646", null, null, "36122", null, "*", "50388", null, "*", "44192", null, "*", "63776", null, "*", "86.5", null, null, "66.0", null, null, "36.9", null, null, "13.5", null, null, "14240", null, "*", "6.9", null, "*", "36968", null, "*", "27913", null, "*", "26485", null, "*", "79.6", null, null, "74.2", null, null, "8.5", null, null, "20.4", null, null, "1428", null, null, "58.1", null, null, "39.1", null, null, "24.4", null, null, "41.9", null, null, "9055", null, "*", "82.5", null, null, "56.5", null, null, "33.5", null, null, "17.5", null, null, "10.5", null, null, "22.7", null, "*", "15.0", null, null, "5.3", null, null, "11.8", null, null, "6.9", null, null, "32.6", null, "*", "46.5", null, "*", "40.8", null, null, "14.7", null, "*", "26.2", null, "*", "26.1", null, "*", "24.5", null, null, "26.8", null, "*", "11.7", null, "*", "13.5", null, "*", "6.2", null, null, "13.1", null, "*", "21.3", null, null, "65078", null, "59.4", null, "59.0", null, "55.9", null, "3.1", null, "0.4", null, "40.6", null, "38398", null, "5.2", null, "32293", null, "53.2", null, "52.7", null, "50.7", null, "5400", null, "67.9", null, "10156", null, "71.9", null, "35859", null, "69.8", null, "11.8", null, "0.2", null, "1.4", null, "1.9", null, "14.8", null, "29.0", null, "36393", null, "34.9", null, "18.0", null, "26.3", null, "10.8", null, "9.9", null, "36393", null, "0.4", null, "11.2", null, "3.5", null, "4.5", null, "12.7", null, "6.2", null, "1.0", null, "8.7", null, "15.4", null, "13.7", null, "12.0", null, "4.3", null, "6.5", null, "36393", null, "78.9", null, "12.3", null, "8.7", null, "0.1", null, "32659", null, "4.2", null, "2.9", null, "6.1", null, "5.8", null, "12.2", null, "16.6", null, "13.7", null, "17.4", null, "8.2", null, "13.0", null, "79281", null, "120486", null, "74.9", null, "112035", null, "35.8", null, "25323", null, "29.9", null, "42246", null, "4.4", null, "12133", null, "1.8", null, "2595", null, "8.7", null, "22536", null, "2.5", null, "1.2", null, "4.2", null, "3.8", null, "11.1", null, "15.3", null, "14.1", null, "20.3", null, "10.6", null, "17.0", null, "95772", null, "136709", null, "49119", null, "10123", null, "48852", null, "69750", null, "43289", null, "59126", null, "52885", null, "78060", null, "85.9", null, "64.1", null, "36.2", null, "14.1", null, "17293", null, "14.6", null, "45430", null, "34405", null, "32585", null, "82.4", null, "76.7", null, "8.6", null, "17.6", null, "1820", null, "50.9", null, "27.1", null, "25.5", null, "49.1", null, "11025", null, "84.1", null, "57.4", null, "33.3", null, "15.9", null, "8.2", null, "14.8", null, "14.0", null, "5.4", null, "9.5", null, "12.9", null, "20.6", null, "28.6", null, "25.3", null, "11.4", null, "18.3", null, "17.8", null, "21.3", null, "16.5", null, "9.6", null, "10.1", null, "8.2", null, "9.3", null, "21.1", null, "0500000US12131", "Walton County, Florida", "12", "131"], ["20237", null, "*", "46.2", null, null, "46.2", null, null, "42.1", null, null, "4.0", null, "*", "0.1", null, null, "53.8", null, null, "9342", null, null, "8.7", null, "*", "9125", null, "*", "49.0", null, null, "49.0", null, null, "44.8", null, null, "1557", null, null, "52.5", null, null, "3017", null, "*", "62.6", null, null, "8441", null, null, "87.1", null, "*", "7.8", null, null, "0.2", null, null, "0.6", null, null, "1.8", null, null, "2.5", null, "*", "30.8", null, "*", "8527", null, null, "27.5", null, null, "23.1", null, null, "20.5", null, null, "16.0", null, null, "12.9", null, "*", "8527", null, null, "2.6", null, "*", "13.6", null, null, "4.7", null, null, "1.4", null, null, "11.6", null, null, "5.0", null, null, "1.5", null, null, "3.4", null, "*", "10.4", null, "*", "19.1", null, null, "9.1", null, null, "5.2", null, null, "12.5", null, null, "8527", null, null, "71.3", null, null, "19.9", null, null, "8.6", null, null, "0.1", null, null, "8484", null, "*", "6.4", null, null, "6.4", null, null, "11.8", null, null, "12.0", null, null, "17.1", null, "*", "17.8", null, null, "12.6", null, null, "9.6", null, "*", "3.6", null, null, "2.8", null, null, "45268", null, "*", "61203", null, "*", "64.3", null, null, "65826", null, null, "44.1", null, "*", "21210", null, null, "22.1", null, "*", "21900", null, null, "8.8", null, "*", "11193", null, null, "3.1", null, null, "3555", null, null, "19.6", null, "*", "5775", null, "*", "5.5", null, null, "3.6", null, null, "7.8", null, null, "9.2", null, null, "16.5", null, "*", "20.7", null, null, "16.1", null, null, "12.4", null, "*", "4.5", null, null, "3.8", null, null, "58908", null, null, "71707", null, "*", "22047", null, "*", "2709", null, null, "28045", null, null, "36246", null, null, "31658", null, null, "45685", null, null, "37968", null, null, "21882", null, "*", "87.2", null, null, "57.1", null, null, "46.3", null, null, "12.8", null, null, "5320", null, null, "6.3", null, null, "12386", null, "*", "8486", null, null, "7818", null, null, "83.2", null, null, "72.9", null, null, "12.6", null, null, "16.8", null, null, "668", null, "*", "38.9", null, null, "16.5", null, "*", "25.0", null, null, "61.1", null, null, "3900", null, null, "81.8", null, null, "37.4", null, null, "52.2", null, null, "18.2", null, null, "17.7", null, null, "24.4", null, null, "20.1", null, null, "11.9", null, null, "14.6", null, "*", "13.5", null, null, "33.5", null, null, "45.3", null, null, "67.9", null, "*", "22.4", null, null, "29.5", null, null, "29.2", null, null, "33.2", null, null, "27.8", null, null, "20.4", null, "*", "23.4", null, "*", "11.3", null, null, "19.9", null, null, "34.3", null, null, "20721", null, "45.9", null, "45.6", null, "43.8", null, "1.8", null, "0.3", null, "54.1", null, "9455", null, "4.0", null, "9775", null, "48.2", null, "48.2", null, "46.0", null, "1451", null, "66.4", null, "3350", null, "71.4", null, "8942", null, "82.6", null, "9.2", null, "0.0", null, "0.9", null, "0.9", null, "6.4", null, "33.9", null, "9079", null, "28.8", null, "18.9", null, "19.8", null, "15.2", null, "17.3", null, "9079", null, "0.8", null, "14.5", null, "7.3", null, "1.9", null, "13.4", null, "7.7", null, "1.3", null, "6.4", null, "7.2", null, "16.5", null, "8.5", null, "3.6", null, "10.9", null, "9079", null, "70.0", null, "22.4", null, "7.2", null, "0.3", null, "9282", null, "5.5", null, "5.1", null, "11.5", null, "13.6", null, "12.2", null, "20.7", null, "11.0", null, "12.7", null, "3.9", null, "3.8", null, "52723", null, "67695", null, "67.0", null, "71178", null, "40.4", null, "22413", null, "25.7", null, "24852", null, "5.7", null, "11826", null, "2.8", null, "1784", null, "12.5", null, "6293", null, "5.4", null, "3.2", null, "5.8", null, "9.0", null, "10.5", null, "24.2", null, "13.9", null, "17.0", null, "6.6", null, "4.4", null, "64620", null, "80503", null, "26233", null, "2989", null, "30684", null, "36691", null, "34354", null, "51676", null, "36984", null, "22682", null, "85.6", null, "56.8", null, "43.3", null, "14.4", null, "5253", null, "10.7", null, "12962", null, "8821", null, "8457", null, "81.3", null, "74.3", null, "11.8", null, "18.7", null, "364", null, "53.0", null, "41.2", null, "14.6", null, "47.0", null, "4141", null, "78.2", null, "40.1", null, "47.5", null, "21.8", null, "14.6", null, "20.4", null, "6.5", null, "8.6", null, "7.8", null, "0.5", null, "33.4", null, "42.9", null, "13.7", null, "18.9", null, "27.6", null, "27.1", null, "30.9", null, "25.9", null, "16.5", null, "16.9", null, "15.3", null, "16.0", null, "31.3", null, "0500000US12133", "Washington County, Florida", "12", "133"]], "url": "https://api.census.gov/data/2023/acs/acs5/cprofile?get=group(CP03)&for=county%3A%2A&in=state%3A12&key=94ade8975eeeac63c2c681c90dbe7bd2fcf861e7", "attempt": 1}}[0m[32;1m[1;3mThought: I now know the final answer
Final Answer: {"census_data":{"success":true,"data":[["CP03_2018_001E","CP03_2018_001EA","CP03_2023to2018_001SS",...,"GEO_ID","NAME","state","county"],["236346",null,"59.9",...,"0500000US12001","Alachua County, Florida","12","001"],["21993",null,"55.4",...,"0500000US12003","Baker County, Florida","12","003"],["147700",null,"62.9",...,"0500000US12005","Bay County, Florida","12","005"],...]},"data_summary":"Complete CP03 economic comparison profile for all Florida counties from the 2023 ACS 5-Year estimates. Data includes employment, labor force participation, unemployment, occupation, industry, income, and related economic indicators for each county.","reasoning_trace":"Resolved Florida's state code, validated CP03 supports county geography, and retrieved the full CP03 comparison profile group for all counties in Florida using the 2023 ACS 5-Year dataset.","answer_text":"Here's the complete CP03 economic comparison profile for all Florida counties, covering employment, labor force participation, unemployment, occupation, industry, income, and more, according to the 2023 ACS 5-Year estimates. The data is provided in full detail for each county and is available for download or further analysis.","charts_needed":[{"type":"bar","title":"Labor Force Participation Rate by Florida County"},{"type":"bar","title":"Median Household Income by Florida County"},{"type":"bar","title":"Unemployment Rate by Florida County"}],"tables_needed":[{"format":"csv","filename":"florida_county_cp03_profile","title":"CP03 Economic Comparison Profile for Florida Counties"}],"footnotes":["Source: U.S. Census Bureau, 2023 American Community Survey 5-Year Estimates.","Margins of error and statistical significance are not shown; refer to Census Bureau documentation for details.","CP03 is the Comparison Profile: Economic Characteristics table, including labor force, employment, occupation, industry, income, and related variables.","Data reflects county-level estimates for all counties in Florida.","This tool is for informational purposes only. Verify critical data at census.gov."]}[0m

[1m> Finished chain.[0m
uv : All parsing methods failed
At C:\Users\johnh\AppData\Local\Temp\ps-script-21719b8c-ec5f-4404-8f12-fbf1290bada3.ps1:86 char:76
+ ... FERED="1" ; uv run python test_florida_cp03.py > test_output.log 2>&1 ...
+                 ~~~~~~~~~~~~~~~~~~~~~~~~~~~~~~~~~~~~~~~~~~~~~~~~~~~~~~~~~
    + CategoryInfo          : NotSpecified: (All parsing methods failed:String) [], RemoteException
    + FullyQualifiedErrorId : NativeCommandError
 
[OK] Agent execution completed without errors

[FAIL] PARSING FAILED
  census_data: {}
  data_summary: Parsing failed - see logs
